******************************************************************************
                  TI ARM Linker PC v17.3.0                     
******************************************************************************
>> Linked Thu May 25 15:25:12 2017

OUTPUT FILE NAME:   <OxiScope_MSP432_v1.3.out>
ENTRY POINT SYMBOL: "_c_int00"  address: 00004631


MEMORY CONFIGURATION

         name            origin    length      used     unused   attr    fill
----------------------  --------  ---------  --------  --------  ----  --------
  MAIN                  00000000   00040000  0000732a  00038cd6  R  X
  INFO                  00200000   00004000  00000000  00004000  R  X
  SRAM_CODE             01000000   00010000  00000000  00010000  RW X
  SRAM_DATA             20000000   00010000  000093cf  00006c31  RW  


SEGMENT ALLOCATION MAP

run origin  load origin   length   init length attrs members
----------  ----------- ---------- ----------- ----- -------
00000000    00000000    00007330   00007330    r-x
  00000000    00000000    0000003c   0000003c    r-- .resetVecs
  00000040    00000040    000069a2   000069a2    r-x .text
  000069e4    000069e4    00000714   00000714    r-- .const
  000070f8    000070f8    00000238   00000238    r-- .cinit
20000140    20000140    00008000   00000000    r--
  20000140    20000140    00008000   00000000    r-- .priheap
20008140    20008140    00000e91   00000000    rw-
  20008140    20008140    000008f6   00000000    rw- .bss
  20008a38    20008a38    00000599   00000000    rw- .data
2000fc00    2000fc00    00000400   00000000    rw-
  2000fc00    2000fc00    00000400   00000000    rw- .stack


SECTION ALLOCATION MAP

 output                                  attributes/
section   page    origin      length       input sections
--------  ----  ----------  ----------   ----------------
.text      0    00000040    000069a2     
                  00000040    00000444     sysbios.aem4f : BIOS.obj (.text:xdc_runtime_System_doPrint__I)
                  00000484    000002d0     drivers_msp432p4xx.aem4f : PowerMSP432.oem4f (.text:Power_sleep)
                  00000754    000002c8                              : UARTMSP432.oem4f (.text:UARTMSP432_open)
                  00000a1c    000002bc     SampandCalc.obj (.text:LightSampThread)
                  00000cd8    00000248     rtsv7M4_T_le_v4SPD16_eabi.lib : vla_alloc.obj (.text)
                  00000f20    000001ce     SampandCalc.obj (.text:Merge)
                  000010ee    000001b6     rtsv7M4_T_le_v4SPD16_eabi.lib : fd_add_t2.obj (.text)
                  000012a4    00000180     SampandCalc.obj (.text:CalcSpO2PRThread)
                  00001424    00000004     dpl_msp432p4xx.aem4f : HwiP_tirtos.oem4f (.text:HwiP_disable)
                  00001428    00000180     sysbios.aem4f : BIOS.obj (.text:mq_open)
                  000015a8    00000178     release_pem4f.oem4f (.text:xdc_runtime_System_printfExtend__I)
                  00001720    00000174     main_tirtos.obj (.text:main)
                  00001894    0000015c     drivers_msp432p4xx.aem4f : GPIOMSP432.oem4f (.text:GPIO_setConfig)
                  000019f0    0000014c                              : PowerMSP432.oem4f (.text:initPerfControl)
                  00001b3c    00000004                              : List.oem4f (.text:List_head)
                  00001b40    00000130     sysbios.aem4f : BIOS.obj (.text:ti_sysbios_knl_Semaphore_pend__E)
                  00001c70    00000118     drivers_msp432p4xx.aem4f : ADCMSP432.oem4f (.text:ADCMSP432_convert)
                  00001d88    00000108     sysbios.aem4f : BIOS.obj (.text:xdc_runtime_Startup_startMods__I)
                  00001e90    000000fc     rtsv7M4_T_le_v4SPD16_eabi.lib : fd_mul_t2.obj (.text)
                  00001f8c    00000004     drivers_msp432p4xx.aem4f : List.oem4f (.text:List_next)
                  00001f90    000000fc     sysbios.aem4f : BIOS.obj (.text:ti_sysbios_family_arm_msp432_init_Boot_configureClocksHigh)
                  0000208c    00000004     dpl_msp432p4xx.aem4f : SystemP_tirtos.oem4f (.text:SystemP_vsnprintf)
                  00002090    000000f4     sysbios.aem4f : BIOS.obj (.text:pthread_create)
                  00002184    000000ec                   : m3_Hwi_asm.obj (.text:ti_sysbios_family_arm_m3_Hwi_dispatch__I)
                  00002270    000000e0     msp432p4xx_driverlib.lib : cs.o (.text:CS_initClockSignal)
                  00002350    000000d8     drivers_msp432p4xx.aem4f : UARTMSP432.oem4f (.text:UARTMSP432_readPolling)
                  00002428    000000d4     sysbios.aem4f : BIOS.obj (.text:ti_sysbios_knl_Mailbox_Instance_init__E)
                  000024fc    00000004     rtsv7M4_T_le_v4SPD16_eabi.lib : error.obj (.text)
                  00002500    000000d0     sysbios.aem4f : BIOS.obj (.text:ti_sysbios_heaps_HeapMem_alloc__E)
                  000025d0    000000c4                   : BIOS.obj (.text:ti_sysbios_knl_Task_sleep__E)
                  00002694    00000004     release_pem4f.oem4f (.text:ti_sysbios_BIOS_RtsGateProxy_enter__E)
                  00002698    000000c0     sysbios.aem4f : BIOS.obj (.text:ti_sysbios_knl_Task_Instance_init__E)
                  00002758    000000bc                   : BIOS.obj (.text:ti_sysbios_knl_Task_Instance_finalize__E)
                  00002814    000000b6     drivers_msp432p4xx.aem4f : UARTMSP432.oem4f (.text:UARTMSP432_hwiIntFxn)
                  000028ca    00000002                              : ADCMSP432.oem4f (.text:ADCMSP432_init)
                  000028cc    000000b4                              : UARTMSP432.oem4f (.text:UARTMSP432_control)
                  00002980    000000b4                              : UARTMSP432.oem4f (.text:UARTMSP432_writePolling)
                  00002a34    000000ac                              : UARTMSP432.oem4f (.text:initHw)
                  00002ae0    000000a8     SystemControl.obj (.text:MainThread)
                  00002b88    000000a8     sysbios.aem4f : BIOS.obj (.text:ti_sysbios_family_arm_msp432_Timer_periodicStub__E)
                  00002c30    000000a8                   : BIOS.obj (.text:xdc_runtime_Core_createObject__I)
                  00002cd8    000000a4                   : BIOS.obj (.text:ti_sysbios_knl_Task_setPri__E)
                  00002d7c    000000a0     auto_init.aem4f : auto_init.oem4f (.text)
                  00002e1c    000000a0     drivers_msp432p4xx.aem4f : UARTMSP432.oem4f (.text:readIsrTextCallback)
                  00002ebc    0000009e                              : UARTMSP432.oem4f (.text:UARTMSP432_close)
                  00002f5a    0000009c                              : UARTMSP432.oem4f (.text:readTaskBlocking)
                  00002ff6    0000009c     rtsv7M4_T_le_v4SPD16_eabi.lib : memcpy_t2.obj (.text)
                  00003092    00000002     display.aem4f : DisplayUart.oem4f (.text:DisplayUartMin_clear)
                  00003094    00000098     drivers_msp432p4xx.aem4f : ADCMSP432.oem4f (.text:ADCMSP432_open)
                  0000312c    00000004     release_pem4f.oem4f (.text:ti_sysbios_BIOS_RtsGateProxy_leave__E)
                  00003130    00000098     sysbios.aem4f : BIOS.obj (.text:ti_sysbios_family_arm_m3_Hwi_Instance_init__E)
                  000031c8    00000096     drivers_msp432p4xx.aem4f : UARTMSP432.oem4f (.text:writeData)
                  0000325e    00000002     display.aem4f : DisplayUart.oem4f (.text:DisplayUartMin_clearLines)
                  00003260    00000094     sysbios.aem4f : BIOS.obj (.text:_pthread_removeThreadKeys)
                  000032f4    00000004     release_pem4f.oem4f (.text:ti_sysbios_family_arm_m3_Hwi_delete)
                  000032f8    00000094     sysbios.aem4f : BIOS.obj (.text:ti_sysbios_family_arm_m3_Hwi_initNVIC__E)
                  0000338c    00000090     drivers_msp432p4xx.aem4f : UARTMSP432.oem4f (.text:UARTMSP432_write)
                  0000341c    0000008c     sysbios.aem4f : m3_TaskSupport_asm.obj (.text:ti_sysbios_family_arm_m3_TaskSupport_buildTaskStack)
                  000034a8    0000008c                   : BIOS.obj (.text:ti_sysbios_knl_Task_postInit__I)
                  00003534    0000008a     drivers_msp432p4xx.aem4f : UARTMSP432.oem4f (.text:readIsrTextBlocking)
                  000035be    00000002     display.aem4f : DisplayUart.oem4f (.text:DisplayUartMin_init)
                  000035c0    00000088     sysbios.aem4f : BIOS.obj (.text:ti_sysbios_knl_Mailbox_post__E)
                  00003648    00000088                   : BIOS.obj (.text:xdc_runtime_Memory_alloc__E)
                  000036d0    00000086     rtsv7M4_T_le_v4SPD16_eabi.lib : fd_cmp_t2.obj (.text:__aeabi_cdcmple)
                  00003756    00000086                                   : fd_cmp_t2.obj (.text:__aeabi_cdrcmple)
                  000037dc    00000004     release_pem4f.oem4f (.text:ti_sysbios_family_arm_m3_TaskSupport_Module__startupDone__S)
                  000037e0    00000084     sysbios.aem4f : BIOS.obj (.text:ti_sysbios_family_arm_m3_Hwi_postInit__I)
                  00003864    00000004     release_pem4f.oem4f (.text:ti_sysbios_heaps_HeapMem_Module_GateProxy_enter__E)
                  00003868    00000084     sysbios.aem4f : BIOS.obj (.text:ti_sysbios_heaps_HeapMem_free__E)
                  000038ec    00000004     release_pem4f.oem4f (.text:ti_sysbios_heaps_HeapMem_Module_GateProxy_leave__E)
                  000038f0    00000084     sysbios.aem4f : BIOS.obj (.text:xdc_runtime_Core_constructObject__I)
                  00003974    0000007c     SampandCalc.obj (.text:BoxAndWhiskAlg)
                  000039f0    0000007c     sysbios.aem4f : BIOS.obj (.text:_pthread_runStub)
                  00003a6c    0000007a     drivers_msp432p4xx.aem4f : UARTMSP432.oem4f (.text:readTaskCallback)
                  00003ae6    0000007a     rtsv7M4_T_le_v4SPD16_eabi.lib : memset_t2.obj (.text)
                  00003b60    00000075     sysbios.aem4f : BIOS.obj (.text:xdc_runtime_System_formatNum__I)
                  00003bd5    00000001     --HOLE-- [fill = 0]
                  00003bd6    00000002     dpl_msp432p4xx.aem4f : PowerMSP432_tirtos.oem4f (.text:PowerMSP432_initPolicy)
                  00003bd8    00000074     sysbios.aem4f : BIOS.obj (.text:ti_sysbios_knl_Mailbox_pend__E)
                  00003c4c    00000004     release_pem4f.oem4f (.text:ti_sysbios_knl_Clock_TimerProxy_getMaxTicks__E)
                  00003c50    00000070     sysbios.aem4f : BIOS.obj (.text:ti_sysbios_heaps_HeapMem_initPrimary__I)
                  00003cc0    00000070                   : BIOS.obj (.text:ti_sysbios_knl_Mailbox_Instance_finalize__E)
                  00003d30    00000070                   : BIOS.obj (.text:ti_sysbios_knl_Semaphore_post__E)
                  00003da0    00000070                   : BIOS.obj (.text:ti_sysbios_knl_Task_exit__E)
                  00003e10    0000006c                   : BIOS.obj (.text:ti_sysbios_knl_Clock_workFunc__E)
                  00003e7c    00000004     release_pem4f.oem4f (.text:ti_sysbios_knl_Clock_delete)
                  00003e80    0000006c     sysbios.aem4f : BIOS.obj (.text:ti_sysbios_knl_Swi_restoreHwi__E)
                  00003eec    00000068     drivers_msp432p4xx.aem4f : UARTMSP432.oem4f (.text:UARTMSP432_writeCancel)
                  00003f54    00000068     rtsv7M4_T_le_v4SPD16_eabi.lib : copy_decompress_lzss.obj (.text:decompress:lzss)
                  00003fbc    00000004     release_pem4f.oem4f (.text:ti_sysbios_knl_Semaphore_delete)
                  00003fc0    00000066     sysbios.aem4f : BIOS.obj (.text:xdc_runtime_Core_deleteObject__I)
                  00004026    00000002     drivers_msp432p4xx.aem4f : UARTMSP432.oem4f (.text:UARTMSP432_init)
                  00004028    00000064                              : GPIOMSP432.oem4f (.text:GPIO_hwiIntFxn)
                  0000408c    00000004     release_pem4f.oem4f (.text:xdc_runtime_System_Module_GateProxy_enter__E)
                  00004090    00000064     sysbios.aem4f : BIOS.obj (.text:acquireMutexNone$23)
                  000040f4    00000004     release_pem4f.oem4f (.text:xdc_runtime_System_Module_GateProxy_leave__E)
                  000040f8    00000064     sysbios.aem4f : BIOS.obj (.text:pthread_mutex_init)
                  0000415c    00000002     rtsv7M4_T_le_v4SPD16_eabi.lib : i_div0.obj (.text)
                  0000415e    00000002     release_pem4f.oem4f (.text:ti_sysbios_BIOS_nullFunc__I)
                  00004160    00000064     sysbios.aem4f : BIOS.obj (.text:ti_sysbios_family_arm_m3_Hwi_dispatchC__I)
                  000041c4    00000062     SampandCalc.obj (.text:MergeSort)
                  00004226    00000002     --HOLE-- [fill = 0]
                  00004228    00000060     drivers_msp432p4xx.aem4f : ADCMSP432.oem4f (.text:ADCMSP432_close)
                  00004288    00000060     sysbios.aem4f : BIOS.obj (.text:ti_sysbios_knl_Swi_run__I)
                  000042e8    0000005c     display.aem4f : Display.oem4f (.text:Display_doOpen)
                  00004344    0000005c     drivers_msp432p4xx.aem4f : GPIOMSP432.oem4f (.text:GPIO_init)
                  000043a0    0000005c                              : GPIOMSP432.oem4f (.text:GPIO_write)
                  000043fc    0000005c                              : PowerMSP432.oem4f (.text:PowerMSP432_getFreqs)
                  00004458    0000005c     sysbios.aem4f : BIOS.obj (.text:ti_sysbios_knl_Swi_schedule__I)
                  000044b4    00000004     --HOLE-- [fill = 0]
                  000044b8    0000005c                   : BIOS.obj (.text:ti_sysbios_knl_Task_Module_startup__E)
                  00004514    00000004     --HOLE-- [fill = 0]
                  00004518    0000005c                   : BIOS.obj (.text:ti_sysbios_knl_Task_startCore__E)
                  00004574    00000004     --HOLE-- [fill = 0]
                  00004578    0000005c                   : BIOS.obj (.text:xdc_runtime_Startup_exec__E)
                  000045d4    0000005a     drivers_msp432p4xx.aem4f : ADCMSP432.oem4f (.text:initHw)
                  0000462e    00000002     --HOLE-- [fill = 0]
                  00004630    00000058     boot.aem4f : boot.oem4f (.text)
                  00004688    00000058     drivers_msp432p4xx.aem4f : UARTMSP432.oem4f (.text:readIsrBinaryBlocking)
                  000046e0    00000058     sysbios.aem4f : m3_Hwi_asm_switch.obj (.text:ti_sysbios_family_arm_m3_Hwi_initStacks__E)
                  00004738    00000056     display.aem4f : DisplayUart.oem4f (.text:DisplayUartMin_open)
                  0000478e    00000002     --HOLE-- [fill = 0]
                  00004790    00000054     SampandCalc.obj (.text:CalcWaveCharThread)
                  000047e4    00000054     drivers_msp432p4xx.aem4f : GPIOMSP432.oem4f (.text:GPIO_setCallback)
                  00004838    00000054                              : PowerMSP432.oem4f (.text:Power_init)
                  0000488c    00000054     rtsv7M4_T_le_v4SPD16_eabi.lib : exit.obj (.text)
                  000048e0    00000054     release_pem4f.oem4f (.text:ti_sysbios_family_arm_m3_Hwi_create)
                  00004934    00000004     --HOLE-- [fill = 0]
                  00004938    00000054     sysbios.aem4f : BIOS.obj (.text:ti_sysbios_family_arm_msp432_Timer_initDevice__I)
                  0000498c    00000054     release_pem4f.oem4f (.text:ti_sysbios_knl_Mailbox_create)
                  000049e0    00000054     sysbios.aem4f : BIOS.obj (.text:xdc_runtime_Core_assignLabel__I)
                  00004a34    00000050     drivers_msp432p4xx.aem4f : ADCMSP432.oem4f (.text:ADCMSP432_convertRawToMicroVolts)
                  00004a84    00000050     dpl_msp432p4xx.aem4f : PowerMSP432_tirtos.oem4f (.text:PowerMSP432_sleepPolicy)
                  00004ad4    00000004     --HOLE-- [fill = 0]
                  00004ad8    00000050     sysbios.aem4f : BIOS.obj (.text:ti_sysbios_family_arm_m3_Hwi_Module_startup__E)
                  00004b28    00000050     release_pem4f.oem4f (.text:ti_sysbios_knl_Task_create)
                  00004b78    0000004c     drivers_msp432p4xx.aem4f : UARTMSP432.oem4f (.text:readIsrBinaryCallback)
                  00004bc4    0000004c     rtsv7M4_T_le_v4SPD16_eabi.lib : cpy_tbl.obj (.text)
                  00004c10    0000004c     sysbios.aem4f : BIOS.obj (.text:ti_sysbios_family_arm_msp432_Timer_postInit__I)
                  00004c5c    00000004     --HOLE-- [fill = 0]
                  00004c60    0000004c                   : BIOS.obj (.text:ti_sysbios_family_arm_msp432_Timer_start__E)
                  00004cac    00000004     --HOLE-- [fill = 0]
                  00004cb0    0000004c                   : BIOS.obj (.text:ti_sysbios_heaps_HeapMem_getStats__E)
                  00004cfc    00000004     --HOLE-- [fill = 0]
                  00004d00    0000004c                   : BIOS.obj (.text:ti_sysbios_knl_Swi_runLoop__I)
                  00004d4c    00000004     --HOLE-- [fill = 0]
                  00004d50    0000004c                   : BIOS.obj (.text:ti_sysbios_knl_Task_allBlockedFunction__I)
                  00004d9c    00000004     --HOLE-- [fill = 0]
                  00004da0    0000004c                   : BIOS.obj (.text:ti_sysbios_knl_Task_schedule__I)
                  00004dec    00000048     drivers_msp432p4xx.aem4f : PowerMSP432.oem4f (.text:Power_releaseConstraint)
                  00004e34    00000048     rtsv7M4_T_le_v4SPD16_eabi.lib : fd_toi_t2.obj (.text)
                  00004e7c    00000004     --HOLE-- [fill = 0]
                  00004e80    00000048     sysbios.aem4f : BIOS.obj (.text:ti_sysbios_family_arm_m3_Hwi_disableInterrupt__E)
                  00004ec8    00000048                   : BIOS.obj (.text:ti_sysbios_family_arm_m3_Hwi_enableInterrupt__E)
                  00004f10    00000048                   : BIOS.obj (.text:ti_sysbios_knl_Mailbox_Module_startup__E)
                  00004f58    00000046     display.aem4f : DisplayUart.oem4f (.text:DisplayUartMin_vprintf)
                  00004f9e    00000046     drivers_msp432p4xx.aem4f : RingBuf.oem4f (.text:RingBuf_put)
                  00004fe4    00000004     --HOLE-- [fill = 0]
                  00004fe8    00000046     sysbios.aem4f : BIOS.obj (.text:xdc_runtime_Core_assignParams__I)
                  0000502e    00000002     --HOLE-- [fill = 0]
                  00005030    00000044     drivers_msp432p4xx.aem4f : ADC.oem4f (.text:ADC_init)
                  00005074    00000044     dpl_msp432p4xx.aem4f : HwiP_tirtos.oem4f (.text:HwiP_create)
                  000050b8    00000044     drivers_msp432p4xx.aem4f : UART.oem4f (.text:UART_init)
                  000050fc    00000044     rtsv7M4_T_le_v4SPD16_eabi.lib : fd_tou_t2.obj (.text)
                  00005140    00000044     sysbios.aem4f : BIOS.obj (.text:ti_sysbios_family_arm_m3_Hwi_getStackInfo__E)
                  00005184    00000004     --HOLE-- [fill = 0]
                  00005188    00000044                   : BIOS.obj (.text:ti_sysbios_family_arm_msp432_Seconds_Module_startup__E)
                  000051cc    00000004     --HOLE-- [fill = 0]
                  000051d0    00000044                   : BIOS.obj (.text:ti_sysbios_knl_Swi_post__E)
                  00005214    00000004     --HOLE-- [fill = 0]
                  00005218    00000044                   : BIOS.obj (.text:xdc_runtime_System_atexit__E)
                  0000525c    00000040     drivers_msp432p4xx.aem4f : RingBuf.oem4f (.text:RingBuf_get)
                  0000529c    00000040     dpl_msp432p4xx.aem4f : SemaphoreP_tirtos.oem4f (.text:SemaphoreP_create)
                  000052dc    00000040     drivers_msp432p4xx.aem4f : UARTMSP432.oem4f (.text:UARTMSP432_read)
                  0000531c    00000040                              : PowerMSP432.oem4f (.text:notify)
                  0000535c    00000040                              : UARTMSP432.oem4f (.text:perfChangeNotifyFxn)
                  0000539c    00000040                              : PowerMSP432.oem4f (.text:restartHFXT)
                  000053dc    00000040     rtsv7M4_T_le_v4SPD16_eabi.lib : u_divt2.obj (.text)
                  0000541c    00000004     --HOLE-- [fill = 0]
                  00005420    00000040     sysbios.aem4f : BIOS.obj (.text:ti_sysbios_family_arm_msp432_Timer_Module_startup__E)
                  00005460    00000040                   : BIOS.obj (.text:ti_sysbios_family_arm_msp432_Timer_startup__E)
                  000054a0    00000040                   : BIOS.obj (.text:ti_sysbios_heaps_HeapMem_Instance_init__E)
                  000054e0    0000003e     release_pem4f.oem4f (.text:realloc)
                  0000551e    00000002     --HOLE-- [fill = 0]
                  00005520    0000003c     drivers_msp432p4xx.aem4f : ADC.oem4f (.text:ADC_open)
                  0000555c    0000003c     dpl_msp432p4xx.aem4f : ClockP_tirtos.oem4f (.text:ClockP_create)
                  00005598    0000003c     drivers_msp432p4xx.aem4f : UART.oem4f (.text:UART_open)
                  000055d4    00000004     --HOLE-- [fill = 0]
                  000055d8    0000003c     sysbios.aem4f : BIOS.obj (.text:pthread_mutex_unlock)
                  00005614    00000004     --HOLE-- [fill = 0]
                  00005618    0000003c                   : BIOS.obj (.text:ti_sysbios_family_arm_m3_Hwi_Instance_finalize__E)
                  00005654    00000004     --HOLE-- [fill = 0]
                  00005658    0000003c                   : BIOS.obj (.text:ti_sysbios_knl_Clock_Instance_init__E)
                  00005694    0000003c     release_pem4f.oem4f (.text:ti_sysbios_knl_Clock_create)
                  000056d0    0000003c     sysbios.aem4f : BIOS.obj (.text:ti_sysbios_knl_Swi_restore__E)
                  0000570c    00000038     drivers_msp432p4xx.aem4f : PowerMSP432.oem4f (.text:Power_setConstraint)
                  00005744    00000038     rtsv7M4_T_le_v4SPD16_eabi.lib : fs_tod_t2.obj (.text)
                  0000577c    00000036     drivers_msp432p4xx.aem4f : UARTMSP432.oem4f (.text:UARTMSP432_readCancel)
                  000057b2    00000002     --HOLE-- [fill = 0]
                  000057b4    00000034     release_pem4f.oem4f (.text:ti_sysbios_knl_Semaphore_create)
                  000057e8    00000032     sysbios.aem4f : BIOS.obj (.text:ti_sysbios_hal_Hwi_initStack)
                  0000581a    00000006     drivers_msp432p4xx.aem4f : ADCMSP432.oem4f (.text:ADCMSP432_control)
                  00005820    00000030     sysbios.aem4f : BIOS.obj (.text:findInList$26)
                  00005850    00000030     drivers_msp432p4xx.aem4f : UARTMSP432.oem4f (.text:mapPin)
                  00005880    00000030     release_pem4f.oem4f (.text:ti_sysbios_BIOS_atExitFunc__I)
                  000058b0    00000030     release_pem4f.oem4f (.text:ti_sysbios_BIOS_startFunc__I)
                  000058e0    00000030     sysbios.aem4f : BIOS.obj (.text:ti_sysbios_family_arm_m3_TaskSupport_start__E)
                  00005910    00000030     release_pem4f.oem4f (.text:ti_sysbios_gates_GateHwi_Object__create__S)
                  00005940    00000030     release_pem4f.oem4f (.text:ti_sysbios_gates_GateMutex_Object__create__S)
                  00005970    00000030     sysbios.aem4f : BIOS.obj (.text:ti_sysbios_gates_GateMutex_enter__E)
                  000059a0    00000030     release_pem4f.oem4f (.text:ti_sysbios_heaps_HeapMem_Object__create__S)
                  000059d0    00000030     sysbios.aem4f : BIOS.obj (.text:ti_sysbios_knl_Mailbox_postInit__I)
                  00005a00    00000030     release_pem4f.oem4f (.text:ti_sysbios_knl_Semaphore_construct)
                  00005a30    00000030     sysbios.aem4f : BIOS.obj (.text:ti_sysbios_knl_Semaphore_pendTimeout__I)
                  00005a60    00000030                   : BIOS.obj (.text:ti_sysbios_knl_Task_processVitalTaskFlag__I)
                  00005a90    00000030                   : BIOS.obj (.text:ti_sysbios_knl_Task_unblockI__E)
                  00005ac0    00000030                   : BIOS.obj (.text:xdc_runtime_System_processAtExit__E)
                  00005af0    0000002e     release_pem4f.oem4f (.text:malloc)
                  00005b1e    0000002e     rtsv7M4_T_le_v4SPD16_eabi.lib : i_tofd_t2.obj (.text)
                  00005b4c    0000002c     dpl_msp432p4xx.aem4f : PowerMSP432_tirtos.oem4f (.text:PowerMSP432_updateFreqs)
                  00005b78    0000002c     release_pem4f.oem4f (.text:ti_sysbios_knl_Clock_doTick__I)
                  00005ba4    0000002c     release_pem4f.oem4f (.text:ti_sysbios_knl_Queue_construct)
                  00005bd0    0000002c     sysbios.aem4f : BIOS.obj (.text:ti_sysbios_knl_Task_restore__E)
                  00005bfc    00000004     --HOLE-- [fill = 0]
                  00005c00    0000002c                   : BIOS.obj (.text:usleep)
                  00005c2c    0000002a     display.aem4f : Display.oem4f (.text:Display_doPrintf)
                  00005c56    00000002     --HOLE-- [fill = 0]
                  00005c58    0000002a     sysbios.aem4f : BIOS.obj (.text:xdc_runtime_System_putchar__I)
                  00005c82    00000002     --HOLE-- [fill = 0]
                  00005c84    00000028     display.aem4f : Display.oem4f (.text:Display_doInit)
                  00005cac    00000028     drivers_msp432p4xx.aem4f : PowerMSP432.oem4f (.text:Power_registerNotify)
                  00005cd4    00000028                              : PowerMSP432.oem4f (.text:disableHFXT)
                  00005cfc    00000028                              : UARTMSP432.oem4f (.text:findBaudDividerIndex)
                  00005d24    00000004     --HOLE-- [fill = 0]
                  00005d28    00000028     sysbios.aem4f : BIOS.obj (.text:mq_receive)
                  00005d50    00000028                   : BIOS.obj (.text:ti_sysbios_knl_Clock_addI__E)
                  00005d78    00000028                   : BIOS.obj (.text:ti_sysbios_knl_Swi_Module_startup__E)
                  00005da0    00000026     drivers_msp432p4xx.aem4f : List.oem4f (.text:List_put)
                  00005dc6    00000026     sysbios.aem4f : m3_Hwi_asm.obj (.text:ti_sysbios_family_arm_m3_Hwi_pendSV__I)
                  00005dec    00000024     msp432p4xx_driverlib.lib : cs.o (.text:CS_setDCOCenteredFrequency)
                  00005e10    00000024     sysbios.aem4f : BIOS.obj (.text:pthread_attr_init)
                  00005e34    00000024     release_pem4f.oem4f (.text:ti_sysbios_BIOS_registerRTSLock__I)
                  00005e58    00000024     release_pem4f.oem4f (.text:ti_sysbios_BIOS_removeRTSLock__I)
                  00005e7c    00000004     --HOLE-- [fill = 0]
                  00005e80    00000024     sysbios.aem4f : BIOS.obj (.text:ti_sysbios_family_arm_msp432_ClockFreqs_setFrequency__E)
                  00005ea4    00000024     release_pem4f.oem4f (.text:ti_sysbios_gates_GateMutex_Object__delete__S)
                  00005ec8    00000024     sysbios.aem4f : BIOS.obj (.text:ti_sysbios_knl_Clock_Module_startup__E)
                  00005eec    00000024     release_pem4f.oem4f (.text:ti_sysbios_knl_Clock_Object__delete__S)
                  00005f10    00000024     sysbios.aem4f : BIOS.obj (.text:ti_sysbios_knl_Clock_start__E)
                  00005f34    00000004     --HOLE-- [fill = 0]
                  00005f38    00000024                   : BIOS.obj (.text:ti_sysbios_knl_Semaphore_Instance_init__E)
                  00005f5c    00000024     release_pem4f.oem4f (.text:ti_sysbios_knl_Semaphore_Object__delete__S)
                  00005f80    00000024     sysbios.aem4f : BIOS.obj (.text:ti_sysbios_knl_Task_restoreHwi__E)
                  00005fa4    00000004     --HOLE-- [fill = 0]
                  00005fa8    00000024                   : BIOS.obj (.text:xdc_runtime_Error_policyMin__E)
                  00005fcc    00000004     --HOLE-- [fill = 0]
                  00005fd0    00000024                   : BIOS.obj (.text:xdc_runtime_System_abort__E)
                  00005ff4    00000004     --HOLE-- [fill = 0]
                  00005ff8    00000022                   : BIOS.obj (.text:mq_send)
                  0000601a    00000002     --HOLE-- [fill = 0]
                  0000601c    00000020     drivers_msp432p4xx.aem4f : PowerMSP432.oem4f (.text:Power_unregisterNotify)
                  0000603c    00000020                              : RingBuf.oem4f (.text:RingBuf_peek)
                  0000605c    00000004     --HOLE-- [fill = 0]
                  00006060    00000020     sysbios.aem4f : BIOS.obj (.text:sleep)
                  00006080    00000020     release_pem4f.oem4f (.text:ti_sysbios_BIOS_rtsLock__I)
                  000060a0    00000020     release_pem4f.oem4f (.text:ti_sysbios_family_arm_m3_Hwi_Object__delete__S)
                  000060c0    00000020     sysbios.aem4f : m3_Hwi_asm.obj (.text:ti_sysbios_family_arm_m3_Hwi_excHandlerAsm__I)
                  000060e0    00000020                   : BIOS.obj (.text:ti_sysbios_family_arm_m3_Hwi_excHandler__I)
                  00006100    00000020     release_pem4f.oem4f (.text:ti_sysbios_gates_GateHwi_Object__delete__S)
                  00006120    00000020     release_pem4f.oem4f (.text:ti_sysbios_heaps_HeapMem_Object__delete__S)
                  00006140    00000020     sysbios.aem4f : BIOS.obj (.text:ti_sysbios_knl_Idle_run__E)
                  00006160    00000020     release_pem4f.oem4f (.text:ti_sysbios_knl_Semaphore_destruct)
                  00006180    0000001e     sysbios.aem4f : m3_Hwi_asm_switch.obj (.text:ti_sysbios_family_xxx_Hwi_switchAndRunFunc)
                  0000619e    00000002     --HOLE-- [fill = 0]
                  000061a0    0000001c                   : BIOS.obj (.text:_pthread_cleanup_pop)
                  000061bc    00000004     --HOLE-- [fill = 0]
                  000061c0    0000001c                   : BIOS.obj (.text:ti_sysbios_gates_GateMutex_Instance_init__E)
                  000061dc    00000004     --HOLE-- [fill = 0]
                  000061e0    0000001c                   : BIOS.obj (.text:ti_sysbios_knl_Clock_Instance_finalize__E)
                  000061fc    0000001c     release_pem4f.oem4f (.text:ti_sysbios_knl_Queue_destruct)
                  00006218    0000001c     sysbios.aem4f : BIOS.obj (.text:ti_sysbios_knl_Queue_get__E)
                  00006234    00000004     --HOLE-- [fill = 0]
                  00006238    0000001c                   : BIOS.obj (.text:ti_sysbios_knl_Queue_put__E)
                  00006254    00000004     --HOLE-- [fill = 0]
                  00006258    0000001c                   : BIOS.obj (.text:ti_sysbios_knl_Task_enter__I)
                  00006274    00000004     --HOLE-- [fill = 0]
                  00006278    0000001c                   : BIOS.obj (.text:xdc_runtime_Memory_valloc__E)
                  00006294    00000018     release_pem4f.oem4f (.text:.bootCodeSection:ti_sysbios_family_arm_msp432_init_Boot_init__I)
                  000062ac    00000018     drivers_msp432p4xx.aem4f : PowerMSP432.oem4f (.text:Power_idleFunc)
                  000062c4    00000018                              : UART.oem4f (.text:UART_Params_init)
                  000062dc    00000018     release_pem4f.oem4f (.text:free)
                  000062f4    00000004     --HOLE-- [fill = 0]
                  000062f8    00000018     sysbios.aem4f : BIOS.obj (.text:pthread_attr_setschedparam)
                  00006310    00000018     rtsv7M4_T_le_v4SPD16_eabi.lib : args_main.obj (.text)
                  00006328    00000018                                   : strcmp.obj (.text)
                  00006340    00000018     release_pem4f.oem4f (.text:ti_sysbios_BIOS_rtsUnlock__I)
                  00006358    00000018     release_pem4f.oem4f (.text:ti_sysbios_family_arm_m3_Hwi_Module__startupDone__F)
                  00006370    00000018     sysbios.aem4f : m3_TaskSupport_asm.obj (.text:ti_sysbios_family_arm_m3_TaskSupport_swap__E)
                  00006388    00000018     release_pem4f.oem4f (.text:ti_sysbios_family_arm_msp432_Timer_Module__startupDone__F)
                  000063a0    00000018     release_pem4f.oem4f (.text:ti_sysbios_gates_GateHwi_Handle__label__S)
                  000063b8    00000018     release_pem4f.oem4f (.text:ti_sysbios_gates_GateMutex_Handle__label__S)
                  000063d0    00000018     sysbios.aem4f : BIOS.obj (.text:ti_sysbios_gates_GateMutex_leave__E)
                  000063e8    00000018     release_pem4f.oem4f (.text:ti_sysbios_heaps_HeapMem_Handle__label__S)
                  00006400    00000018     sysbios.aem4f : BIOS.obj (.text:ti_sysbios_knl_Task_sleepTimeout__I)
                  00006418    00000018                   : BIOS.obj (.text:xdc_runtime_Error_init__E)
                  00006430    00000018                   : BIOS.obj (.text:xdc_runtime_System_exit__E)
                  00006448    00000016     display.aem4f : DisplayUart.oem4f (.text:DisplayUartMin_close)
                  0000645e    00000016     drivers_msp432p4xx.aem4f : List.oem4f (.text:List_remove)
                  00006474    00000016     release_pem4f.oem4f (.text:ti_sysbios_BIOS_exitFunc__I)
                  0000648a    00000006     display.aem4f : DisplayUart.oem4f (.text:DisplayUartMin_control)
                  00006490    00000016     sysbios.aem4f : BIOS.obj (.text:ti_sysbios_knl_Task_unblock__E)
                  000064a6    00000002     --HOLE-- [fill = 0]
                  000064a8    00000014     drivers_msp432p4xx.aem4f : UARTMSP432.oem4f (.text:clearTXCPTIFG)
                  000064bc    00000014     rtsv7M4_T_le_v4SPD16_eabi.lib : _lock.obj (.text)
                  000064d0    00000014                                   : strcpy.obj (.text)
                  000064e4    00000014                                   : strlen.obj (.text)
                  000064f8    00000014     release_pem4f.oem4f (.text:ti_sysbios_family_arm_m3_Hwi_Object__get__S)
                  0000650c    00000004     --HOLE-- [fill = 0]
                  00006510    00000014     sysbios.aem4f : BIOS.obj (.text:ti_sysbios_family_arm_m3_Hwi_switchFromBootStack__E)
                  00006524    00000014     release_pem4f.oem4f (.text:ti_sysbios_heaps_HeapMem_Object__get__S)
                  00006538    00000014     release_pem4f.oem4f (.text:ti_sysbios_knl_Swi_Object__get__S)
                  0000654c    00000012     dpl_msp432p4xx.aem4f : ClockP_tirtos.oem4f (.text:ClockP_start)
                  0000655e    00000012     drivers_msp432p4xx.aem4f : RingBuf.oem4f (.text:RingBuf_construct)
                  00006570    00000012     dpl_msp432p4xx.aem4f : SemaphoreP_tirtos.oem4f (.text:SemaphoreP_pend)
                  00006582    00000006     display.aem4f : DisplayUart.oem4f (.text:DisplayUartMin_getType)
                  00006588    00000012     sysbios.aem4f : BIOS.obj (.text:ti_sysbios_hal_Hwi_Module_startup__E)
                  0000659a    00000012     release_pem4f.oem4f (.text:xdc_runtime_Startup_exec__I)
                  000065ac    00000010     drivers_msp432p4xx.aem4f : PowerMSP432.oem4f (.text:PowerMSP432_getNumPerfLevels)
                  000065bc    00000010     msp432p4xx_driverlib.lib : sysctl.o (.text:SysCtl_disableNMISource)
                  000065cc    00000010                              : sysctl.o (.text:SysCtl_enableNMISource)
                  000065dc    00000010                              : sysctl.o (.text:SysCtl_getNMISourceStatus)
                  000065ec    00000010     drivers_msp432p4xx.aem4f : UARTMSP432.oem4f (.text:readBlockingTimeout)
                  000065fc    00000004     --HOLE-- [fill = 0]
                  00006600    00000010     sysbios.aem4f : BIOS.obj (.text:ti_sysbios_BIOS_exit__E)
                  00006610    00000010                   : BIOS.obj (.text:ti_sysbios_BIOS_setCpuFreq__E)
                  00006620    00000010                   : BIOS.obj (.text:ti_sysbios_BIOS_setThreadType__E)
                  00006630    00000010                   : BIOS.obj (.text:ti_sysbios_BIOS_start__E)
                  00006640    00000010                   : m3_TaskSupport_asm.obj (.text:ti_sysbios_family_arm_m3_TaskSupport_glue)
                  00006650    00000010                   : BIOS.obj (.text:ti_sysbios_family_arm_msp432_init_Boot_disableWatchdog)
                  00006660    00000010                   : BIOS.obj (.text:ti_sysbios_gates_GateMutex_Instance_finalize__E)
                  00006670    00000010     release_pem4f.oem4f (.text:ti_sysbios_knl_Mailbox_Object__get__S)
                  00006680    00000010     sysbios.aem4f : BIOS.obj (.text:ti_sysbios_knl_Semaphore_Instance_finalize__E)
                  00006690    00000010                   : BIOS.obj (.text:ti_sysbios_knl_Swi_disable__E)
                  000066a0    00000010     release_pem4f.oem4f (.text:ti_sysbios_knl_Task_Object__get__S)
                  000066b0    00000010     sysbios.aem4f : BIOS.obj (.text:ti_sysbios_knl_Task_disable__E)
                  000066c0    00000010                   : BIOS.obj (.text:xdc_runtime_Gate_leaveSystem__E)
                  000066d0    00000010                   : BIOS.obj (.text:xdc_runtime_Memory_free__E)
                  000066e0    00000010                   : BIOS.obj (.text:xdc_runtime_SysCallback_abort__E)
                  000066f0    00000010                   : BIOS.obj (.text:xdc_runtime_SysCallback_exit__E)
                  00006700    00000010                   : BIOS.obj (.text:xdc_runtime_SysCallback_putch__E)
                  00006710    00000010                   : BIOS.obj (.text:xdc_runtime_SysCallback_ready__E)
                  00006720    00000010                   : BIOS.obj (.text:xdc_runtime_System_vsnprintf__E)
                  00006730    0000000e     dpl_msp432p4xx.aem4f : ClockP_tirtos.oem4f (.text:ClockP_delete)
                  0000673e    0000000e                          : HwiP_tirtos.oem4f (.text:HwiP_Params_init)
                  0000674c    0000000e                          : HwiP_tirtos.oem4f (.text:HwiP_delete)
                  0000675a    0000000e                          : SemaphoreP_tirtos.oem4f (.text:SemaphoreP_delete)
                  00006768    0000000e     rtsv7M4_T_le_v4SPD16_eabi.lib : copy_decompress_none.obj (.text:decompress:none)
                  00006776    00000002     --HOLE-- [fill = 0]
                  00006778    0000000e     sysbios.aem4f : BIOS.obj (.text:pthread_attr_setdetachstate)
                  00006786    00000002     --HOLE-- [fill = 0]
                  00006788    0000000e                   : BIOS.obj (.text:ti_sysbios_knl_Idle_loop__E)
                  00006796    00000002     --HOLE-- [fill = 0]
                  00006798    0000000e                   : BIOS.obj (.text:ti_sysbios_knl_Queue_empty__E)
                  000067a6    0000000c     msp432p4xx_driverlib.lib : cpu.o (.text:CPU_cpsid)
                  000067b2    0000000c                              : cpu.o (.text:CPU_cpsie)
                  000067be    00000002     --HOLE-- [fill = 0]
                  000067c0    0000000c     drivers_msp432p4xx.aem4f : PowerMSP432.oem4f (.text:Power_getConstraintMask)
                  000067cc    0000000c                              : PowerMSP432.oem4f (.text:Power_getPerformanceLevel)
                  000067d8    0000000c     rtsv7M4_T_le_v4SPD16_eabi.lib : copy_zero_init.obj (.text:decompress:ZI)
                  000067e4    00000004     --HOLE-- [fill = 0]
                  000067e8    0000000c     sysbios.aem4f : BIOS.obj (.text:pthread_self)
                  000067f4    0000000c     release_pem4f.oem4f (.text:ti_sysbios_family_arm_m3_Hwi_Params__init__S)
                  00006800    0000000c     sysbios.aem4f : BIOS.obj (.text:ti_sysbios_family_arm_m3_Hwi_disableFxn__E)
                  0000680c    00000004     --HOLE-- [fill = 0]
                  00006810    0000000c                   : BIOS.obj (.text:ti_sysbios_family_arm_m3_TaskSupport_getStackAlignment__E)
                  0000681c    00000004     --HOLE-- [fill = 0]
                  00006820    0000000c                   : BIOS.obj (.text:ti_sysbios_family_arm_msp432_Timer_getMaxTicks__E)
                  0000682c    00000004     --HOLE-- [fill = 0]
                  00006830    0000000c                   : BIOS.obj (.text:ti_sysbios_gates_GateHwi_enter__E)
                  0000683c    0000000c     release_pem4f.oem4f (.text:ti_sysbios_knl_Clock_Params__init__S)
                  00006848    0000000c     release_pem4f.oem4f (.text:ti_sysbios_knl_Queue_Object__get__S)
                  00006854    0000000c     release_pem4f.oem4f (.text:ti_sysbios_knl_Semaphore_Params__init__S)
                  00006860    0000000c     release_pem4f.oem4f (.text:ti_sysbios_knl_Task_Params__init__S)
                  0000686c    00000004     --HOLE-- [fill = 0]
                  00006870    0000000c     sysbios.aem4f : BIOS.obj (.text:xdc_runtime_Gate_enterSystem__E)
                  0000687c    00000004     --HOLE-- [fill = 0]
                  00006880    0000000c                   : BIOS.obj (.text:xdc_runtime_Startup_rtsDone__E)
                  0000688c    0000000a     drivers_msp432p4xx.aem4f : ADC.oem4f (.text:ADC_Params_init)
                  00006896    0000000a                              : ADC.oem4f (.text:ADC_convert)
                  000068a0    0000000a     dpl_msp432p4xx.aem4f : ClockP_tirtos.oem4f (.text:ClockP_stop)
                  000068aa    0000000a                          : SemaphoreP_tirtos.oem4f (.text:SemaphoreP_Params_init)
                  000068b4    0000000a                          : SemaphoreP_tirtos.oem4f (.text:SemaphoreP_post)
                  000068be    0000000a     drivers_msp432p4xx.aem4f : UART.oem4f (.text:UART_close)
                  000068c8    0000000a                              : UART.oem4f (.text:UART_control)
                  000068d2    0000000a                              : UART.oem4f (.text:UART_write)
                  000068dc    00000004     --HOLE-- [fill = 0]
                  000068e0    0000000a     sysbios.aem4f : BIOS.obj (.text:pthread_mutex_lock)
                  000068ea    0000000a     release_pem4f.oem4f (.text:xdc_runtime_IHeap_alloc)
                  000068f4    0000000a     release_pem4f.oem4f (.text:xdc_runtime_IHeap_free)
                  000068fe    00000008     dpl_msp432p4xx.aem4f : ClockP_tirtos.oem4f (.text:ClockP_Params_init)
                  00006906    00000008     MSP_EXP432P401R.obj (.text:MSP_EXP432P401R_initGeneral)
                  0000690e    00000002     --HOLE-- [fill = 0]
                  00006910    00000008     sysbios.aem4f : BIOS.obj (.text:pthread_attr_setstacksize)
                  00006918    00000008     drivers_msp432p4xx.aem4f : UARTMSP432.oem4f (.text:readSemCallback)
                  00006920    00000008     sysbios.aem4f : BIOS.obj (.text:ti_sysbios_family_arm_m3_Hwi_doSwiRestore__I)
                  00006928    00000008                   : BIOS.obj (.text:ti_sysbios_family_arm_m3_Hwi_startup__E)
                  00006930    00000008     drivers_msp432p4xx.aem4f : UARTMSP432.oem4f (.text:txcptEnabledStatus)
                  00006938    00000008                              : UARTMSP432.oem4f (.text:writeSemCallback)
                  00006940    00000006     sysbios.aem4f : BIOS.obj (.text:ti_sysbios_family_arm_m3_Hwi_doTaskRestore__I)
                  00006946    00000002     --HOLE-- [fill = 0]
                  00006948    00000006                   : BIOS.obj (.text:ti_sysbios_family_arm_m3_Hwi_restoreFxn__E)
                  0000694e    00000002     --HOLE-- [fill = 0]
                  00006950    00000006                   : BIOS.obj (.text:ti_sysbios_gates_GateHwi_leave__E)
                  00006956    00000002     --HOLE-- [fill = 0]
                  00006958    00000006                   : BIOS.obj (.text:ti_sysbios_heaps_HeapMem_isBlocking__E)
                  0000695e    00000002     --HOLE-- [fill = 0]
                  00006960    00000006                   : BIOS.obj (.text:ti_sysbios_knl_Clock_stop__E)
                  00006966    00000002     --HOLE-- [fill = 0]
                  00006968    00000006                   : BIOS.obj (.text:ti_sysbios_knl_Queue_Instance_init__E)
                  0000696e    00000002     --HOLE-- [fill = 0]
                  00006970    00000006                   : BIOS.obj (.text:ti_sysbios_knl_Swi_startup__E)
                  00006976    00000002     --HOLE-- [fill = 0]
                  00006978    00000006                   : BIOS.obj (.text:xdc_runtime_System_Module_startup__E)
                  0000697e    00000002     --HOLE-- [fill = 0]
                  00006980    00000004                   : BIOS.obj (.text:ti_sysbios_gates_GateHwi_query__E)
                  00006984    00000004     --HOLE-- [fill = 0]
                  00006988    00000004                   : BIOS.obj (.text:ti_sysbios_gates_GateMutex_query__E)
                  0000698c    00000004     --HOLE-- [fill = 0]
                  00006990    00000004                   : BIOS.obj (.text:ti_sysbios_knl_Clock_setTimeout__E)
                  00006994    00000004     --HOLE-- [fill = 0]
                  00006998    00000004                   : BIOS.obj (.text:ti_sysbios_knl_Task_startup__E)
                  0000699c    00000004     --HOLE-- [fill = 0]
                  000069a0    00000004                   : BIOS.obj (.text:xdc_runtime_SysCallback_defaultReady)
                  000069a4    00000004     --HOLE-- [fill = 0]
                  000069a8    00000002                   : BIOS.obj (.text:ti_sysbios_BIOS_linkedWithIncorrectBootLibrary__E)
                  000069aa    00000006     --HOLE-- [fill = 0]
                  000069b0    00000002                   : BIOS.obj (.text:ti_sysbios_gates_GateHwi_Instance_init__E)
                  000069b2    00000006     --HOLE-- [fill = 0]
                  000069b8    00000002                   : BIOS.obj (.text:ti_sysbios_knl_Clock_logTick__E)
                  000069ba    00000006     --HOLE-- [fill = 0]
                  000069c0    00000002                   : BIOS.obj (.text:xdc_runtime_SysCallback_defaultAbort)
                  000069c2    00000006     --HOLE-- [fill = 0]
                  000069c8    00000002                   : BIOS.obj (.text:xdc_runtime_SysCallback_defaultExit)
                  000069ca    00000006     --HOLE-- [fill = 0]
                  000069d0    00000002                   : BIOS.obj (.text:xdc_runtime_SysCallback_defaultPutch)
                  000069d2    00000006     --HOLE-- [fill = 0]
                  000069d8    00000002                   : BIOS.obj (.text:xdc_runtime_System_abortSpin__E)
                  000069da    00000006     --HOLE-- [fill = 0]
                  000069e0    00000002                   : BIOS.obj (.text:xdc_runtime_System_exitSpin__E)

.const     0    000069e4    00000714     
                  000069e4    00000090     MSP_EXP432P401R.obj (.const:uartMSP432Baudrates)
                  00006a74    00000050     MSP_EXP432P401R.obj (.const:uartMSP432HWAttrs)
                  00006ac4    00000048     release_pem4f.oem4f (.const:.string)
                  00006b0c    0000003c     MSP_EXP432P401R.obj (.const:ADC_config)
                  00006b48    0000003c     MSP_EXP432P401R.obj (.const:adcMSP432HWAttrs)
                  00006b84    0000003c     release_pem4f.oem4f (.const:ti_sysbios_knl_Task_Object__PARAMS__C)
                  00006bc0    00000034     release_pem4f.oem4f (.const:ti_sysbios_knl_Mailbox_Object__PARAMS__C)
                  00006bf4    00000030     release_pem4f.oem4f (.const:ti_sysbios_family_arm_m3_Hwi_Object__PARAMS__C)
                  00006c24    00000028     drivers_msp432p4xx.aem4f : UARTMSP432.oem4f (.const:UARTMSP432_fxnTable)
                  00006c4c    00000028     release_pem4f.oem4f (.const:ti_sysbios_heaps_HeapMem_Module__FXNS__C)
                  00006c74    00000024     drivers_msp432p4xx.aem4f : UART.oem4f (.const:UART_defaultParams)
                  00006c98    00000024     release_pem4f.oem4f (.const:ti_sysbios_gates_GateHwi_Module__FXNS__C)
                  00006cbc    00000024     release_pem4f.oem4f (.const:ti_sysbios_gates_GateMutex_Module__FXNS__C)
                  00006ce0    00000024     release_pem4f.oem4f (.const:ti_sysbios_heaps_HeapMem_Object__PARAMS__C)
                  00006d04    00000024     release_pem4f.oem4f (.const:ti_sysbios_knl_Clock_Object__PARAMS__C)
                  00006d28    00000024     release_pem4f.oem4f (.const:ti_sysbios_knl_Semaphore_Object__PARAMS__C)
                  00006d4c    00000024     release_pem4f.oem4f (.const:xdc_runtime_Startup_sfxnTab__A)
                  00006d70    00000020     display.aem4f : DisplayUart.oem4f (.const:DisplayUartMin_fxnTable)
                  00006d90    00000020     drivers_msp432p4xx.aem4f : UARTMSP432.oem4f (.const:staticFxnTable)
                  00006db0    00000020     release_pem4f.oem4f (.const:ti_sysbios_family_arm_m3_Hwi_Object__DESC__C)
                  00006dd0    00000020     release_pem4f.oem4f (.const:ti_sysbios_gates_GateHwi_Object__DESC__C)
                  00006df0    00000020     release_pem4f.oem4f (.const:ti_sysbios_gates_GateMutex_Object__DESC__C)
                  00006e10    00000020     release_pem4f.oem4f (.const:ti_sysbios_heaps_HeapMem_Object__DESC__C)
                  00006e30    00000020     release_pem4f.oem4f (.const:ti_sysbios_knl_Clock_Object__DESC__C)
                  00006e50    00000020     release_pem4f.oem4f (.const:ti_sysbios_knl_Mailbox_Object__DESC__C)
                  00006e70    00000020     release_pem4f.oem4f (.const:ti_sysbios_knl_Queue_Object__DESC__C)
                  00006e90    00000020     release_pem4f.oem4f (.const:ti_sysbios_knl_Semaphore_Object__DESC__C)
                  00006eb0    00000020     release_pem4f.oem4f (.const:ti_sysbios_knl_Task_Object__DESC__C)
                  00006ed0    00000018     drivers_msp432p4xx.aem4f : ADCMSP432.oem4f (.const:ADCMSP432_fxnTable)
                  00006ee8    00000018     MSP_EXP432P401R.obj (.const:PowerMSP432_config)
                  00006f00    00000018     MSP_EXP432P401R.obj (.const:UART_config)
                  00006f18    00000018     release_pem4f.oem4f (.const:ti_sysbios_gates_GateHwi_Object__PARAMS__C)
                  00006f30    00000018     release_pem4f.oem4f (.const:ti_sysbios_gates_GateMutex_Object__PARAMS__C)
                  00006f48    00000018     release_pem4f.oem4f (.const:ti_sysbios_knl_Queue_Object__PARAMS__C)
                  00006f60    00000014     MSP_EXP432P401R.obj (.const:GPIOMSP432_config)
                  00006f74    00000014     MSP_EXP432P401R.obj (.const:displayUartHWAttrs)
                  00006f88    00000012     release_pem4f.oem4f (.const:xdc_runtime_Startup_sfxnRts__A)
                  00006f9a    00000002     release_pem4f.oem4f (.const:ti_sysbios_family_arm_m3_Hwi_Module__id__C)
                  00006f9c    0000000c     MSP_EXP432P401R.obj (.const:Display_config)
                  00006fa8    0000000c     MSP_EXP432P401R.obj (.const)
                  00006fb4    0000000c     release_pem4f.oem4f (.const:xdc_runtime_Startup_firstFxns__A)
                  00006fc0    00000008     drivers_msp432p4xx.aem4f : ADC.oem4f (.const:ADC_defaultParams)
                  00006fc8    00000008     release_pem4f.oem4f (.const:ti_sysbios_knl_Idle_funcList__C)
                  00006fd0    00000008     release_pem4f.oem4f (.const:xdc_runtime_Startup_firstFxns__C)
                  00006fd8    00000008     release_pem4f.oem4f (.const:xdc_runtime_Startup_lastFxns__C)
                  00006fe0    00000006     drivers_msp432p4xx.aem4f : GPIOMSP432.oem4f (.const:.string:interruptType)
                  00006fe6    00000006                              : GPIOMSP432.oem4f (.const:.string:portInterruptIds)
                  00006fec    00000005                              : UARTMSP432.oem4f (.const:.string:parityTypes)
                  00006ff1    00000001     display.aem4f : Display.oem4f (.const:Display_defaultParams)
                  00006ff2    00000004     drivers_msp432p4xx.aem4f : UARTMSP432.oem4f (.const:stopBits)
                  00006ff6    00000002     release_pem4f.oem4f (.const:ti_sysbios_family_arm_msp432_init_Boot_bypassHFXT__C)
                  00006ff8    00000004     release_pem4f.oem4f (.const:ti_sysbios_family_arm_m3_Hwi_E_alreadyDefined__C)
                  00006ffc    00000004     release_pem4f.oem4f (.const:ti_sysbios_family_arm_m3_Hwi_NUM_INTERRUPTS__C)
                  00007000    00000004     release_pem4f.oem4f (.const:ti_sysbios_family_arm_m3_Hwi_Object__count__C)
                  00007004    00000004     release_pem4f.oem4f (.const:ti_sysbios_family_arm_m3_Hwi_ccr__C)
                  00007008    00000004     release_pem4f.oem4f (.const:ti_sysbios_family_arm_m3_Hwi_excHandlerFunc__C)
                  0000700c    00000004     release_pem4f.oem4f (.const:ti_sysbios_family_arm_m3_Hwi_nullIsrFunc__C)
                  00007010    00000004     release_pem4f.oem4f (.const:ti_sysbios_family_arm_m3_Hwi_priGroup__C)
                  00007014    00000004     release_pem4f.oem4f (.const:ti_sysbios_family_arm_m3_Hwi_swiDisable__C)
                  00007018    00000004     release_pem4f.oem4f (.const:ti_sysbios_family_arm_m3_Hwi_swiRestoreHwi__C)
                  0000701c    00000004     release_pem4f.oem4f (.const:ti_sysbios_family_arm_m3_TaskSupport_stackAlignment__C)
                  00007020    00000004     release_pem4f.oem4f (.const:ti_sysbios_family_arm_msp432_Timer_numTimerDevices__C)
                  00007024    00000004     release_pem4f.oem4f (.const:ti_sysbios_family_arm_msp432_Timer_startupNeeded__C)
                  00007028    00000004     release_pem4f.oem4f (.const:ti_sysbios_gates_GateMutex_Instance_State_sem__O)
                  0000702c    00000004     release_pem4f.oem4f (.const:ti_sysbios_heaps_HeapMem_E_memory__C)
                  00007030    00000004     release_pem4f.oem4f (.const:ti_sysbios_heaps_HeapMem_Module__gateObj__C)
                  00007034    00000004     release_pem4f.oem4f (.const:ti_sysbios_heaps_HeapMem_Object__count__C)
                  00007038    00000004     release_pem4f.oem4f (.const:ti_sysbios_heaps_HeapMem_primaryHeapBaseAddr__C)
                  0000703c    00000004     release_pem4f.oem4f (.const:ti_sysbios_heaps_HeapMem_primaryHeapEndAddr__C)
                  00007040    00000004     release_pem4f.oem4f (.const:ti_sysbios_heaps_HeapMem_reqAlign__C)
                  00007044    00000004     release_pem4f.oem4f (.const:ti_sysbios_knl_Clock_Module_State_clockQ__O)
                  00007048    00000004     release_pem4f.oem4f (.const:ti_sysbios_knl_Clock_tickPeriod__C)
                  0000704c    00000004     release_pem4f.oem4f (.const:ti_sysbios_knl_Idle_funcList__A)
                  00007050    00000004     release_pem4f.oem4f (.const:ti_sysbios_knl_Mailbox_Instance_State_dataQue__O)
                  00007054    00000004     release_pem4f.oem4f (.const:ti_sysbios_knl_Mailbox_Instance_State_dataSem__O)
                  00007058    00000004     release_pem4f.oem4f (.const:ti_sysbios_knl_Mailbox_Instance_State_freeQue__O)
                  0000705c    00000004     release_pem4f.oem4f (.const:ti_sysbios_knl_Mailbox_Instance_State_freeSem__O)
                  00007060    00000004     release_pem4f.oem4f (.const:ti_sysbios_knl_Mailbox_Object__count__C)
                  00007064    00000004     release_pem4f.oem4f (.const:ti_sysbios_knl_Mailbox_maxTypeAlign__C)
                  00007068    00000004     release_pem4f.oem4f (.const:ti_sysbios_knl_Semaphore_Instance_State_pendQ__O)
                  0000706c    00000004     release_pem4f.oem4f (.const:ti_sysbios_knl_Swi_Object__count__C)
                  00007070    00000004     release_pem4f.oem4f (.const:ti_sysbios_knl_Task_Module_State_inactiveQ__O)
                  00007074    00000004     release_pem4f.oem4f (.const:ti_sysbios_knl_Task_Object__count__C)
                  00007078    00000004     release_pem4f.oem4f (.const:ti_sysbios_knl_Task_Object__heap__C)
                  0000707c    00000004     release_pem4f.oem4f (.const:ti_sysbios_knl_Task_allBlockedFunc__C)
                  00007080    00000004     release_pem4f.oem4f (.const:ti_sysbios_knl_Task_defaultStackHeap__C)
                  00007084    00000004     release_pem4f.oem4f (.const:ti_sysbios_knl_Task_defaultStackSize__C)
                  00007088    00000004     release_pem4f.oem4f (.const:ti_sysbios_knl_Task_numConstructedTasks__C)
                  0000708c    00000004     release_pem4f.oem4f (.const:xdc_runtime_Error_E_memory__C)
                  00007090    00000004     release_pem4f.oem4f (.const:xdc_runtime_Error_policyFxn__C)
                  00007094    00000004     release_pem4f.oem4f (.const:xdc_runtime_IGateProvider_Interface__BASE__C)
                  00007098    00000004     release_pem4f.oem4f (.const:xdc_runtime_IHeap_Interface__BASE__C)
                  0000709c    00000004     release_pem4f.oem4f (.const:xdc_runtime_IModule_Interface__BASE__C)
                  000070a0    00000004     release_pem4f.oem4f (.const:xdc_runtime_Memory_defaultHeapInstance__C)
                  000070a4    00000004     release_pem4f.oem4f (.const:xdc_runtime_Startup_execImpl__C)
                  000070a8    00000004     release_pem4f.oem4f (.const:xdc_runtime_Startup_maxPasses__C)
                  000070ac    00000004     release_pem4f.oem4f (.const:xdc_runtime_Startup_sfxnRts__C)
                  000070b0    00000004     release_pem4f.oem4f (.const:xdc_runtime_Startup_sfxnTab__C)
                  000070b4    00000004     release_pem4f.oem4f (.const:xdc_runtime_SysCallback_abortFxn__C)
                  000070b8    00000004     release_pem4f.oem4f (.const:xdc_runtime_SysCallback_exitFxn__C)
                  000070bc    00000004     release_pem4f.oem4f (.const:xdc_runtime_SysCallback_putchFxn__C)
                  000070c0    00000004     release_pem4f.oem4f (.const:xdc_runtime_SysCallback_readyFxn__C)
                  000070c4    00000004     release_pem4f.oem4f (.const:xdc_runtime_System_Module__gateObj__C)
                  000070c8    00000004     release_pem4f.oem4f (.const:xdc_runtime_System_abortFxn__C)
                  000070cc    00000004     release_pem4f.oem4f (.const:xdc_runtime_System_exitFxn__C)
                  000070d0    00000004     release_pem4f.oem4f (.const:xdc_runtime_System_extendFxn__C)
                  000070d4    00000004     release_pem4f.oem4f (.const:xdc_runtime_System_maxAtexitHandlers__C)
                  000070d8    00000004     release_pem4f.oem4f (.const:xdc_runtime_Text_charTab__C)
                  000070dc    00000004     release_pem4f.oem4f (.const:xdc_runtime_Text_nameEmpty__C)
                  000070e0    00000004     release_pem4f.oem4f (.const:xdc_runtime_Text_nameStatic__C)
                  000070e4    00000004     release_pem4f.oem4f (.const:xdc_runtime_Text_nameUnknown__C)
                  000070e8    00000002     release_pem4f.oem4f (.const:ti_sysbios_family_arm_msp432_init_Boot_bypassLFXT__C)
                  000070ea    00000002     release_pem4f.oem4f (.const:ti_sysbios_family_arm_msp432_init_Boot_enableHFXT__C)
                  000070ec    00000002     release_pem4f.oem4f (.const:ti_sysbios_family_arm_msp432_init_Boot_enableLFXT__C)
                  000070ee    00000002     release_pem4f.oem4f (.const:ti_sysbios_heaps_HeapMem_Module__id__C)
                  000070f0    00000002     release_pem4f.oem4f (.const:xdc_runtime_Memory_Module__id__C)
                  000070f2    00000002     release_pem4f.oem4f (.const:xdc_runtime_Text_charCnt__C)
                  000070f4    00000002     release_pem4f.oem4f (.const:xdc_runtime_Text_isLoaded__C)
                  000070f6    00000001     release_pem4f.oem4f (.const:xdc_runtime_Error_policy__C)
                  000070f7    00000001     release_pem4f.oem4f (.const:xdc_runtime_Text_charTab__A)

.cinit     0    000070f8    00000238     
                  000070f8    0000020f     (.cinit..data.load) [load image, compression = lzss]
                  00007307    00000001     --HOLE-- [fill = 0]
                  00007308    0000000c     (__TI_handler_table)
                  00007314    00000004     --HOLE-- [fill = 0]
                  00007318    00000008     (.cinit..bss.load) [load image, compression = zero_init]
                  00007320    00000010     (__TI_cinit_table)

.init_array 
*          0    00000000    00000000     UNINITIALIZED

.bss       0    20008140    000008f6     UNINITIALIZED
                  20008140    00000400     MSP_EXP432P401R.obj (.bss:displayBuf)
                  20008540    00000200     release_pem4f.oem4f (.bss:taskStackSection)
                  20008740    00000140     (.common:ti_sysbios_family_arm_m3_Hwi_dispatchTable)
                  20008880    00000100     (.common:uartMSP432Objects)
                  20008980    00000040     (.common:uartMSP432RingBuffer)
                  200089c0    00000030     drivers_msp432p4xx.aem4f : GPIOMSP432.oem4f (.bss:gpioCallbackInfo)
                  200089f0    0000001c     rtsv7M4_T_le_v4SPD16_eabi.lib : vla_alloc.obj (.bss:$O1$$)
                  20008a0c    0000000c     (.common:adcMSP432Objects)
                  20008a18    0000000c     (.common:displayUartObject)
                  20008a24    00000004     (.common:display)
                  20008a28    00000004     (.common:samp_mqdes)
                  20008a2c    00000004     (.common:sysHold)
                  20008a30    00000002     (.common:SpO2)
                  20008a32    00000002     (.common:errorCount)
                  20008a34    00000002     (.common:pulseRate)

.data      0    20008a38    00000599     UNINITIALIZED
                  20008a38    000000d0     drivers_msp432p4xx.aem4f : PowerMSP432.oem4f (.data:PowerMSP432_perfLevels)
                  20008b08    00000080     release_pem4f.oem4f (.data:ti_sysbios_knl_Swi_Module_State_0_readyQ__A)
                  20008b88    00000080     release_pem4f.oem4f (.data:ti_sysbios_knl_Task_Module_State_0_readyQ__A)
                  20008c08    0000004c     release_pem4f.oem4f (.data:ti_sysbios_family_arm_msp432_Timer_Object__table__V)
                  20008c54    0000004c     release_pem4f.oem4f (.data:ti_sysbios_knl_Task_Object__table__V)
                  20008ca0    00000044     sysbios.aem4f : BIOS.obj (.data:$O1$$)
                  20008ce4    00000044     release_pem4f.oem4f (.data:ti_sysbios_knl_Task_Module__state__V)
                  20008d28    00000038     release_pem4f.oem4f (.data:ti_sysbios_gates_GateMutex_Object__table__V)
                  20008d60    00000034     release_pem4f.oem4f (.data:ti_sysbios_family_arm_m3_Hwi_Module__state__V)
                  20008d94    00000030     release_pem4f.oem4f (.data:ti_sysbios_knl_Swi_Object__table__V)
                  20008dc4    0000002c     drivers_msp432p4xx.aem4f : PowerMSP432.oem4f (.data:PowerMSP432_module)
                  20008df0    0000002c     release_pem4f.oem4f (.data:ti_sysbios_knl_Clock_Module__state__V)
                  20008e1c    00000024     release_pem4f.oem4f (.data:ti_sysbios_BIOS_Module__state__V)
                  20008e40    00000020     release_pem4f.oem4f (.data:ti_sysbios_family_arm_msp432_Timer_Module_State_0_device__A)
                  20008e60    00000020     release_pem4f.oem4f (.data:xdc_runtime_Error_IgnoreBlock)
                  20008e80    0000001c     release_pem4f.oem4f (.data:ti_sysbios_knl_Swi_Module__state__V)
                  20008e9c    00000018     release_pem4f.oem4f (.data:ti_sysbios_family_arm_m3_Hwi_Object__table__V)
                  20008eb4    00000018     release_pem4f.oem4f (.data:ti_sysbios_heaps_HeapMem_Object__table__V)
                  20008ecc    00000014     SampandCalc.obj (.data:ir)
                  20008ee0    00000014     SampandCalc.obj (.data:red)
                  20008ef4    00000010     MSP_EXP432P401R.obj (.data:gpioPinConfigs)
                  20008f04    00000010     release_pem4f.oem4f (.data:ti_sysbios_family_arm_msp432_Timer_Module_State_0_handles__A)
                  20008f14    0000000c     rtsv7M4_T_le_v4SPD16_eabi.lib : exit.obj (.data:$O1$$)
                  20008f20    0000000c     release_pem4f.oem4f (.data:ti_sysbios_family_arm_msp432_ClockFreqs_Module__state__V)
                  20008f2c    0000000c     release_pem4f.oem4f (.data:ti_sysbios_family_arm_msp432_Timer_Module__state__V)
                  20008f38    00000008     rtsv7M4_T_le_v4SPD16_eabi.lib : _lock.obj (.data:$O1$$)
                  20008f40    00000008     drivers_msp432p4xx.aem4f : ADCMSP432.oem4f (.data)
                  20008f48    00000008     MSP_EXP432P401R.obj (.data:gpioCallbackFunctions)
                  20008f50    00000008     release_pem4f.oem4f (.data:ti_sysbios_family_arm_m3_Hwi_Module__root__V)
                  20008f58    00000008     release_pem4f.oem4f (.data:ti_sysbios_gates_GateHwi_Module__root__V)
                  20008f60    00000008     release_pem4f.oem4f (.data:ti_sysbios_gates_GateMutex_Module__root__V)
                  20008f68    00000008     release_pem4f.oem4f (.data:ti_sysbios_heaps_HeapMem_Module__root__V)
                  20008f70    00000008     release_pem4f.oem4f (.data:ti_sysbios_knl_Clock_Module__root__V)
                  20008f78    00000008     release_pem4f.oem4f (.data:ti_sysbios_knl_Mailbox_Module__root__V)
                  20008f80    00000008     release_pem4f.oem4f (.data:ti_sysbios_knl_Queue_Module__root__V)
                  20008f88    00000008     release_pem4f.oem4f (.data:ti_sysbios_knl_Semaphore_Module__root__V)
                  20008f90    00000008     release_pem4f.oem4f (.data:ti_sysbios_knl_Task_Module__root__V)
                  20008f98    00000008     release_pem4f.oem4f (.data:xdc_runtime_Startup_Module__state__V)
                  20008fa0    00000008     release_pem4f.oem4f (.data:xdc_runtime_System_Module_State_0_atexitHandlers__A)
                  20008fa8    00000008     release_pem4f.oem4f (.data:xdc_runtime_System_Module__state__V)
                  20008fb0    00000004     main_tirtos.obj (.data)
                  20008fb4    00000004     rtsv7M4_T_le_v4SPD16_eabi.lib : stkdepth_vars.obj (.data)
                  20008fb8    00000004     release_pem4f.oem4f (.data:ti_sysbios_family_arm_m3_Hwi_Module_State_0_excContext__A)
                  20008fbc    00000004     release_pem4f.oem4f (.data:ti_sysbios_family_arm_m3_Hwi_Module_State_0_excStack__A)
                  20008fc0    00000004     release_pem4f.oem4f (.data:ti_sysbios_gates_GateHwi_Object__table__V)
                  20008fc4    00000004     release_pem4f.oem4f (.data:ti_sysbios_knl_Task_Module_State_0_idleTask__A)
                  20008fc8    00000004     release_pem4f.oem4f (.data:xdc_runtime_Memory_Module__state__V)
                  20008fcc    00000002     release_pem4f.oem4f (.data:ti_sysbios_family_arm_m3_Hwi_Module_State_0_excActive__A)
                  20008fce    00000001     drivers_msp432p4xx.aem4f : ADC.oem4f (.data)
                  20008fcf    00000001                              : GPIOMSP432.oem4f (.data)
                  20008fd0    00000001                              : UART.oem4f (.data)

.priheap   0    20000140    00008000     UNINITIALIZED
                  20000140    00008000     --HOLE--

.stack     0    2000fc00    00000400     UNINITIALIZED
                  2000fc00    00000400     --HOLE--

.bootVecs 
*          0    00000000    00000008     DSECT
                  00000000    00000008     boot.aem4f : boot.oem4f (.bootVecs)

.resetVecs 
*          0    00000000    0000003c     
                  00000000    0000003c     release_pem4f.oem4f (.resetVecs)

.vecs      0    20000000    00000140     NOLOAD SECTION
                  20000000    00000140     release_pem4f.oem4f (.vecs)

xdc.meta   0    00000000    00000141     COPY SECTION
                  00000000    00000141     release_pem4f.oem4f (xdc.meta)

xdc.noload 
*          0    00000000    00000000     COPY SECTION

.binit     0    00000000    00000000     

MODULE SUMMARY

       Module                     code    ro data   rw data
       ------                     ----    -------   -------
    .\
       SampandCalc.obj            1852    0         40     
       MSP_EXP432P401R.obj        8       456       1392   
       main_tirtos.obj            372     0         18     
       SystemControl.obj          168     0         4      
    +--+--------------------------+-------+---------+---------+
       Total:                     2400    456       1454   
                                                           
    C:\Users\david\Google Drive\Capstone 2017\_Software\MSP432\OxiScope MSP432 CCSv7 Workspace\tirtos_builds_MSP_EXP432P401R_release_ccs\Debug\configPkg\package\cfg\
       release_pem4f.oem4f        2038    1222      2162   
    +--+--------------------------+-------+---------+---------+
       Total:                     2038    1222      2162   
                                                           
    C:/ti/simplelink_msp432_sdk_1_30_00_40/kernel/tirtos/packages/ti/dpl/lib/dpl_msp432p4xx.aem4f
       PowerMSP432_tirtos.oem4f   126     0         0      
       SemaphoreP_tirtos.oem4f    116     0         0      
       ClockP_tirtos.oem4f        110     0         0      
       HwiP_tirtos.oem4f          100     0         0      
       SystemP_tirtos.oem4f       4       0         0      
    +--+--------------------------+-------+---------+---------+
       Total:                     456     0         0      
                                                           
    C:/ti/simplelink_msp432_sdk_1_30_00_40/source/ti/devices/msp432p4xx/driverlib/ccs/msp432p4xx_driverlib.lib
       cs.o                       260     0         0      
       sysctl.o                   48      0         0      
       cpu.o                      24      0         0      
    +--+--------------------------+-------+---------+---------+
       Total:                     332     0         0      
                                                           
    C:/ti/simplelink_msp432_sdk_1_30_00_40/source/ti/display/lib/display.aem4f
       DisplayUart.oem4f          196     32        0      
       Display.oem4f              174     1         0      
    +--+--------------------------+-------+---------+---------+
       Total:                     370     33        0      
                                                           
    C:/ti/simplelink_msp432_sdk_1_30_00_40/source/ti/drivers/lib/drivers_msp432p4xx.aem4f
       UARTMSP432.oem4f           3270    81        0      
       PowerMSP432.oem4f          1660    0         252    
       GPIOMSP432.oem4f           716     12        49     
       ADCMSP432.oem4f            706     24        8      
       UART.oem4f                 182     36        1      
       RingBuf.oem4f              184     0         0      
       ADC.oem4f                  148     8         1      
       List.oem4f                 68      0         0      
    +--+--------------------------+-------+---------+---------+
       Total:                     6934    161       311    
                                                           
    C:\Users\david\Google Drive\Capstone 2017\_Software\MSP432\OxiScope MSP432 CCSv7 Workspace\tirtos_builds_MSP_EXP432P401R_release_ccs\src\sysbios\sysbios.aem4f
       BIOS.obj                   10851   0         68     
       m3_Hwi_asm.obj             306     0         0      
       m3_TaskSupport_asm.obj     180     0         0      
       m3_Hwi_asm_switch.obj      118     0         0      
    +--+--------------------------+-------+---------+---------+
       Total:                     11455   0         68     
                                                           
    C:\ti\ccsv7\tools\compiler\ti-cgt-arm_17.3.0.STS\lib\rtsv7M4_T_le_v4SPD16_eabi.lib
       vla_alloc.obj              584     0         28     
       fd_add_t2.obj              438     0         0      
       fd_cmp_t2.obj              268     0         0      
       fd_mul_t2.obj              252     0         0      
       memcpy_t2.obj              156     0         0      
       memset_t2.obj              122     0         0      
       copy_decompress_lzss.obj   104     0         0      
       exit.obj                   84      0         12     
       cpy_tbl.obj                76      0         0      
       fd_toi_t2.obj              72      0         0      
       fd_tou_t2.obj              68      0         0      
       u_divt2.obj                64      0         0      
       fs_tod_t2.obj              56      0         0      
       i_tofd_t2.obj              46      0         0      
       _lock.obj                  20      0         8      
       args_main.obj              24      0         0      
       strcmp.obj                 24      0         0      
       strcpy.obj                 20      0         0      
       strlen.obj                 20      0         0      
       copy_decompress_none.obj   14      0         0      
       copy_zero_init.obj         12      0         0      
       error.obj                  4       0         0      
       stkdepth_vars.obj          0       0         4      
       i_div0.obj                 2       0         0      
    +--+--------------------------+-------+---------+---------+
       Total:                     2530    0         52     
                                                           
    C:\ti\simplelink_msp432_sdk_1_30_00_40\kernel\tirtos\packages\ti\targets\arm\rtsarm\lib\auto_init.aem4f
       auto_init.oem4f            160     0         0      
    +--+--------------------------+-------+---------+---------+
       Total:                     160     0         0      
                                                           
    C:\ti\simplelink_msp432_sdk_1_30_00_40\kernel\tirtos\packages\ti\targets\arm\rtsarm\lib\boot.aem4f
       boot.oem4f                 88      0         0      
    +--+--------------------------+-------+---------+---------+
       Total:                     88      0         0      
                                                           
       Stack:                     0       0         1024   
       Linker Generated:          0       563       0      
    +--+--------------------------+-------+---------+---------+
       Grand Total:               26763   2435      5071   


LINKER GENERATED COPY TABLES

__TI_cinit_table @ 00007320 records: 2, size/record: 8, table size: 16
	.data: load addr=000070f8, load size=0000020f bytes, run addr=20008a38, run size=00000599 bytes, compression=lzss
	.bss: load addr=00007318, load size=00000008 bytes, run addr=20008140, run size=000008f6 bytes, compression=zero_init


LINKER GENERATED HANDLER TABLE

__TI_handler_table @ 00007308 records: 3, size/record: 4, table size: 12
	index: 0, handler: __TI_decompress_lzss
	index: 1, handler: __TI_decompress_none
	index: 2, handler: __TI_zero_init


GLOBAL SYMBOLS: SORTED ALPHABETICALLY BY Name 

address   name                                                        
-------   ----                                                        
00006fa9  ADCBuf_count                                                
00004229  ADCMSP432_close                                             
0000581b  ADCMSP432_control                                           
00001c71  ADCMSP432_convert                                           
00004a35  ADCMSP432_convertRawToMicroVolts                            
00006ed0  ADCMSP432_fxnTable                                          
000028cb  ADCMSP432_init                                              
00003095  ADCMSP432_open                                              
0000688d  ADC_Params_init                                             
00006b0c  ADC_config                                                  
00006897  ADC_convert                                                 
00006fa8  ADC_count                                                   
00006fc0  ADC_defaultParams                                           
00005031  ADC_init                                                    
00005521  ADC_open                                                    
00003975  BoxAndWhiskAlg                                              
0000488d  C$$EXIT                                                     
000067a7  CPU_cpsid                                                   
000067b3  CPU_cpsie                                                   
00002271  CS_initClockSignal                                          
00005ded  CS_setDCOCenteredFrequency                                  
000012a5  CalcSpO2PRThread                                            
00004791  CalcWaveCharThread                                          
00006faa  Capture_count                                               
000068ff  ClockP_Params_init                                          
0000555d  ClockP_create                                               
00006731  ClockP_delete                                               
0000654d  ClockP_start                                                
0000654d  ClockP_startFromISR                                         
000068a1  ClockP_stop                                                 
000068a1  ClockP_stopFromISR                                          
00003093  DisplayUartMin_clear                                        
0000325f  DisplayUartMin_clearLines                                   
00006449  DisplayUartMin_close                                        
0000648b  DisplayUartMin_control                                      
00006d70  DisplayUartMin_fxnTable                                     
00006583  DisplayUartMin_getType                                      
000035bf  DisplayUartMin_init                                         
00004739  DisplayUartMin_open                                         
00004f59  DisplayUartMin_vprintf                                      
00006f9c  Display_config                                              
00006fab  Display_count                                               
00006ff1  Display_defaultParams                                       
00005c85  Display_doInit                                              
000042e9  Display_doOpen                                              
00005c2d  Display_doPrintf                                            
00006f60  GPIOMSP432_config                                           
00004029  GPIO_hwiIntFxn                                              
00004345  GPIO_init                                                   
000047e5  GPIO_setCallback                                            
[...]
00006769  __TI_decompress_none                                        
00006779  pthread_attr_setdetachstate                                 
00006789  ti_sysbios_knl_Idle_loop__E                                 
00006799  ti_sysbios_knl_Queue_empty__E                               
000067a7  CPU_cpsid                                                   
000067b3  CPU_cpsie                                                   
000067c1  Power_getConstraintMask                                     
000067cd  Power_getPerformanceLevel                                   
000067d9  __TI_zero_init                                              
000067e9  pthread_self                                                
000067f5  ti_sysbios_family_arm_m3_Hwi_Params__init__S                
000067f5  ti_sysbios_hal_Hwi_HwiProxy_Params__init__S                 
00006801  ti_sysbios_family_arm_m3_Hwi_disableFxn__E                  
00006801  ti_sysbios_hal_Hwi_HwiProxy_disable__E                      
00006811  ti_sysbios_family_arm_m3_TaskSupport_getStackAlignment__E   
00006811  ti_sysbios_knl_Task_SupportProxy_getStackAlignment__E       
00006821  ti_sysbios_family_arm_msp432_Timer_getMaxTicks__E           
00006831  ti_sysbios_gates_GateHwi_enter__E                           
0000683d  ti_sysbios_knl_Clock_Params__init__S                        
00006849  ti_sysbios_knl_Queue_Object__get__S                         
00006855  ti_sysbios_knl_Semaphore_Params__init__S                    
00006861  ti_sysbios_knl_Task_Params__init__S                         
00006871  xdc_runtime_Gate_enterSystem__E                             
00006881  xdc_runtime_Startup_rtsDone__E                              
0000688d  ADC_Params_init                                             
00006897  ADC_convert                                                 
000068a1  ClockP_stop                                                 
000068a1  ClockP_stopFromISR                                          
000068ab  SemaphoreP_Params_init                                      
000068b5  SemaphoreP_post                                             
000068b5  SemaphoreP_postFromClock                                    
000068bf  UART_close                                                  
000068c9  UART_control                                                
000068d3  UART_write                                                  
000068e1  pthread_mutex_lock                                          
000068eb  xdc_runtime_Memory_HeapProxy_alloc__E                       
000068f5  xdc_runtime_Memory_HeapProxy_free__E                        
000068ff  ClockP_Params_init                                          
00006907  MSP_EXP432P401R_initGeneral                                 
00006911  pthread_attr_setstacksize                                   
00006921  ti_sysbios_family_arm_m3_Hwi_doSwiRestore__I                
00006929  ti_sysbios_family_arm_m3_Hwi_startup__E                     
00006929  ti_sysbios_hal_Hwi_HwiProxy_startup__E                      
00006941  ti_sysbios_family_arm_m3_Hwi_doTaskRestore__I               
00006949  HwiP_restore                                                
00006949  ti_sysbios_family_arm_m3_Hwi_restoreFxn__E                  
00006949  ti_sysbios_hal_Hwi_HwiProxy_restore__E                      
00006951  ti_sysbios_gates_GateHwi_leave__E                           
00006959  ti_sysbios_heaps_HeapMem_isBlocking__E                      
00006961  ti_sysbios_knl_Clock_stop__E                                
00006969  ti_sysbios_knl_Queue_Instance_init__E                       
00006971  ti_sysbios_knl_Swi_startup__E                               
00006979  xdc_runtime_System_Module_startup__E                        
00006981  ti_sysbios_gates_GateHwi_query__E                           
00006981  xdc_runtime_Main_Module_GateProxy_query__E                  
00006981  xdc_runtime_System_Module_GateProxy_query__E                
00006989  ti_sysbios_BIOS_RtsGateProxy_query__E                       
00006989  ti_sysbios_gates_GateMutex_query__E                         
00006989  ti_sysbios_heaps_HeapMem_Module_GateProxy_query__E          
00006991  ti_sysbios_knl_Clock_setTimeout__E                          
00006999  ti_sysbios_knl_Task_startup__E                              
000069a1  xdc_runtime_SysCallback_defaultReady                        
000069a9  ti_sysbios_BIOS_linkedWithIncorrectBootLibrary__E           
000069b1  ti_sysbios_gates_GateHwi_Instance_init__E                   
000069b9  ti_sysbios_knl_Clock_logTick__E                             
000069c1  xdc_runtime_SysCallback_defaultAbort                        
000069c9  xdc_runtime_SysCallback_defaultExit                         
000069d1  xdc_runtime_SysCallback_defaultPutch                        
000069d9  xdc_runtime_System_abortSpin__E                             
000069e1  xdc_runtime_System_exitSpin__E                              
000069e4  uartMSP432Baudrates                                         
00006a74  uartMSP432HWAttrs                                           
00006b0c  ADC_config                                                  
00006b48  adcMSP432HWAttrs                                            
00006b84  ti_sysbios_knl_Task_Object__PARAMS__C                       
00006bc0  ti_sysbios_knl_Mailbox_Object__PARAMS__C                    
00006bf4  ti_sysbios_family_arm_m3_Hwi_Object__PARAMS__C              
00006c24  UARTMSP432_fxnTable                                         
00006c4c  ti_sysbios_heaps_HeapMem_Module__FXNS__C                    
00006c74  UART_defaultParams                                          
00006c98  ti_sysbios_gates_GateHwi_Module__FXNS__C                    
00006cbc  ti_sysbios_gates_GateMutex_Module__FXNS__C                  
00006ce0  ti_sysbios_heaps_HeapMem_Object__PARAMS__C                  
00006d04  ti_sysbios_knl_Clock_Object__PARAMS__C                      
00006d28  ti_sysbios_knl_Semaphore_Object__PARAMS__C                  
00006d4c  xdc_runtime_Startup_sfxnTab__A                              
00006d70  DisplayUartMin_fxnTable                                     
00006db0  ti_sysbios_family_arm_m3_Hwi_Object__DESC__C                
00006dd0  ti_sysbios_gates_GateHwi_Object__DESC__C                    
00006df0  ti_sysbios_gates_GateMutex_Object__DESC__C                  
00006e10  ti_sysbios_heaps_HeapMem_Object__DESC__C                    
00006e30  ti_sysbios_knl_Clock_Object__DESC__C                        
00006e50  ti_sysbios_knl_Mailbox_Object__DESC__C                      
00006e70  ti_sysbios_knl_Queue_Object__DESC__C                        
00006e90  ti_sysbios_knl_Semaphore_Object__DESC__C                    
00006eb0  ti_sysbios_knl_Task_Object__DESC__C                         
00006ed0  ADCMSP432_fxnTable                                          
00006ee8  PowerMSP432_config                                          
00006f00  UART_config                                                 
00006f18  ti_sysbios_gates_GateHwi_Object__PARAMS__C                  
00006f30  ti_sysbios_gates_GateMutex_Object__PARAMS__C                
00006f48  ti_sysbios_knl_Queue_Object__PARAMS__C                      
00006f60  GPIOMSP432_config                                           
00006f74  displayUartHWAttrs                                          
00006f88  xdc_runtime_Startup_sfxnRts__A                              
00006f9a  ti_sysbios_family_arm_m3_Hwi_Module__id__C                  
00006f9c  Display_config                                              
00006fa8  ADC_count                                                   
00006fa9  ADCBuf_count                                                
00006faa  Capture_count                                               
00006fab  Display_count                                               
00006fac  I2C_count                                                   
00006fad  I2CSlave_count                                              
00006fae  PWM_count                                                   
00006faf  SDSPI_count                                                 
00006fb0  SPI_count                                                   
00006fb1  Timer_count                                                 
00006fb2  UART_count                                                  
00006fb3  Watchdog_count                                              
00006fb4  xdc_runtime_Startup_firstFxns__A                            
00006fc0  ADC_defaultParams                                           
00006fc8  ti_sysbios_knl_Idle_funcList__C                             
00006fd0  xdc_runtime_Startup_firstFxns__C                            
00006fd8  xdc_runtime_Startup_lastFxns__C                             
00006ff1  Display_defaultParams                                       
00006ff6  ti_sysbios_family_arm_msp432_init_Boot_bypassHFXT__C        
00006ff8  ti_sysbios_family_arm_m3_Hwi_E_alreadyDefined__C            
00006ffc  ti_sysbios_family_arm_m3_Hwi_NUM_INTERRUPTS__C              
00007000  ti_sysbios_family_arm_m3_Hwi_Object__count__C               
00007004  ti_sysbios_family_arm_m3_Hwi_ccr__C                         
00007008  ti_sysbios_family_arm_m3_Hwi_excHandlerFunc__C              
0000700c  ti_sysbios_family_arm_m3_Hwi_nullIsrFunc__C                 
00007010  ti_sysbios_family_arm_m3_Hwi_priGroup__C                    
00007014  ti_sysbios_family_arm_m3_Hwi_swiDisable__C                  
00007018  ti_sysbios_family_arm_m3_Hwi_swiRestoreHwi__C               
0000701c  ti_sysbios_family_arm_m3_TaskSupport_stackAlignment__C      
00007020  ti_sysbios_family_arm_msp432_Timer_numTimerDevices__C       
00007024  ti_sysbios_family_arm_msp432_Timer_startupNeeded__C         
00007028  ti_sysbios_gates_GateMutex_Instance_State_sem__O            
0000702c  ti_sysbios_heaps_HeapMem_E_memory__C                        
00007030  ti_sysbios_heaps_HeapMem_Module__gateObj__C                 
00007034  ti_sysbios_heaps_HeapMem_Object__count__C                   
00007038  ti_sysbios_heaps_HeapMem_primaryHeapBaseAddr__C             
0000703c  ti_sysbios_heaps_HeapMem_primaryHeapEndAddr__C              
00007040  ti_sysbios_heaps_HeapMem_reqAlign__C                        
00007044  ti_sysbios_knl_Clock_Module_State_clockQ__O                 
00007048  ti_sysbios_knl_Clock_tickPeriod__C                          
0000704c  ti_sysbios_knl_Idle_funcList__A                             
00007050  ti_sysbios_knl_Mailbox_Instance_State_dataQue__O            
00007054  ti_sysbios_knl_Mailbox_Instance_State_dataSem__O            
00007058  ti_sysbios_knl_Mailbox_Instance_State_freeQue__O            
0000705c  ti_sysbios_knl_Mailbox_Instance_State_freeSem__O            
00007060  ti_sysbios_knl_Mailbox_Object__count__C                     
00007064  ti_sysbios_knl_Mailbox_maxTypeAlign__C                      
00007068  ti_sysbios_knl_Semaphore_Instance_State_pendQ__O            
0000706c  ti_sysbios_knl_Swi_Object__count__C                         
00007070  ti_sysbios_knl_Task_Module_State_inactiveQ__O               
00007074  ti_sysbios_knl_Task_Object__count__C                        
00007078  ti_sysbios_knl_Task_Object__heap__C                         
0000707c  ti_sysbios_knl_Task_allBlockedFunc__C                       
00007080  ti_sysbios_knl_Task_defaultStackHeap__C                     
00007084  ti_sysbios_knl_Task_defaultStackSize__C                     
00007088  ti_sysbios_knl_Task_numConstructedTasks__C                  
0000708c  xdc_runtime_Error_E_memory__C                               
00007090  xdc_runtime_Error_policyFxn__C                              
00007094  xdc_runtime_IGateProvider_Interface__BASE__C                
00007098  xdc_runtime_IHeap_Interface__BASE__C                        
0000709c  xdc_runtime_IModule_Interface__BASE__C                      
000070a0  xdc_runtime_Memory_defaultHeapInstance__C                   
000070a4  xdc_runtime_Startup_execImpl__C                             
000070a8  xdc_runtime_Startup_maxPasses__C                            
000070ac  xdc_runtime_Startup_sfxnRts__C                              
000070b0  xdc_runtime_Startup_sfxnTab__C                              
000070b4  xdc_runtime_SysCallback_abortFxn__C                         
000070b8  xdc_runtime_SysCallback_exitFxn__C                          
000070bc  xdc_runtime_SysCallback_putchFxn__C                         
000070c0  xdc_runtime_SysCallback_readyFxn__C                         
000070c4  xdc_runtime_System_Module__gateObj__C                       
000070c8  xdc_runtime_System_abortFxn__C                              
000070cc  xdc_runtime_System_exitFxn__C                               
000070d0  xdc_runtime_System_extendFxn__C                             
000070d4  xdc_runtime_System_maxAtexitHandlers__C                     
000070d8  xdc_runtime_Text_charTab__C                                 
000070dc  xdc_runtime_Text_nameEmpty__C                               
000070e0  xdc_runtime_Text_nameStatic__C                              
000070e4  xdc_runtime_Text_nameUnknown__C                             
000070e8  ti_sysbios_family_arm_msp432_init_Boot_bypassLFXT__C        
000070ea  ti_sysbios_family_arm_msp432_init_Boot_enableHFXT__C        
000070ec  ti_sysbios_family_arm_msp432_init_Boot_enableLFXT__C        
000070ee  ti_sysbios_heaps_HeapMem_Module__id__C                      
000070f0  xdc_runtime_Memory_Module__id__C                            
000070f2  xdc_runtime_Text_charCnt__C                                 
000070f4  xdc_runtime_Text_isLoaded__C                                
000070f6  xdc_runtime_Error_policy__C                                 
000070f7  xdc_runtime_Text_charTab__A                                 
000070f8  __TI_static_base__                                          
00007308  __TI_Handler_Table_Base                                     
00007314  __TI_Handler_Table_Limit                                    
00007320  __TI_CINIT_Base                                             
00007330  __TI_CINIT_Limit                                            
00008000  HEAPSIZE                                                    
20000000  ti_sysbios_family_arm_m3_Hwi_ramVectors                     
20000140  __primary_heap_start__                                      
20008140  __primary_heap_end__                                        
20008540  ti_sysbios_knl_Task_Instance_State_0_stack__A               
20008740  ti_sysbios_family_arm_m3_Hwi_dispatchTable                  
20008880  uartMSP432Objects                                           
20008980  uartMSP432RingBuffer                                        
20008a0c  adcMSP432Objects                                            
20008a18  displayUartObject                                           
20008a24  display                                                     
20008a28  samp_mqdes                                                  
20008a2c  sysHold                                                     
20008a30  SpO2                                                        
20008a32  errorCount                                                  
20008a34  pulseRate                                                   
20008a38  PowerMSP432_perfLevels                                      
20008b08  ti_sysbios_knl_Swi_Module_State_0_readyQ__A                 
20008b88  ti_sysbios_knl_Task_Module_State_0_readyQ__A                
20008c08  ti_sysbios_family_arm_msp432_Timer_Object__table__V         
20008c54  ti_sysbios_knl_Task_Object__table__V                        
20008ce4  ti_sysbios_knl_Task_Module__state__V                        
20008d28  ti_sysbios_gates_GateMutex_Object__table__V                 
20008d60  ti_sysbios_family_arm_m3_Hwi_Module__state__V               
20008d94  ti_sysbios_knl_Swi_Object__table__V                         
20008dc4  PowerMSP432_module                                          
20008df0  ti_sysbios_knl_Clock_Module__state__V                       
20008e1c  ti_sysbios_BIOS_Module__state__V                            
20008e40  ti_sysbios_family_arm_msp432_Timer_Module_State_0_device__A 
20008e60  xdc_runtime_Error_IgnoreBlock                               
20008e80  ti_sysbios_knl_Swi_Module__state__V                         
20008e9c  ti_sysbios_family_arm_m3_Hwi_Object__table__V               
20008eb4  ti_sysbios_heaps_HeapMem_Object__table__V                   
20008ecc  ir                                                          
20008ee0  red                                                         
20008ef4  gpioPinConfigs                                              
20008f04  ti_sysbios_family_arm_msp432_Timer_Module_State_0_handles__A
20008f14  __TI_cleanup_ptr                                            
20008f18  __TI_dtors_ptr                                              
20008f1c  __TI_enable_exit_profile_output                             
20008f20  ti_sysbios_family_arm_msp432_ClockFreqs_Module__state__V    
20008f2c  ti_sysbios_family_arm_msp432_Timer_Module__state__V         
20008f38  _lock                                                       
20008f3c  _unlock                                                     
20008f48  gpioCallbackFunctions                                       
20008f50  ti_sysbios_family_arm_m3_Hwi_Module__root__V                
20008f58  ti_sysbios_gates_GateHwi_Module__root__V                    
20008f60  ti_sysbios_gates_GateMutex_Module__root__V                  
20008f68  ti_sysbios_heaps_HeapMem_Module__root__V                    
20008f70  ti_sysbios_knl_Clock_Module__root__V                        
20008f78  ti_sysbios_knl_Mailbox_Module__root__V                      
20008f80  ti_sysbios_knl_Queue_Module__root__V                        
20008f88  ti_sysbios_knl_Semaphore_Module__root__V                    
20008f90  ti_sysbios_knl_Task_Module__root__V                         
20008f98  xdc_runtime_Startup_Module__state__V                        
20008fa0  xdc_runtime_System_Module_State_0_atexitHandlers__A         
20008fa8  xdc_runtime_System_Module__state__V                         
20008fb0  lightAquisTime                                              
20008fb4  main_func_sp                                                
20008fb8  ti_sysbios_family_arm_m3_Hwi_Module_State_0_excContext__A   
20008fbc  ti_sysbios_family_arm_m3_Hwi_Module_State_0_excStack__A     
20008fc0  ti_sysbios_gates_GateHwi_Object__table__V                   
20008fc4  ti_sysbios_knl_Task_Module_State_0_idleTask__A              
20008fc8  xdc_runtime_Memory_Module__state__V                         
20008fcc  ti_sysbios_family_arm_m3_Hwi_Module_State_0_excActive__A    
2000fc00  __stack                                                     
20010000  __STACK_END                                                 
4000480c  WDTCTL_SYM                                                  
e000e000  ti_sysbios_family_arm_m3_Hwi_nvic                           
ffffffff  __TI_pprof_out_hndl                                         
ffffffff  __TI_prof_data_size                                         
ffffffff  __TI_prof_data_start                                        
ffffffff  __binit__                                                   
ffffffff  __c_args__                                                  
ffffffff  binit                                                       
UNDEFED   SHT$$INIT_ARRAY$$Base                                       
UNDEFED   SHT$$INIT_ARRAY$$Limit                                      

[622 symbols]
