******************************************************************************
                  TI ARM Linker PC v17.6.0                     
******************************************************************************
>> Linked Sun Nov 19 15:46:31 2017

OUTPUT FILE NAME:   <OxiScope_MSP432_v1.13_FILTERS.out>
ENTRY POINT SYMBOL: "_c_int00"  address: 00004a39


MEMORY CONFIGURATION

         name            origin    length      used     unused   attr    fill
----------------------  --------  ---------  --------  --------  ----  --------
  MAIN                  00000000   00040000  000087ce  00037832  R  X
  INFO                  00200000   00004000  00000000  00004000  R  X
  SRAM_CODE             01000000   00010000  00000000  00010000  RW X
  SRAM_DATA             20000000   00010000  0000ac37  000053c9  RW  


SEGMENT ALLOCATION MAP

run origin  load origin   length   init length attrs members
----------  ----------- ---------- ----------- ----- -------
00000000    00000000    000087d8   000087d8    r-x
  00000000    00000000    0000003c   0000003c    r-- .resetVecs
  00000040    00000040    000071b2   000071b2    r-x .text
  000071f4    000071f4    00001350   00001350    r-- .const
  00008548    00008548    00000290   00000290    r-- .cinit
20000140    20000140    00008000   00000000    r--
  20000140    20000140    00008000   00000000    r-- .priheap
20008140    20008140    000026f7   00000000    rw-
  20008140    20008140    00002114   00000000    rw- .bss
  2000a254    2000a254    000005e3   00000000    rw- .data
2000fc00    2000fc00    00000400   00000000    rw-
  2000fc00    2000fc00    00000400   00000000    rw- .stack


SECTION ALLOCATION MAP

 output                                  attributes/
section   page    origin      length       input sections
--------  ----  ----------  ----------   ----------------
.text      0    00000040    000071b2     
                  00000040    00000444     sysbios.aem4f : BIOS.obj (.text:xdc_runtime_System_doPrint__I)
                  00000484    00000344     arm_cortexM4lf_math.a : arm_fir_f32_ARM.obj (.text:arm_fir_f32)
                  000007c8    000002d0     drivers_msp432p4xx.aem4f : PowerMSP432.oem4f (.text:Power_sleep)
                  00000a98    000002c8                              : UARTMSP432.oem4f (.text:UARTMSP432_open)
                  00000d60    000001dc     SpO2_PulseRate.obj (.text:PPGProcessing_TaskFxn)
                  00000f3c    000001d4     SpO2_PulseRate.obj (.text:CalcSpO2PR_TaskFxn)
                  00001110    000001b6     rtsv7M4_T_le_v4SPD16_eabi.lib : fd_add_t2.obj (.text)
                  000012c6    00000002     drivers_msp432p4xx.aem4f : ADCMSP432.oem4f (.text:ADCMSP432_init)
                  000012c8    00000180     sysbios.aem4f : BIOS.obj (.text:mq_open)
                  00001448    00000178     release_pem4f.oem4f (.text:xdc_runtime_System_printfExtend__I)
                  000015c0    00000170     SpO2_PulseRate.obj (.text:SPO2PR_Init)
                  00001730    0000015c     drivers_msp432p4xx.aem4f : GPIOMSP432.oem4f (.text:GPIO_setConfig)
                  0000188c    0000014c     main_tirtos.obj (.text:MainTaskFxn)
                  000019d8    0000014c     drivers_msp432p4xx.aem4f : PowerMSP432.oem4f (.text:initPerfControl)
                  00001b24    00000138     SpO2_PulseRate.obj (.text:CalcWaveformChar)
                  00001c5c    00000004     dpl_msp432p4xx.aem4f : HwiP_tirtos.oem4f (.text:HwiP_disable)
                  00001c60    00000130     sysbios.aem4f : BIOS.obj (.text:ti_sysbios_knl_Semaphore_pend__E)
                  00001d90    00000118     drivers_msp432p4xx.aem4f : ADCMSP432.oem4f (.text:ADCMSP432_convert)
                  00001ea8    00000108     sysbios.aem4f : BIOS.obj (.text:xdc_runtime_Startup_startMods__I)
                  00001fb0    000000fc     rtsv7M4_T_le_v4SPD16_eabi.lib : fd_mul_t2.obj (.text)
                  000020ac    00000004     dpl_msp432p4xx.aem4f : HwiP_tirtos.oem4f (.text:HwiP_disableInterrupt)
                  000020b0    000000fc     sysbios.aem4f : BIOS.obj (.text:ti_sysbios_family_arm_msp432_init_Boot_configureClocksHigh)
                  000021ac    00000004     dpl_msp432p4xx.aem4f : HwiP_tirtos.oem4f (.text:HwiP_enableInterrupt)
                  000021b0    000000f4     sysbios.aem4f : BIOS.obj (.text:pthread_create)
                  000022a4    000000ec                   : m3_Hwi_asm.obj (.text:ti_sysbios_family_arm_m3_Hwi_dispatch__I)
                  00002390    000000e4     drivers_msp432p4xx.aem4f : TimerMSP432.oem4f (.text:configureTimerHardware)
                  00002474    000000e0     msp432p4xx_driverlib.lib : cs.o (.text:CS_initClockSignal)
                  00002554    000000d8     drivers_msp432p4xx.aem4f : UARTMSP432.oem4f (.text:UARTMSP432_readPolling)
                  0000262c    00000004                              : List.oem4f (.text:List_head)
                  00002630    000000d4     sysbios.aem4f : BIOS.obj (.text:ti_sysbios_knl_Mailbox_Instance_init__E)
                  00002704    00000004     drivers_msp432p4xx.aem4f : List.oem4f (.text:List_next)
                  00002708    000000d0     sysbios.aem4f : BIOS.obj (.text:ti_sysbios_heaps_HeapMem_alloc__E)
                  000027d8    000000c4                   : BIOS.obj (.text:ti_sysbios_knl_Task_sleep__E)
                  0000289c    00000004     dpl_msp432p4xx.aem4f : SystemP_tirtos.oem4f (.text:SystemP_vsnprintf)
                  000028a0    000000c0     sysbios.aem4f : BIOS.obj (.text:ti_sysbios_knl_Task_Instance_init__E)
                  00002960    000000be     drivers_msp432p4xx.aem4f : WatchdogMSP432.oem4f (.text:WatchdogMSP432_open)
                  00002a1e    00000002     display.aem4f : DisplayUart.oem4f (.text:DisplayUartMin_clear)
                  00002a20    000000bc     SpO2_PulseRate.obj (.text:PPGSampling_TaskFxn)
                  00002adc    00000004     msp432p4xx_driverlib.lib : timer32.o (.text:Timer32_getValue)
                  00002ae0    000000bc     sysbios.aem4f : BIOS.obj (.text:ti_sysbios_knl_Task_Instance_finalize__E)
                  00002b9c    000000b6     drivers_msp432p4xx.aem4f : UARTMSP432.oem4f (.text:UARTMSP432_hwiIntFxn)
                  00002c52    00000002     display.aem4f : DisplayUart.oem4f (.text:DisplayUartMin_clearLines)
                  00002c54    000000b4     drivers_msp432p4xx.aem4f : UARTMSP432.oem4f (.text:UARTMSP432_control)
                  00002d08    000000b4                              : UARTMSP432.oem4f (.text:UARTMSP432_writePolling)
                  00002dbc    000000b4     main_tirtos.obj (.text:main)
                  00002e70    000000b2     msp432p4xx_driverlib.lib : timer_a.o (.text:privateTimer_AProcessClockSourceDivider)
                  00002f22    00000002     display.aem4f : DisplayUart.oem4f (.text:DisplayUartMin_init)
                  00002f24    000000b0     drivers_msp432p4xx.aem4f : TimerMSP432.oem4f (.text:setIdealT32TickCount)
                  00002fd4    000000ac                              : UARTMSP432.oem4f (.text:initHw)
                  00003080    000000a8     sysbios.aem4f : BIOS.obj (.text:ti_sysbios_family_arm_msp432_Timer_periodicStub__E)
                  00003128    000000a8                   : BIOS.obj (.text:xdc_runtime_Core_createObject__I)
                  000031d0    000000a4                   : BIOS.obj (.text:ti_sysbios_knl_Task_setPri__E)
                  00003274    000000a0     auto_init.aem4f : auto_init.oem4f (.text)
                  00003314    000000a0     drivers_msp432p4xx.aem4f : UARTMSP432.oem4f (.text:readIsrTextCallback)
                  000033b4    000000a0                              : TimerMSP432.oem4f (.text:setIdealTATickCount)
                  00003454    0000009e                              : UARTMSP432.oem4f (.text:UARTMSP432_close)
                  000034f2    0000009c                              : UARTMSP432.oem4f (.text:readTaskBlocking)
                  0000358e    0000009c     rtsv7M4_T_le_v4SPD16_eabi.lib : memcpy_t2.obj (.text)
                  0000362a    00000002     dpl_msp432p4xx.aem4f : PowerMSP432_tirtos.oem4f (.text:PowerMSP432_initPolicy)
                  0000362c    00000098     drivers_msp432p4xx.aem4f : ADCMSP432.oem4f (.text:ADCMSP432_open)
                  000036c4    00000004                              : WatchdogMSP432.oem4f (.text:WatchdogMSP432_convertMsToTicks)
                  000036c8    00000098     sysbios.aem4f : BIOS.obj (.text:ti_sysbios_family_arm_m3_Hwi_Instance_init__E)
                  00003760    00000096     drivers_msp432p4xx.aem4f : UARTMSP432.oem4f (.text:writeData)
                  000037f6    00000002                              : UARTMSP432.oem4f (.text:UARTMSP432_init)
                  000037f8    00000094     sysbios.aem4f : BIOS.obj (.text:_pthread_removeThreadKeys)
                  0000388c    00000004     release_pem4f.oem4f (.text:ti_sysbios_BIOS_RtsGateProxy_enter__E)
                  00003890    00000094     sysbios.aem4f : BIOS.obj (.text:ti_sysbios_family_arm_m3_Hwi_initNVIC__E)
                  00003924    00000090     drivers_msp432p4xx.aem4f : UARTMSP432.oem4f (.text:UARTMSP432_write)
                  000039b4    0000008e                              : TimerMSP432.oem4f (.text:TimerMSP432_open)
                  00003a42    00000002     rtsv7M4_T_le_v4SPD16_eabi.lib : i_div0.obj (.text)
                  00003a44    0000008c     sysbios.aem4f : m3_TaskSupport_asm.obj (.text:ti_sysbios_family_arm_m3_TaskSupport_buildTaskStack)
                  00003ad0    0000008c                   : BIOS.obj (.text:ti_sysbios_knl_Task_postInit__I)
                  00003b5c    0000008a     drivers_msp432p4xx.aem4f : UARTMSP432.oem4f (.text:readIsrTextBlocking)
                  00003be6    00000002     release_pem4f.oem4f (.text:ti_sysbios_BIOS_nullFunc__I)
                  00003be8    00000088     sysbios.aem4f : BIOS.obj (.text:ti_sysbios_knl_Mailbox_post__E)
                  00003c70    00000088                   : BIOS.obj (.text:xdc_runtime_Memory_alloc__E)
                  00003cf8    00000086     rtsv7M4_T_le_v4SPD16_eabi.lib : fd_cmp_t2.obj (.text:__aeabi_cdcmple)
                  00003d7e    00000086                                   : fd_cmp_t2.obj (.text:__aeabi_cdrcmple)
                  00003e04    00000004     release_pem4f.oem4f (.text:ti_sysbios_BIOS_RtsGateProxy_leave__E)
                  00003e08    00000084     sysbios.aem4f : BIOS.obj (.text:ti_sysbios_family_arm_m3_Hwi_postInit__I)
                  00003e8c    00000004     release_pem4f.oem4f (.text:ti_sysbios_family_arm_m3_Hwi_delete)
                  00003e90    00000084     sysbios.aem4f : BIOS.obj (.text:ti_sysbios_heaps_HeapMem_free__E)
                  00003f14    00000004     release_pem4f.oem4f (.text:ti_sysbios_family_arm_m3_TaskSupport_Module__startupDone__S)
                  00003f18    00000084     sysbios.aem4f : BIOS.obj (.text:xdc_runtime_Core_constructObject__I)
                  00003f9c    00000004     release_pem4f.oem4f (.text:ti_sysbios_heaps_HeapMem_Module_GateProxy_enter__E)
                  00003fa0    0000007c     sysbios.aem4f : BIOS.obj (.text:_pthread_runStub)
                  0000401c    0000007a     drivers_msp432p4xx.aem4f : UARTMSP432.oem4f (.text:readTaskCallback)
                  00004096    0000007a     rtsv7M4_T_le_v4SPD16_eabi.lib : memset_t2.obj (.text)
                  00004110    00000075     sysbios.aem4f : BIOS.obj (.text:xdc_runtime_System_formatNum__I)
                  00004185    00000003     --HOLE-- [fill = 0]
                  00004188    00000070                   : BIOS.obj (.text:ti_sysbios_heaps_HeapMem_initPrimary__I)
                  000041f8    00000070                   : BIOS.obj (.text:ti_sysbios_knl_Mailbox_Instance_finalize__E)
                  00004268    00000070                   : BIOS.obj (.text:ti_sysbios_knl_Semaphore_post__E)
                  000042d8    00000070                   : BIOS.obj (.text:ti_sysbios_knl_Task_exit__E)
                  00004348    0000006c                   : BIOS.obj (.text:ti_sysbios_knl_Clock_workFunc__E)
                  000043b4    00000004     release_pem4f.oem4f (.text:ti_sysbios_heaps_HeapMem_Module_GateProxy_leave__E)
                  000043b8    0000006c     sysbios.aem4f : BIOS.obj (.text:ti_sysbios_knl_Swi_restoreHwi__E)
                  00004424    00000068     drivers_msp432p4xx.aem4f : UARTMSP432.oem4f (.text:UARTMSP432_writeCancel)
                  0000448c    00000068     rtsv7M4_T_le_v4SPD16_eabi.lib : copy_decompress_lzss.obj (.text:decompress:lzss)
                  000044f4    00000004     release_pem4f.oem4f (.text:ti_sysbios_knl_Clock_TimerProxy_getMaxTicks__E)
                  000044f8    00000066     sysbios.aem4f : BIOS.obj (.text:xdc_runtime_Core_deleteObject__I)
                  0000455e    00000002     --HOLE-- [fill = 0]
                  00004560    00000064     drivers_msp432p4xx.aem4f : GPIOMSP432.oem4f (.text:GPIO_hwiIntFxn)
                  000045c4    00000004     release_pem4f.oem4f (.text:ti_sysbios_knl_Clock_delete)
                  000045c8    00000064     sysbios.aem4f : BIOS.obj (.text:ti_sysbios_family_arm_m3_Hwi_dispatchC__I)
                  0000462c    00000060     drivers_msp432p4xx.aem4f : ADCMSP432.oem4f (.text:ADCMSP432_close)
                  0000468c    00000004     release_pem4f.oem4f (.text:ti_sysbios_knl_Semaphore_delete)
                  00004690    00000060     sysbios.aem4f : BIOS.obj (.text:ti_sysbios_knl_Swi_run__I)
                  000046f0    0000005c     display.aem4f : Display.oem4f (.text:Display_doOpen)
                  0000474c    0000005c     drivers_msp432p4xx.aem4f : GPIOMSP432.oem4f (.text:GPIO_init)
                  000047a8    0000005c                              : GPIOMSP432.oem4f (.text:GPIO_write)
                  00004804    0000005c                              : PowerMSP432.oem4f (.text:PowerMSP432_getFreqs)
                  00004860    0000005c     sysbios.aem4f : BIOS.obj (.text:ti_sysbios_knl_Swi_schedule__I)
                  000048bc    00000004     release_pem4f.oem4f (.text:xdc_runtime_System_Module_GateProxy_enter__E)
                  000048c0    0000005c     sysbios.aem4f : BIOS.obj (.text:ti_sysbios_knl_Task_Module_startup__E)
                  0000491c    00000004     release_pem4f.oem4f (.text:xdc_runtime_System_Module_GateProxy_leave__E)
                  00004920    0000005c     sysbios.aem4f : BIOS.obj (.text:ti_sysbios_knl_Task_startCore__E)
                  0000497c    00000004     --HOLE-- [fill = 0]
                  00004980    0000005c                   : BIOS.obj (.text:xdc_runtime_Startup_exec__E)
                  000049dc    0000005a     drivers_msp432p4xx.aem4f : ADCMSP432.oem4f (.text:initHw)
                  00004a36    00000002     --HOLE-- [fill = 0]
                  00004a38    00000058     boot.aem4f : boot.oem4f (.text)
                  00004a90    00000058     drivers_msp432p4xx.aem4f : UARTMSP432.oem4f (.text:readIsrBinaryBlocking)
                  00004ae8    00000058     sysbios.aem4f : m3_Hwi_asm_switch.obj (.text:ti_sysbios_family_arm_m3_Hwi_initStacks__E)
                  00004b40    00000056     OxiSc_Util.obj (.text:CreateTask)
                  00004b96    00000056     display.aem4f : DisplayUart.oem4f (.text:DisplayUartMin_open)
                  00004bec    00000054     drivers_msp432p4xx.aem4f : GPIOMSP432.oem4f (.text:GPIO_setCallback)
                  00004c40    00000054                              : PowerMSP432.oem4f (.text:Power_init)
                  00004c94    00000054                              : TimerMSP432.oem4f (.text:TimerMSP432_Timer_A_hwiIntFunction)
                  00004ce8    00000054     release_pem4f.oem4f (.text:ti_sysbios_family_arm_m3_Hwi_create)
                  00004d3c    00000004     --HOLE-- [fill = 0]
                  00004d40    00000054     sysbios.aem4f : BIOS.obj (.text:ti_sysbios_family_arm_msp432_Timer_initDevice__I)
                  00004d94    00000054     release_pem4f.oem4f (.text:ti_sysbios_knl_Mailbox_create)
                  00004de8    00000054     sysbios.aem4f : BIOS.obj (.text:xdc_runtime_Core_assignLabel__I)
                  00004e3c    00000050     drivers_msp432p4xx.aem4f : ADCMSP432.oem4f (.text:ADCMSP432_convertRawToMicroVolts)
                  00004e8c    00000050     dpl_msp432p4xx.aem4f : PowerMSP432_tirtos.oem4f (.text:PowerMSP432_sleepPolicy)
                  00004edc    00000050     drivers_msp432p4xx.aem4f : TimerMSP432.oem4f (.text:TimerMSP432_Timer32_hwiIntFunction)
                  00004f2c    00000004     --HOLE-- [fill = 0]
                  00004f30    00000050     sysbios.aem4f : BIOS.obj (.text:ti_sysbios_family_arm_m3_Hwi_Module_startup__E)
                  00004f80    00000050     release_pem4f.oem4f (.text:ti_sysbios_knl_Task_create)
                  00004fd0    0000004e     drivers_msp432p4xx.aem4f : TimerMSP432.oem4f (.text:TimerMSP432_Timer32_start)
                  0000501e    00000002     --HOLE-- [fill = 0]
                  00005020    0000004c                              : UARTMSP432.oem4f (.text:readIsrBinaryCallback)
                  0000506c    0000004c     rtsv7M4_T_le_v4SPD16_eabi.lib : cpy_tbl.obj (.text)
                  000050b8    0000004c     sysbios.aem4f : BIOS.obj (.text:ti_sysbios_family_arm_msp432_Timer_postInit__I)
                  00005104    00000004     --HOLE-- [fill = 0]
                  00005108    0000004c                   : BIOS.obj (.text:ti_sysbios_family_arm_msp432_Timer_start__E)
                  00005154    00000004     --HOLE-- [fill = 0]
                  00005158    0000004c                   : BIOS.obj (.text:ti_sysbios_heaps_HeapMem_getStats__E)
                  000051a4    00000004     --HOLE-- [fill = 0]
                  000051a8    0000004c                   : BIOS.obj (.text:ti_sysbios_knl_Swi_runLoop__I)
                  000051f4    00000004     --HOLE-- [fill = 0]
                  000051f8    0000004c                   : BIOS.obj (.text:ti_sysbios_knl_Task_allBlockedFunction__I)
                  00005244    00000004     --HOLE-- [fill = 0]
                  00005248    0000004c                   : BIOS.obj (.text:ti_sysbios_knl_Task_schedule__I)
                  00005294    00000048     drivers_msp432p4xx.aem4f : PowerMSP432.oem4f (.text:Power_releaseConstraint)
                  000052dc    00000048     msp432p4xx_driverlib.lib : timer32.o (.text:Timer32_initModule)
                  00005324    00000048     drivers_msp432p4xx.aem4f : TimerMSP432.oem4f (.text:TimerMSP432_Timer_A_start)
                  0000536c    00000048     rtsv7M4_T_le_v4SPD16_eabi.lib : fd_toi_t2.obj (.text)
                  000053b4    00000004     --HOLE-- [fill = 0]
                  000053b8    00000048     sysbios.aem4f : BIOS.obj (.text:ti_sysbios_family_arm_m3_Hwi_disableInterrupt__E)
                  00005400    00000048                   : BIOS.obj (.text:ti_sysbios_family_arm_m3_Hwi_enableInterrupt__E)
                  00005448    00000048                   : BIOS.obj (.text:ti_sysbios_knl_Mailbox_Module_startup__E)
                  00005490    00000046     display.aem4f : DisplayUart.oem4f (.text:DisplayUartMin_vprintf)
                  000054d6    00000046     drivers_msp432p4xx.aem4f : RingBuf.oem4f (.text:RingBuf_put)
                  0000551c    00000004     --HOLE-- [fill = 0]
                  00005520    00000046     sysbios.aem4f : BIOS.obj (.text:xdc_runtime_Core_assignParams__I)
                  00005566    00000002     --HOLE-- [fill = 0]
                  00005568    00000044     drivers_msp432p4xx.aem4f : ADC.oem4f (.text:ADC_init)
                  000055ac    00000044     dpl_msp432p4xx.aem4f : HwiP_tirtos.oem4f (.text:HwiP_create)
                  000055f0    00000044     msp432p4xx_driverlib.lib : timer_a.o (.text:Timer_A_configureUpMode)
                  00005634    00000044     drivers_msp432p4xx.aem4f : Timer.oem4f (.text:Timer_init)
                  00005678    00000044                              : UART.oem4f (.text:UART_init)
                  000056bc    00000044                              : WatchdogMSP432.oem4f (.text:WatchdogMSP432_close)
                  00005700    00000044                              : Watchdog.oem4f (.text:Watchdog_init)
                  00005744    00000044     rtsv7M4_T_le_v4SPD16_eabi.lib : fd_tou_t2.obj (.text)
                  00005788    00000044     sysbios.aem4f : BIOS.obj (.text:ti_sysbios_family_arm_m3_Hwi_getStackInfo__E)
                  000057cc    00000004     --HOLE-- [fill = 0]
                  000057d0    00000044                   : BIOS.obj (.text:ti_sysbios_family_arm_msp432_Seconds_Module_startup__E)
                  00005814    00000004     --HOLE-- [fill = 0]
                  00005818    00000044                   : BIOS.obj (.text:ti_sysbios_knl_Swi_post__E)
                  0000585c    00000004     --HOLE-- [fill = 0]
                  00005860    00000044                   : BIOS.obj (.text:xdc_runtime_System_atexit__E)
                  000058a4    00000040     drivers_msp432p4xx.aem4f : RingBuf.oem4f (.text:RingBuf_get)
                  000058e4    00000040     dpl_msp432p4xx.aem4f : SemaphoreP_tirtos.oem4f (.text:SemaphoreP_create)
                  00005924    00000040     drivers_msp432p4xx.aem4f : UARTMSP432.oem4f (.text:UARTMSP432_read)
                  00005964    00000040                              : PowerMSP432.oem4f (.text:notify)
                  000059a4    00000040                              : UARTMSP432.oem4f (.text:perfChangeNotifyFxn)
                  000059e4    00000040                              : PowerMSP432.oem4f (.text:restartHFXT)
                  00005a24    00000040     rtsv7M4_T_le_v4SPD16_eabi.lib : u_divt2.obj (.text)
                  00005a64    00000004     --HOLE-- [fill = 0]
                  00005a68    00000040     sysbios.aem4f : BIOS.obj (.text:ti_sysbios_family_arm_msp432_Timer_Module_startup__E)
                  00005aa8    00000040                   : BIOS.obj (.text:ti_sysbios_family_arm_msp432_Timer_startup__E)
                  00005ae8    00000040                   : BIOS.obj (.text:ti_sysbios_heaps_HeapMem_Instance_init__E)
                  00005b28    0000003c     drivers_msp432p4xx.aem4f : ADC.oem4f (.text:ADC_open)
                  00005b64    0000003c     dpl_msp432p4xx.aem4f : ClockP_tirtos.oem4f (.text:ClockP_create)
                  00005ba0    0000003c     drivers_msp432p4xx.aem4f : TimerMSP432.oem4f (.text:TimerMSP432_Timer32_stop)
                  00005bdc    0000003c                              : Timer.oem4f (.text:Timer_open)
                  00005c18    0000003c                              : UART.oem4f (.text:UART_open)
                  00005c54    00000004     --HOLE-- [fill = 0]
                  00005c58    0000003c     sysbios.aem4f : BIOS.obj (.text:ti_sysbios_family_arm_m3_Hwi_Instance_finalize__E)
                  00005c94    00000004     --HOLE-- [fill = 0]
                  00005c98    0000003c                   : BIOS.obj (.text:ti_sysbios_knl_Clock_Instance_init__E)
                  00005cd4    0000003c     release_pem4f.oem4f (.text:ti_sysbios_knl_Clock_create)
                  00005d10    0000003c     sysbios.aem4f : BIOS.obj (.text:ti_sysbios_knl_Swi_restore__E)
                  00005d4c    00000004     --HOLE-- [fill = 0]
                  00005d50    0000003c                   : BIOS.obj (.text:xdc_runtime_System_processAtExit__E)
                  00005d8c    0000003a     drivers_msp432p4xx.aem4f : TimerMSP432.oem4f (.text:TimerMSP432_close)
                  00005dc6    00000002     --HOLE-- [fill = 0]
                  00005dc8    00000038                              : PowerMSP432.oem4f (.text:Power_setConstraint)
                  00005e00    00000038     rtsv7M4_T_le_v4SPD16_eabi.lib : fs_tod_t2.obj (.text)
                  00005e38    00000036     drivers_msp432p4xx.aem4f : UARTMSP432.oem4f (.text:UARTMSP432_readCancel)
                  00005e6e    00000034                              : TimerMSP432.oem4f (.text:TimerMSP432_Timer_A_stop)
                  00005ea2    00000002     --HOLE-- [fill = 0]
                  00005ea4    00000034     release_pem4f.oem4f (.text:ti_sysbios_knl_Semaphore_create)
                  00005ed8    00000032     sysbios.aem4f : BIOS.obj (.text:ti_sysbios_hal_Hwi_initStack)
                  00005f0a    00000006     drivers_msp432p4xx.aem4f : ADCMSP432.oem4f (.text:ADCMSP432_control)
                  00005f10    00000030     sysbios.aem4f : BIOS.obj (.text:findInList$26)
                  00005f40    00000030     drivers_msp432p4xx.aem4f : UARTMSP432.oem4f (.text:mapPin)
                  00005f70    00000030     release_pem4f.oem4f (.text:ti_sysbios_BIOS_atExitFunc__I)
                  00005fa0    00000030     release_pem4f.oem4f (.text:ti_sysbios_BIOS_startFunc__I)
                  00005fd0    00000030     sysbios.aem4f : BIOS.obj (.text:ti_sysbios_family_arm_m3_TaskSupport_start__E)
                  00006000    00000030     release_pem4f.oem4f (.text:ti_sysbios_gates_GateHwi_Object__create__S)
                  00006030    00000030     release_pem4f.oem4f (.text:ti_sysbios_gates_GateMutex_Object__create__S)
                  00006060    00000030     sysbios.aem4f : BIOS.obj (.text:ti_sysbios_gates_GateMutex_enter__E)
                  00006090    00000030     release_pem4f.oem4f (.text:ti_sysbios_heaps_HeapMem_Object__create__S)
                  000060c0    00000030     sysbios.aem4f : BIOS.obj (.text:ti_sysbios_knl_Mailbox_postInit__I)
                  000060f0    00000030     release_pem4f.oem4f (.text:ti_sysbios_knl_Semaphore_construct)
                  00006120    00000030     sysbios.aem4f : BIOS.obj (.text:ti_sysbios_knl_Semaphore_pendTimeout__I)
                  00006150    00000030                   : BIOS.obj (.text:ti_sysbios_knl_Task_processVitalTaskFlag__I)
                  00006180    00000030                   : BIOS.obj (.text:ti_sysbios_knl_Task_unblockI__E)
                  000061b0    0000002e     rtsv7M4_T_le_v4SPD16_eabi.lib : i_tofd_t2.obj (.text)
                  000061de    0000002c     dpl_msp432p4xx.aem4f : PowerMSP432_tirtos.oem4f (.text:PowerMSP432_updateFreqs)
                  0000620a    00000002     --HOLE-- [fill = 0]
                  0000620c    0000002c     release_pem4f.oem4f (.text:ti_sysbios_knl_Clock_doTick__I)
                  00006238    0000002c     release_pem4f.oem4f (.text:ti_sysbios_knl_Queue_construct)
                  00006264    00000004     --HOLE-- [fill = 0]
                  00006268    0000002c     sysbios.aem4f : BIOS.obj (.text:ti_sysbios_knl_Task_restore__E)
                  00006294    00000004     --HOLE-- [fill = 0]
                  00006298    0000002c                   : BIOS.obj (.text:usleep)
                  000062c4    0000002a     display.aem4f : Display.oem4f (.text:Display_doPrintf)
                  000062ee    00000002     --HOLE-- [fill = 0]
                  000062f0    0000002a     sysbios.aem4f : BIOS.obj (.text:xdc_runtime_System_putchar__I)
                  0000631a    00000002     --HOLE-- [fill = 0]
                  0000631c    00000028     display.aem4f : Display.oem4f (.text:Display_doInit)
                  00006344    00000028     drivers_msp432p4xx.aem4f : PowerMSP432.oem4f (.text:Power_registerNotify)
                  0000636c    00000028                              : PowerMSP432.oem4f (.text:disableHFXT)
                  00006394    00000028                              : UARTMSP432.oem4f (.text:findBaudDividerIndex)
                  000063bc    00000004     --HOLE-- [fill = 0]
                  000063c0    00000028     sysbios.aem4f : BIOS.obj (.text:ti_sysbios_knl_Clock_addI__E)
                  000063e8    00000028                   : BIOS.obj (.text:ti_sysbios_knl_Swi_Module_startup__E)
                  00006410    00000026     drivers_msp432p4xx.aem4f : List.oem4f (.text:List_put)
                  00006436    00000026     sysbios.aem4f : m3_Hwi_asm.obj (.text:ti_sysbios_family_arm_m3_Hwi_pendSV__I)
                  0000645c    00000024     msp432p4xx_driverlib.lib : cs.o (.text:CS_setDCOCenteredFrequency)
                  00006480    00000024                              : timer32.o (.text:Timer32_setCount)
                  000064a4    00000004     --HOLE-- [fill = 0]
                  000064a8    00000024     sysbios.aem4f : BIOS.obj (.text:pthread_attr_init)
                  000064cc    00000024     release_pem4f.oem4f (.text:ti_sysbios_BIOS_registerRTSLock__I)
                  000064f0    00000024     release_pem4f.oem4f (.text:ti_sysbios_BIOS_removeRTSLock__I)
                  00006514    00000004     --HOLE-- [fill = 0]
                  00006518    00000024     sysbios.aem4f : BIOS.obj (.text:ti_sysbios_family_arm_msp432_ClockFreqs_setFrequency__E)
                  0000653c    00000024     release_pem4f.oem4f (.text:ti_sysbios_gates_GateMutex_Object__delete__S)
                  00006560    00000024     sysbios.aem4f : BIOS.obj (.text:ti_sysbios_knl_Clock_Module_startup__E)
                  00006584    00000024     release_pem4f.oem4f (.text:ti_sysbios_knl_Clock_Object__delete__S)
                  000065a8    00000024     sysbios.aem4f : BIOS.obj (.text:ti_sysbios_knl_Clock_start__E)
                  000065cc    00000004     --HOLE-- [fill = 0]
                  000065d0    00000024                   : BIOS.obj (.text:ti_sysbios_knl_Semaphore_Instance_init__E)
                  000065f4    00000024     release_pem4f.oem4f (.text:ti_sysbios_knl_Semaphore_Object__delete__S)
                  00006618    00000024     sysbios.aem4f : BIOS.obj (.text:ti_sysbios_knl_Task_restoreHwi__E)
                  0000663c    00000004     --HOLE-- [fill = 0]
                  00006640    00000024                   : BIOS.obj (.text:xdc_runtime_Error_policyMin__E)
                  00006664    00000004     --HOLE-- [fill = 0]
                  00006668    00000024                   : BIOS.obj (.text:xdc_runtime_System_abort__E)
                  0000668c    00000004     --HOLE-- [fill = 0]
                  00006690    00000022                   : BIOS.obj (.text:mq_send)
                  000066b2    00000002     --HOLE-- [fill = 0]
                  000066b4    00000020     drivers_msp432p4xx.aem4f : PowerMSP432.oem4f (.text:Power_unregisterNotify)
                  000066d4    00000020                              : RingBuf.oem4f (.text:RingBuf_peek)
                  000066f4    00000020     msp432p4xx_driverlib.lib : timer32.o (.text:Timer32_startTimer)
                  00006714    00000020                              : timer_a.o (.text:Timer_A_disableCaptureCompareInterrupt)
                  00006734    00000020                              : timer_a.o (.text:Timer_A_enableCaptureCompareInterrupt)
                  00006754    00000004     --HOLE-- [fill = 0]
                  00006758    00000020     sysbios.aem4f : BIOS.obj (.text:sleep)
                  00006778    00000020     release_pem4f.oem4f (.text:ti_sysbios_BIOS_rtsLock__I)
                  00006798    00000020     release_pem4f.oem4f (.text:ti_sysbios_family_arm_m3_Hwi_Object__delete__S)
                  000067b8    00000020     sysbios.aem4f : m3_Hwi_asm.obj (.text:ti_sysbios_family_arm_m3_Hwi_excHandlerAsm__I)
                  000067d8    00000020                   : BIOS.obj (.text:ti_sysbios_family_arm_m3_Hwi_excHandler__I)
                  000067f8    00000020     release_pem4f.oem4f (.text:ti_sysbios_gates_GateHwi_Object__delete__S)
                  00006818    00000020     release_pem4f.oem4f (.text:ti_sysbios_heaps_HeapMem_Object__delete__S)
                  00006838    00000020     sysbios.aem4f : BIOS.obj (.text:ti_sysbios_knl_Idle_run__E)
                  00006858    00000020     release_pem4f.oem4f (.text:ti_sysbios_knl_Semaphore_destruct)
                  00006878    0000001e     arm_cortexM4lf_math.a : arm_fir_init_f32_ARM.obj (.text:arm_fir_init_f32)
                  00006896    0000001e     sysbios.aem4f : m3_Hwi_asm_switch.obj (.text:ti_sysbios_family_xxx_Hwi_switchAndRunFunc)
                  000068b4    0000001c     drivers_msp432p4xx.aem4f : TimerMSP432.oem4f (.text:TimerMSP432_Timer32_getCount)
                  000068d0    0000001c                              : TimerMSP432.oem4f (.text:TimerMSP432_Timer_A_getCount)
                  000068ec    0000001c     msp432p4xx_driverlib.lib : timer_a.o (.text:Timer_A_getCounterValue)
                  00006908    0000001c     sysbios.aem4f : BIOS.obj (.text:_pthread_cleanup_pop)
                  00006924    00000004     --HOLE-- [fill = 0]
                  00006928    0000001c                   : BIOS.obj (.text:ti_sysbios_gates_GateMutex_Instance_init__E)
                  00006944    00000004     --HOLE-- [fill = 0]
                  00006948    0000001c                   : BIOS.obj (.text:ti_sysbios_knl_Clock_Instance_finalize__E)
                  00006964    0000001c     release_pem4f.oem4f (.text:ti_sysbios_knl_Queue_destruct)
                  00006980    0000001c     sysbios.aem4f : BIOS.obj (.text:ti_sysbios_knl_Queue_put__E)
                  0000699c    00000004     --HOLE-- [fill = 0]
                  000069a0    0000001c                   : BIOS.obj (.text:ti_sysbios_knl_Task_enter__I)
                  000069bc    00000004     --HOLE-- [fill = 0]
                  000069c0    0000001c                   : BIOS.obj (.text:xdc_runtime_Memory_valloc__E)
                  000069dc    0000001a     msp432p4xx_driverlib.lib : timer_a.o (.text:Timer_A_clearCaptureCompareInterrupt)
                  000069f6    00000002     --HOLE-- [fill = 0]
                  000069f8    00000018     release_pem4f.oem4f (.text:.bootCodeSection:ti_sysbios_family_arm_msp432_init_Boot_init__I)
                  00006a10    00000018     drivers_msp432p4xx.aem4f : PowerMSP432.oem4f (.text:Power_idleFunc)
                  00006a28    00000018                              : UART.oem4f (.text:UART_Params_init)
                  00006a40    00000018     sysbios.aem4f : BIOS.obj (.text:pthread_attr_setschedparam)
                  00006a58    00000018     rtsv7M4_T_le_v4SPD16_eabi.lib : args_main.obj (.text)
                  00006a70    00000018                                   : strcmp.obj (.text)
                  00006a88    00000018     release_pem4f.oem4f (.text:ti_sysbios_BIOS_rtsUnlock__I)
                  00006aa0    00000018     release_pem4f.oem4f (.text:ti_sysbios_family_arm_m3_Hwi_Module__startupDone__F)
                  00006ab8    00000018     sysbios.aem4f : m3_TaskSupport_asm.obj (.text:ti_sysbios_family_arm_m3_TaskSupport_swap__E)
                  00006ad0    00000018     release_pem4f.oem4f (.text:ti_sysbios_family_arm_msp432_Timer_Module__startupDone__F)
                  00006ae8    00000018     release_pem4f.oem4f (.text:ti_sysbios_gates_GateHwi_Handle__label__S)
                  00006b00    00000018     release_pem4f.oem4f (.text:ti_sysbios_gates_GateMutex_Handle__label__S)
                  00006b18    00000018     sysbios.aem4f : BIOS.obj (.text:ti_sysbios_gates_GateMutex_leave__E)
                  00006b30    00000018     release_pem4f.oem4f (.text:ti_sysbios_heaps_HeapMem_Handle__label__S)
                  00006b48    00000018     sysbios.aem4f : BIOS.obj (.text:ti_sysbios_knl_Task_sleepTimeout__I)
                  00006b60    00000018                   : BIOS.obj (.text:xdc_runtime_Error_init__E)
                  00006b78    00000018                   : BIOS.obj (.text:xdc_runtime_System_exit__E)
                  00006b90    00000016     display.aem4f : DisplayUart.oem4f (.text:DisplayUartMin_close)
                  00006ba6    00000016     drivers_msp432p4xx.aem4f : List.oem4f (.text:List_remove)
                  00006bbc    00000016     release_pem4f.oem4f (.text:ti_sysbios_BIOS_exitFunc__I)
                  00006bd2    00000006     display.aem4f : DisplayUart.oem4f (.text:DisplayUartMin_control)
                  00006bd8    00000016     sysbios.aem4f : BIOS.obj (.text:ti_sysbios_knl_Task_unblock__E)
                  00006bee    00000002     --HOLE-- [fill = 0]
                  00006bf0    00000014     drivers_msp432p4xx.aem4f : UARTMSP432.oem4f (.text:clearTXCPTIFG)
                  00006c04    00000014     rtsv7M4_T_le_v4SPD16_eabi.lib : _lock.obj (.text)
                  00006c18    00000014                                   : strcpy.obj (.text)
                  00006c2c    00000014                                   : strlen.obj (.text)
                  00006c40    00000014     sysbios.aem4f : BIOS.obj (.text:sem_init)
                  00006c54    00000014     release_pem4f.oem4f (.text:ti_sysbios_family_arm_m3_Hwi_Object__get__S)
                  00006c68    00000014     sysbios.aem4f : BIOS.obj (.text:ti_sysbios_family_arm_m3_Hwi_switchFromBootStack__E)
                  00006c7c    00000014     release_pem4f.oem4f (.text:ti_sysbios_heaps_HeapMem_Object__get__S)
                  00006c90    00000014     release_pem4f.oem4f (.text:ti_sysbios_knl_Swi_Object__get__S)
                  00006ca4    00000012     dpl_msp432p4xx.aem4f : ClockP_tirtos.oem4f (.text:ClockP_start)
                  00006cb6    00000012     drivers_msp432p4xx.aem4f : RingBuf.oem4f (.text:RingBuf_construct)
                  00006cc8    00000012     dpl_msp432p4xx.aem4f : SemaphoreP_tirtos.oem4f (.text:SemaphoreP_pend)
                  00006cda    00000006     display.aem4f : DisplayUart.oem4f (.text:DisplayUartMin_getType)
                  00006ce0    00000012     sysbios.aem4f : BIOS.obj (.text:ti_sysbios_hal_Hwi_Module_startup__E)
                  00006cf2    00000012     release_pem4f.oem4f (.text:xdc_runtime_Startup_exec__I)
                  00006d04    00000010     drivers_msp432p4xx.aem4f : PowerMSP432.oem4f (.text:PowerMSP432_getNumPerfLevels)
                  00006d14    00000010     msp432p4xx_driverlib.lib : sysctl.o (.text:SysCtl_disableNMISource)
                  00006d24    00000010                              : sysctl.o (.text:SysCtl_enableNMISource)
                  00006d34    00000010                              : sysctl.o (.text:SysCtl_getNMISourceStatus)
                  00006d44    00000010     drivers_msp432p4xx.aem4f : TimerMSP432.oem4f (.text:TimerMSP432_Timer32_control)
                  00006d54    00000010     msp432p4xx_driverlib.lib : timer_a.o (.text:Timer_A_clearTimer)
                  00006d64    00000010     drivers_msp432p4xx.aem4f : Timer.oem4f (.text:Timer_Params_init)
                  00006d74    00000010                              : WatchdogMSP432.oem4f (.text:WatchdogMSP432_clear)
                  00006d84    00000010                              : UARTMSP432.oem4f (.text:readBlockingTimeout)
                  00006d94    00000004     --HOLE-- [fill = 0]
                  00006d98    00000010     sysbios.aem4f : BIOS.obj (.text:ti_sysbios_BIOS_exit__E)
                  00006da8    00000010                   : BIOS.obj (.text:ti_sysbios_BIOS_setCpuFreq__E)
                  00006db8    00000010                   : BIOS.obj (.text:ti_sysbios_BIOS_setThreadType__E)
                  00006dc8    00000010                   : BIOS.obj (.text:ti_sysbios_BIOS_start__E)
                  00006dd8    00000010                   : m3_TaskSupport_asm.obj (.text:ti_sysbios_family_arm_m3_TaskSupport_glue)
                  00006de8    00000010                   : BIOS.obj (.text:ti_sysbios_family_arm_msp432_init_Boot_disableWatchdog)
                  00006df8    00000010                   : BIOS.obj (.text:ti_sysbios_gates_GateMutex_Instance_finalize__E)
                  00006e08    00000010     release_pem4f.oem4f (.text:ti_sysbios_knl_Mailbox_Object__get__S)
                  00006e18    00000010     sysbios.aem4f : BIOS.obj (.text:ti_sysbios_knl_Semaphore_Instance_finalize__E)
                  00006e28    00000010                   : BIOS.obj (.text:ti_sysbios_knl_Swi_disable__E)
                  00006e38    00000010     release_pem4f.oem4f (.text:ti_sysbios_knl_Task_Object__get__S)
                  00006e48    00000010     sysbios.aem4f : BIOS.obj (.text:ti_sysbios_knl_Task_disable__E)
                  00006e58    00000010                   : BIOS.obj (.text:xdc_runtime_Gate_leaveSystem__E)
                  00006e68    00000010                   : BIOS.obj (.text:xdc_runtime_Memory_free__E)
                  00006e78    00000010                   : BIOS.obj (.text:xdc_runtime_SysCallback_abort__E)
                  00006e88    00000010                   : BIOS.obj (.text:xdc_runtime_SysCallback_exit__E)
                  00006e98    00000010                   : BIOS.obj (.text:xdc_runtime_SysCallback_putch__E)
                  00006ea8    00000010                   : BIOS.obj (.text:xdc_runtime_SysCallback_ready__E)
                  00006eb8    00000010                   : BIOS.obj (.text:xdc_runtime_System_vsnprintf__E)
                  00006ec8    0000000e     dpl_msp432p4xx.aem4f : ClockP_tirtos.oem4f (.text:ClockP_delete)
                  00006ed6    0000000e                          : HwiP_tirtos.oem4f (.text:HwiP_Params_init)
                  00006ee4    0000000e                          : HwiP_tirtos.oem4f (.text:HwiP_delete)
                  00006ef2    0000000e                          : SemaphoreP_tirtos.oem4f (.text:SemaphoreP_delete)
                  00006f00    0000000e     rtsv7M4_T_le_v4SPD16_eabi.lib : copy_decompress_none.obj (.text:decompress:none)
                  00006f0e    00000002     --HOLE-- [fill = 0]
                  00006f10    0000000e     sysbios.aem4f : BIOS.obj (.text:pthread_attr_setdetachstate)
                  00006f1e    00000002     --HOLE-- [fill = 0]
                  00006f20    0000000e                   : BIOS.obj (.text:sem_wait)
                  00006f2e    00000002     --HOLE-- [fill = 0]
                  00006f30    0000000e                   : BIOS.obj (.text:ti_sysbios_knl_Idle_loop__E)
                  00006f3e    00000002     --HOLE-- [fill = 0]
                  00006f40    0000000e                   : BIOS.obj (.text:ti_sysbios_knl_Queue_empty__E)
                  00006f4e    0000000c     msp432p4xx_driverlib.lib : cpu.o (.text:CPU_cpsid)
                  00006f5a    0000000c                              : cpu.o (.text:CPU_cpsie)
                  00006f66    00000002     --HOLE-- [fill = 0]
                  00006f68    0000000c     drivers_msp432p4xx.aem4f : PowerMSP432.oem4f (.text:Power_getConstraintMask)
                  00006f74    0000000c                              : PowerMSP432.oem4f (.text:Power_getPerformanceLevel)
                  00006f80    0000000c     msp432p4xx_driverlib.lib : timer_a.o (.text:Timer_A_stopTimer)
                  00006f8c    0000000c     rtsv7M4_T_le_v4SPD16_eabi.lib : copy_zero_init.obj (.text:decompress:ZI)
                  00006f98    0000000c     sysbios.aem4f : BIOS.obj (.text:pthread_self)
                  00006fa4    0000000c     release_pem4f.oem4f (.text:ti_sysbios_family_arm_m3_Hwi_Params__init__S)
                  00006fb0    0000000c     sysbios.aem4f : BIOS.obj (.text:ti_sysbios_family_arm_m3_Hwi_disableFxn__E)
                  00006fbc    00000004     --HOLE-- [fill = 0]
                  00006fc0    0000000c                   : BIOS.obj (.text:ti_sysbios_family_arm_m3_TaskSupport_getStackAlignment__E)
                  00006fcc    00000004     --HOLE-- [fill = 0]
                  00006fd0    0000000c                   : BIOS.obj (.text:ti_sysbios_family_arm_msp432_Timer_getMaxTicks__E)
                  00006fdc    00000004     --HOLE-- [fill = 0]
                  00006fe0    0000000c                   : BIOS.obj (.text:ti_sysbios_gates_GateHwi_enter__E)
                  00006fec    0000000c     release_pem4f.oem4f (.text:ti_sysbios_knl_Clock_Params__init__S)
                  00006ff8    0000000c     release_pem4f.oem4f (.text:ti_sysbios_knl_Queue_Object__get__S)
                  00007004    0000000c     release_pem4f.oem4f (.text:ti_sysbios_knl_Semaphore_Params__init__S)
                  00007010    0000000c     release_pem4f.oem4f (.text:ti_sysbios_knl_Task_Params__init__S)
                  0000701c    00000004     --HOLE-- [fill = 0]
                  00007020    0000000c     sysbios.aem4f : BIOS.obj (.text:xdc_runtime_Gate_enterSystem__E)
                  0000702c    00000004     --HOLE-- [fill = 0]
                  00007030    0000000c                   : BIOS.obj (.text:xdc_runtime_Startup_rtsDone__E)
                  0000703c    0000000a     drivers_msp432p4xx.aem4f : ADC.oem4f (.text:ADC_Params_init)
                  00007046    0000000a                              : ADC.oem4f (.text:ADC_convert)
                  00007050    0000000a     dpl_msp432p4xx.aem4f : ClockP_tirtos.oem4f (.text:ClockP_stop)
                  0000705a    0000000a                          : SemaphoreP_tirtos.oem4f (.text:SemaphoreP_Params_init)
                  00007064    0000000a                          : SemaphoreP_tirtos.oem4f (.text:SemaphoreP_post)
                  0000706e    0000000a     msp432p4xx_driverlib.lib : timer32.o (.text:Timer32_clearInterruptFlag)
                  00007078    0000000a                              : timer32.o (.text:Timer32_disableInterrupt)
                  00007082    0000000a                              : timer32.o (.text:Timer32_enableInterrupt)
                  0000708c    0000000a                              : timer32.o (.text:Timer32_haltTimer)
                  00007096    0000000a     drivers_msp432p4xx.aem4f : TimerMSP432.oem4f (.text:TimerMSP432_init)
                  000070a0    0000000a                              : Timer.oem4f (.text:Timer_getCount)
                  000070aa    0000000a                              : Timer.oem4f (.text:Timer_start)
                  000070b4    0000000a                              : UART.oem4f (.text:UART_close)
                  000070be    0000000a                              : UART.oem4f (.text:UART_control)
                  000070c8    0000000a                              : UART.oem4f (.text:UART_write)
                  000070d2    00000006                              : TimerMSP432.oem4f (.text:TimerMSP432_Timer_A_control)
                  000070d8    0000000a     sysbios.aem4f : BIOS.obj (.text:sem_post)
                  000070e2    0000000a     release_pem4f.oem4f (.text:xdc_runtime_IHeap_alloc)
                  000070ec    0000000a     release_pem4f.oem4f (.text:xdc_runtime_IHeap_free)
                  000070f6    00000008     dpl_msp432p4xx.aem4f : ClockP_tirtos.oem4f (.text:ClockP_Params_init)
                  000070fe    00000008     msp432p4xx_driverlib.lib : timer_a.o (.text:Timer_A_startCounter)
                  00007106    00000008     drivers_msp432p4xx.aem4f : WatchdogMSP432.oem4f (.text:WatchdogMSP432_init)
                  0000710e    00000002     --HOLE-- [fill = 0]
                  00007110    00000008     sysbios.aem4f : BIOS.obj (.text:pthread_attr_setstacksize)
                  00007118    00000008     drivers_msp432p4xx.aem4f : UARTMSP432.oem4f (.text:readSemCallback)
                  00007120    00000008     sysbios.aem4f : BIOS.obj (.text:ti_sysbios_family_arm_m3_Hwi_doSwiRestore__I)
                  00007128    00000008                   : BIOS.obj (.text:ti_sysbios_family_arm_m3_Hwi_startup__E)
                  00007130    00000008     drivers_msp432p4xx.aem4f : UARTMSP432.oem4f (.text:txcptEnabledStatus)
                  00007138    00000008                              : UARTMSP432.oem4f (.text:writeSemCallback)
                  00007140    00000006                              : WatchdogMSP432.oem4f (.text:WatchdogMSP432_control)
                  00007146    00000006                              : WatchdogMSP432.oem4f (.text:WatchdogMSP432_setReload)
                  0000714c    00000004     --HOLE-- [fill = 0]
                  00007150    00000006     sysbios.aem4f : BIOS.obj (.text:ti_sysbios_family_arm_m3_Hwi_doTaskRestore__I)
                  00007156    00000002     --HOLE-- [fill = 0]
                  00007158    00000006                   : BIOS.obj (.text:ti_sysbios_family_arm_m3_Hwi_restoreFxn__E)
                  0000715e    00000002     --HOLE-- [fill = 0]
                  00007160    00000006                   : BIOS.obj (.text:ti_sysbios_gates_GateHwi_leave__E)
                  00007166    00000002     --HOLE-- [fill = 0]
                  00007168    00000006                   : BIOS.obj (.text:ti_sysbios_heaps_HeapMem_isBlocking__E)
                  0000716e    00000002     --HOLE-- [fill = 0]
                  00007170    00000006                   : BIOS.obj (.text:ti_sysbios_knl_Clock_stop__E)
                  00007176    00000002     --HOLE-- [fill = 0]
                  00007178    00000006                   : BIOS.obj (.text:ti_sysbios_knl_Queue_Instance_init__E)
                  0000717e    00000002     --HOLE-- [fill = 0]
                  00007180    00000006                   : BIOS.obj (.text:ti_sysbios_knl_Swi_startup__E)
                  00007186    00000002     --HOLE-- [fill = 0]
                  00007188    00000006                   : BIOS.obj (.text:xdc_runtime_System_Module_startup__E)
                  0000718e    00000002     --HOLE-- [fill = 0]
                  00007190    00000004                   : BIOS.obj (.text:ti_sysbios_gates_GateHwi_query__E)
                  00007194    00000004     --HOLE-- [fill = 0]
                  00007198    00000004                   : BIOS.obj (.text:ti_sysbios_gates_GateMutex_query__E)
                  0000719c    00000004     --HOLE-- [fill = 0]
                  000071a0    00000004                   : BIOS.obj (.text:ti_sysbios_knl_Clock_setTimeout__E)
                  000071a4    00000004     --HOLE-- [fill = 0]
                  000071a8    00000004                   : BIOS.obj (.text:ti_sysbios_knl_Task_startup__E)
                  000071ac    00000004     --HOLE-- [fill = 0]
                  000071b0    00000004                   : BIOS.obj (.text:xdc_runtime_SysCallback_defaultReady)
                  000071b4    00000004     --HOLE-- [fill = 0]
                  000071b8    00000002                   : BIOS.obj (.text:ti_sysbios_BIOS_linkedWithIncorrectBootLibrary__E)
                  000071ba    00000006     --HOLE-- [fill = 0]
                  000071c0    00000002                   : BIOS.obj (.text:ti_sysbios_gates_GateHwi_Instance_init__E)
                  000071c2    00000006     --HOLE-- [fill = 0]
                  000071c8    00000002                   : BIOS.obj (.text:ti_sysbios_knl_Clock_logTick__E)
                  000071ca    00000006     --HOLE-- [fill = 0]
                  000071d0    00000002                   : BIOS.obj (.text:xdc_runtime_SysCallback_defaultAbort)
                  000071d2    00000006     --HOLE-- [fill = 0]
                  000071d8    00000002                   : BIOS.obj (.text:xdc_runtime_SysCallback_defaultExit)
                  000071da    00000006     --HOLE-- [fill = 0]
                  000071e0    00000002                   : BIOS.obj (.text:xdc_runtime_SysCallback_defaultPutch)
                  000071e2    00000006     --HOLE-- [fill = 0]
                  000071e8    00000002                   : BIOS.obj (.text:xdc_runtime_System_abortSpin__E)
                  000071ea    00000006     --HOLE-- [fill = 0]
                  000071f0    00000002                   : BIOS.obj (.text:xdc_runtime_System_exitSpin__E)

.const     0    000071f4    00001350     
                  000071f4    0000057c     SpO2_PulseRate.obj (.const:$P$T0$5)
                  00007770    0000057c     SpO2_PulseRate.obj (.const:$P$T1$6)
                  00007cec    00000090     MSP_EXP432P401R.obj (.const:uartMSP432Baudrates)
                  00007d7c    00000078     MSP_EXP432P401R.obj (.const:uartMSP432HWAttrs)
                  00007df4    00000050     drivers_msp432p4xx.aem4f : TimerMSP432.oem4f (.const:timerADividers)
                  00007e44    00000050     MSP_EXP432P401R.obj (.const:timerMSP432HWAttrs)
                  00007e94    00000048     release_pem4f.oem4f (.const:.string)
                  00007edc    0000003c     MSP_EXP432P401R.obj (.const:ADC_config)
                  00007f18    0000003c     MSP_EXP432P401R.obj (.const:Timer_config)
                  00007f54    0000003c     MSP_EXP432P401R.obj (.const:adcMSP432HWAttrs)
                  00007f90    0000003c     release_pem4f.oem4f (.const:ti_sysbios_knl_Task_Object__PARAMS__C)
                  00007fcc    00000034     release_pem4f.oem4f (.const:ti_sysbios_knl_Mailbox_Object__PARAMS__C)
                  00008000    00000030     release_pem4f.oem4f (.const:ti_sysbios_family_arm_m3_Hwi_Object__PARAMS__C)
                  00008030    00000028     drivers_msp432p4xx.aem4f : UARTMSP432.oem4f (.const:UARTMSP432_fxnTable)
                  00008058    00000028     release_pem4f.oem4f (.const:ti_sysbios_heaps_HeapMem_Module__FXNS__C)
                  00008080    00000024     MSP_EXP432P401R.obj (.const:UART_config)
                  000080a4    00000024     drivers_msp432p4xx.aem4f : UART.oem4f (.const:UART_defaultParams)
                  000080c8    00000024     release_pem4f.oem4f (.const:ti_sysbios_gates_GateHwi_Module__FXNS__C)
                  000080ec    00000024     release_pem4f.oem4f (.const:ti_sysbios_gates_GateMutex_Module__FXNS__C)
                  00008110    00000024     release_pem4f.oem4f (.const:ti_sysbios_heaps_HeapMem_Object__PARAMS__C)
                  00008134    00000024     release_pem4f.oem4f (.const:ti_sysbios_knl_Clock_Object__PARAMS__C)
                  00008158    00000024     release_pem4f.oem4f (.const:ti_sysbios_knl_Semaphore_Object__PARAMS__C)
                  0000817c    00000024     release_pem4f.oem4f (.const:xdc_runtime_Startup_sfxnTab__A)
                  000081a0    00000020     display.aem4f : DisplayUart.oem4f (.const:DisplayUartMin_fxnTable)
                  000081c0    00000020     drivers_msp432p4xx.aem4f : UARTMSP432.oem4f (.const:staticFxnTable)
                  000081e0    00000020     release_pem4f.oem4f (.const:ti_sysbios_family_arm_m3_Hwi_Object__DESC__C)
                  00008200    00000020     release_pem4f.oem4f (.const:ti_sysbios_gates_GateHwi_Object__DESC__C)
                  00008220    00000020     release_pem4f.oem4f (.const:ti_sysbios_gates_GateMutex_Object__DESC__C)
                  00008240    00000020     release_pem4f.oem4f (.const:ti_sysbios_heaps_HeapMem_Object__DESC__C)
                  00008260    00000020     release_pem4f.oem4f (.const:ti_sysbios_knl_Clock_Object__DESC__C)
                  00008280    00000020     release_pem4f.oem4f (.const:ti_sysbios_knl_Mailbox_Object__DESC__C)
                  000082a0    00000020     release_pem4f.oem4f (.const:ti_sysbios_knl_Queue_Object__DESC__C)
                  000082c0    00000020     release_pem4f.oem4f (.const:ti_sysbios_knl_Semaphore_Object__DESC__C)
                  000082e0    00000020     release_pem4f.oem4f (.const:ti_sysbios_knl_Task_Object__DESC__C)
                  00008300    0000001c     drivers_msp432p4xx.aem4f : WatchdogMSP432.oem4f (.const:WatchdogMSP432_fxnTable)
                  0000831c    00000018                              : ADCMSP432.oem4f (.const:ADCMSP432_fxnTable)
                  00008334    00000018     MSP_EXP432P401R.obj (.const:PowerMSP432_config)
                  0000834c    00000018     release_pem4f.oem4f (.const:ti_sysbios_gates_GateHwi_Object__PARAMS__C)
                  00008364    00000018     release_pem4f.oem4f (.const:ti_sysbios_gates_GateMutex_Object__PARAMS__C)
                  0000837c    00000018     release_pem4f.oem4f (.const:ti_sysbios_knl_Queue_Object__PARAMS__C)
                  00008394    00000014     MSP_EXP432P401R.obj (.const:GPIOMSP432_config)
                  000083a8    00000012     release_pem4f.oem4f (.const:xdc_runtime_Startup_sfxnRts__A)
                  000083ba    00000002     release_pem4f.oem4f (.const:ti_sysbios_family_arm_m3_Hwi_Module__id__C)
                  000083bc    0000000c     MSP_EXP432P401R.obj (.const:Display_config)
                  000083c8    0000000c     MSP_EXP432P401R.obj (.const)
                  000083d4    0000000c     MSP_EXP432P401R.obj (.const:Watchdog_config)
                  000083e0    0000000c     drivers_msp432p4xx.aem4f : Timer.oem4f (.const:defaultParams)
                  000083ec    0000000c                              : TimerMSP432.oem4f (.const:timer32Dividers)
                  000083f8    0000000c     release_pem4f.oem4f (.const:xdc_runtime_Startup_firstFxns__A)
                  00008404    00000008     drivers_msp432p4xx.aem4f : ADC.oem4f (.const:ADC_defaultParams)
                  0000840c    00000008     release_pem4f.oem4f (.const:ti_sysbios_knl_Idle_funcList__C)
                  00008414    00000008     MSP_EXP432P401R.obj (.const:watchdogMSP432HWAttrs)
                  0000841c    00000008     release_pem4f.oem4f (.const:xdc_runtime_Startup_firstFxns__C)
                  00008424    00000008     release_pem4f.oem4f (.const:xdc_runtime_Startup_lastFxns__C)
                  0000842c    00000006     drivers_msp432p4xx.aem4f : GPIOMSP432.oem4f (.const:.string:interruptType)
                  00008432    00000006                              : GPIOMSP432.oem4f (.const:.string:portInterruptIds)
                  00008438    00000005                              : UARTMSP432.oem4f (.const:.string:parityTypes)
                  0000843d    00000001     display.aem4f : Display.oem4f (.const:Display_defaultParams)
                  0000843e    00000004     drivers_msp432p4xx.aem4f : UARTMSP432.oem4f (.const:stopBits)
                  00008442    00000002     release_pem4f.oem4f (.const:ti_sysbios_family_arm_msp432_init_Boot_bypassHFXT__C)
                  00008444    00000004     release_pem4f.oem4f (.const:ti_sysbios_family_arm_m3_Hwi_E_alreadyDefined__C)
                  00008448    00000004     release_pem4f.oem4f (.const:ti_sysbios_family_arm_m3_Hwi_NUM_INTERRUPTS__C)
                  0000844c    00000004     release_pem4f.oem4f (.const:ti_sysbios_family_arm_m3_Hwi_Object__count__C)
                  00008450    00000004     release_pem4f.oem4f (.const:ti_sysbios_family_arm_m3_Hwi_ccr__C)
                  00008454    00000004     release_pem4f.oem4f (.const:ti_sysbios_family_arm_m3_Hwi_excHandlerFunc__C)
                  00008458    00000004     release_pem4f.oem4f (.const:ti_sysbios_family_arm_m3_Hwi_nullIsrFunc__C)
                  0000845c    00000004     release_pem4f.oem4f (.const:ti_sysbios_family_arm_m3_Hwi_priGroup__C)
                  00008460    00000004     release_pem4f.oem4f (.const:ti_sysbios_family_arm_m3_Hwi_swiDisable__C)
                  00008464    00000004     release_pem4f.oem4f (.const:ti_sysbios_family_arm_m3_Hwi_swiRestoreHwi__C)
                  00008468    00000004     release_pem4f.oem4f (.const:ti_sysbios_family_arm_m3_TaskSupport_stackAlignment__C)
                  0000846c    00000004     release_pem4f.oem4f (.const:ti_sysbios_family_arm_msp432_Timer_numTimerDevices__C)
                  00008470    00000004     release_pem4f.oem4f (.const:ti_sysbios_family_arm_msp432_Timer_startupNeeded__C)
                  00008474    00000004     release_pem4f.oem4f (.const:ti_sysbios_gates_GateMutex_Instance_State_sem__O)
                  00008478    00000004     release_pem4f.oem4f (.const:ti_sysbios_heaps_HeapMem_E_memory__C)
                  0000847c    00000004     release_pem4f.oem4f (.const:ti_sysbios_heaps_HeapMem_Module__gateObj__C)
                  00008480    00000004     release_pem4f.oem4f (.const:ti_sysbios_heaps_HeapMem_Object__count__C)
                  00008484    00000004     release_pem4f.oem4f (.const:ti_sysbios_heaps_HeapMem_primaryHeapBaseAddr__C)
                  00008488    00000004     release_pem4f.oem4f (.const:ti_sysbios_heaps_HeapMem_primaryHeapEndAddr__C)
                  0000848c    00000004     release_pem4f.oem4f (.const:ti_sysbios_heaps_HeapMem_reqAlign__C)
                  00008490    00000004     release_pem4f.oem4f (.const:ti_sysbios_knl_Clock_Module_State_clockQ__O)
                  00008494    00000004     release_pem4f.oem4f (.const:ti_sysbios_knl_Clock_tickPeriod__C)
                  00008498    00000004     release_pem4f.oem4f (.const:ti_sysbios_knl_Idle_funcList__A)
                  0000849c    00000004     release_pem4f.oem4f (.const:ti_sysbios_knl_Mailbox_Instance_State_dataQue__O)
                  000084a0    00000004     release_pem4f.oem4f (.const:ti_sysbios_knl_Mailbox_Instance_State_dataSem__O)
                  000084a4    00000004     release_pem4f.oem4f (.const:ti_sysbios_knl_Mailbox_Instance_State_freeQue__O)
                  000084a8    00000004     release_pem4f.oem4f (.const:ti_sysbios_knl_Mailbox_Instance_State_freeSem__O)
                  000084ac    00000004     release_pem4f.oem4f (.const:ti_sysbios_knl_Mailbox_Object__count__C)
                  000084b0    00000004     release_pem4f.oem4f (.const:ti_sysbios_knl_Mailbox_maxTypeAlign__C)
                  000084b4    00000004     release_pem4f.oem4f (.const:ti_sysbios_knl_Semaphore_Instance_State_pendQ__O)
                  000084b8    00000004     release_pem4f.oem4f (.const:ti_sysbios_knl_Swi_Object__count__C)
                  000084bc    00000004     release_pem4f.oem4f (.const:ti_sysbios_knl_Task_Module_State_inactiveQ__O)
                  000084c0    00000004     release_pem4f.oem4f (.const:ti_sysbios_knl_Task_Object__count__C)
                  000084c4    00000004     release_pem4f.oem4f (.const:ti_sysbios_knl_Task_Object__heap__C)
                  000084c8    00000004     release_pem4f.oem4f (.const:ti_sysbios_knl_Task_allBlockedFunc__C)
                  000084cc    00000004     release_pem4f.oem4f (.const:ti_sysbios_knl_Task_defaultStackHeap__C)
                  000084d0    00000004     release_pem4f.oem4f (.const:ti_sysbios_knl_Task_defaultStackSize__C)
                  000084d4    00000004     release_pem4f.oem4f (.const:ti_sysbios_knl_Task_numConstructedTasks__C)
                  000084d8    00000004     release_pem4f.oem4f (.const:xdc_runtime_Error_E_memory__C)
                  000084dc    00000004     release_pem4f.oem4f (.const:xdc_runtime_Error_policyFxn__C)
                  000084e0    00000004     release_pem4f.oem4f (.const:xdc_runtime_IGateProvider_Interface__BASE__C)
                  000084e4    00000004     release_pem4f.oem4f (.const:xdc_runtime_IHeap_Interface__BASE__C)
                  000084e8    00000004     release_pem4f.oem4f (.const:xdc_runtime_IModule_Interface__BASE__C)
                  000084ec    00000004     release_pem4f.oem4f (.const:xdc_runtime_Memory_defaultHeapInstance__C)
                  000084f0    00000004     release_pem4f.oem4f (.const:xdc_runtime_Startup_execImpl__C)
                  000084f4    00000004     release_pem4f.oem4f (.const:xdc_runtime_Startup_maxPasses__C)
                  000084f8    00000004     release_pem4f.oem4f (.const:xdc_runtime_Startup_sfxnRts__C)
                  000084fc    00000004     release_pem4f.oem4f (.const:xdc_runtime_Startup_sfxnTab__C)
                  00008500    00000004     release_pem4f.oem4f (.const:xdc_runtime_SysCallback_abortFxn__C)
                  00008504    00000004     release_pem4f.oem4f (.const:xdc_runtime_SysCallback_exitFxn__C)
                  00008508    00000004     release_pem4f.oem4f (.const:xdc_runtime_SysCallback_putchFxn__C)
                  0000850c    00000004     release_pem4f.oem4f (.const:xdc_runtime_SysCallback_readyFxn__C)
                  00008510    00000004     release_pem4f.oem4f (.const:xdc_runtime_System_Module__gateObj__C)
                  00008514    00000004     release_pem4f.oem4f (.const:xdc_runtime_System_abortFxn__C)
                  00008518    00000004     release_pem4f.oem4f (.const:xdc_runtime_System_exitFxn__C)
                  0000851c    00000004     release_pem4f.oem4f (.const:xdc_runtime_System_extendFxn__C)
                  00008520    00000004     release_pem4f.oem4f (.const:xdc_runtime_System_maxAtexitHandlers__C)
                  00008524    00000004     release_pem4f.oem4f (.const:xdc_runtime_Text_charTab__C)
                  00008528    00000004     release_pem4f.oem4f (.const:xdc_runtime_Text_nameEmpty__C)
                  0000852c    00000004     release_pem4f.oem4f (.const:xdc_runtime_Text_nameStatic__C)
                  00008530    00000004     release_pem4f.oem4f (.const:xdc_runtime_Text_nameUnknown__C)
                  00008534    00000002     release_pem4f.oem4f (.const:ti_sysbios_family_arm_msp432_init_Boot_bypassLFXT__C)
                  00008536    00000002     release_pem4f.oem4f (.const:ti_sysbios_family_arm_msp432_init_Boot_enableHFXT__C)
                  00008538    00000002     release_pem4f.oem4f (.const:ti_sysbios_family_arm_msp432_init_Boot_enableLFXT__C)
                  0000853a    00000002     release_pem4f.oem4f (.const:ti_sysbios_heaps_HeapMem_Module__id__C)
                  0000853c    00000002     release_pem4f.oem4f (.const:xdc_runtime_Memory_Module__id__C)
                  0000853e    00000002     release_pem4f.oem4f (.const:xdc_runtime_Text_charCnt__C)
                  00008540    00000002     release_pem4f.oem4f (.const:xdc_runtime_Text_isLoaded__C)
                  00008542    00000001     release_pem4f.oem4f (.const:xdc_runtime_Error_policy__C)
                  00008543    00000001     release_pem4f.oem4f (.const:xdc_runtime_Text_charTab__A)

.cinit     0    00008548    00000290     
                  00008548    00000265     (.cinit..data.load) [load image, compression = lzss]
                  000087ad    00000003     --HOLE-- [fill = 0]
                  000087b0    0000000c     (__TI_handler_table)
                  000087bc    00000004     --HOLE-- [fill = 0]
                  000087c0    00000008     (.cinit..bss.load) [load image, compression = zero_init]
                  000087c8    00000010     (__TI_cinit_table)

.init_array 
*          0    00000000    00000000     UNINITIALIZED

.bss       0    20008140    00002114     UNINITIALIZED
                  20008140    00000584     SpO2_PulseRate.obj (.bss:irAcFIRStateF32$4)
                  200086c4    00000584     SpO2_PulseRate.obj (.bss:irDcFIRStateF32$2)
                  20008c48    00000584     SpO2_PulseRate.obj (.bss:redAcFIRStateF32$3)
                  200091cc    00000584     SpO2_PulseRate.obj (.bss:redDcFIRStateF32$1)
                  20009750    00000400     MSP_EXP432P401R.obj (.bss:displayBuf)
                  20009b50    00000200     release_pem4f.oem4f (.bss:taskStackSection)
                  20009d50    00000180     (.common:uartMSP432Objects)
                  20009ed0    00000140     (.common:ti_sysbios_family_arm_m3_Hwi_dispatchTable)
                  2000a010    000000b4     (.common:timerMSP432Objects)
                  2000a0c4    00000060     (.common:uartMSP432RingBuffer)
                  2000a124    00000030     drivers_msp432p4xx.aem4f : GPIOMSP432.oem4f (.bss:gpioCallbackInfo)
                  2000a154    00000030     (.common:ir)
                  2000a184    00000030     (.common:red)
                  2000a1b4    0000001c     (.common:PPGRdy)
                  2000a1d0    0000001c     (.common:UartAck)
                  2000a1ec    0000001c     (.common:newWaveChar)
                  2000a208    0000001c     (.common:sysHold)
                  2000a224    0000000c     (.common:adcMSP432Objects)
                  2000a230    0000000c     (.common:displayUartObject)
                  2000a23c    0000000c     (.common:watchdogMSP432Objects)
                  2000a248    00000004     (.common:comm_mqdes)
                  2000a24c    00000004     (.common:display)
                  2000a250    00000002     (.common:G_PulseRate)
                  2000a252    00000002     (.common:G_SpO2)

.data      0    2000a254    000005e3     UNINITIALIZED
                  2000a254    000000d0     drivers_msp432p4xx.aem4f : PowerMSP432.oem4f (.data:PowerMSP432_perfLevels)
                  2000a324    00000080     release_pem4f.oem4f (.data:ti_sysbios_knl_Swi_Module_State_0_readyQ__A)
                  2000a3a4    00000080     release_pem4f.oem4f (.data:ti_sysbios_knl_Task_Module_State_0_readyQ__A)
                  2000a424    0000004c     release_pem4f.oem4f (.data:ti_sysbios_family_arm_msp432_Timer_Object__table__V)
                  2000a470    0000004c     release_pem4f.oem4f (.data:ti_sysbios_knl_Task_Object__table__V)
                  2000a4bc    00000044     sysbios.aem4f : BIOS.obj (.data:$O1$$)
                  2000a500    00000044     release_pem4f.oem4f (.data:ti_sysbios_knl_Task_Module__state__V)
                  2000a544    00000038     release_pem4f.oem4f (.data:ti_sysbios_gates_GateMutex_Object__table__V)
                  2000a57c    00000034     release_pem4f.oem4f (.data:ti_sysbios_family_arm_m3_Hwi_Module__state__V)
                  2000a5b0    00000030     release_pem4f.oem4f (.data:ti_sysbios_knl_Swi_Object__table__V)
                  2000a5e0    0000002c     drivers_msp432p4xx.aem4f : PowerMSP432.oem4f (.data:PowerMSP432_module)
                  2000a60c    0000002c     release_pem4f.oem4f (.data:ti_sysbios_knl_Clock_Module__state__V)
                  2000a638    00000024     MSP_EXP432P401R.obj (.data:gpioPinConfigs)
                  2000a65c    00000024     release_pem4f.oem4f (.data:ti_sysbios_BIOS_Module__state__V)
                  2000a680    00000020     release_pem4f.oem4f (.data:ti_sysbios_family_arm_msp432_Timer_Module_State_0_device__A)
                  2000a6a0    00000020     release_pem4f.oem4f (.data:xdc_runtime_Error_IgnoreBlock)
                  2000a6c0    0000001c     drivers_msp432p4xx.aem4f : TimerMSP432.oem4f (.data:TimerMSP432_Timer32_fxnTable)
                  2000a6dc    0000001c                              : TimerMSP432.oem4f (.data:TimerMSP432_Timer_A_fxnTable)
                  2000a6f8    0000001c     release_pem4f.oem4f (.data:ti_sysbios_knl_Swi_Module__state__V)
                  2000a714    00000018     release_pem4f.oem4f (.data:ti_sysbios_family_arm_m3_Hwi_Object__table__V)
                  2000a72c    00000018     release_pem4f.oem4f (.data:ti_sysbios_heaps_HeapMem_Object__table__V)
                  2000a744    00000018     drivers_msp432p4xx.aem4f : TimerMSP432.oem4f (.data:upConfig)
                  2000a75c    00000014     MSP_EXP432P401R.obj (.data:displayUartHWAttrs)
                  2000a770    00000010     release_pem4f.oem4f (.data:ti_sysbios_family_arm_msp432_Timer_Module_State_0_handles__A)
                  2000a780    0000000c     release_pem4f.oem4f (.data:ti_sysbios_family_arm_msp432_ClockFreqs_Module__state__V)
                  2000a78c    0000000c     release_pem4f.oem4f (.data:ti_sysbios_family_arm_msp432_Timer_Module__state__V)
                  2000a798    00000008     rtsv7M4_T_le_v4SPD16_eabi.lib : _lock.obj (.data:$O1$$)
                  2000a7a0    00000008     drivers_msp432p4xx.aem4f : ADCMSP432.oem4f (.data)
                  2000a7a8    00000008     MSP_EXP432P401R.obj (.data:gpioCallbackFunctions)
                  2000a7b0    00000008     main_tirtos.obj (.data)
                  2000a7b8    00000008     release_pem4f.oem4f (.data:ti_sysbios_family_arm_m3_Hwi_Module__root__V)
                  2000a7c0    00000008     release_pem4f.oem4f (.data:ti_sysbios_gates_GateHwi_Module__root__V)
                  2000a7c8    00000008     release_pem4f.oem4f (.data:ti_sysbios_gates_GateMutex_Module__root__V)
                  2000a7d0    00000008     release_pem4f.oem4f (.data:ti_sysbios_heaps_HeapMem_Module__root__V)
                  2000a7d8    00000008     release_pem4f.oem4f (.data:ti_sysbios_knl_Clock_Module__root__V)
                  2000a7e0    00000008     release_pem4f.oem4f (.data:ti_sysbios_knl_Mailbox_Module__root__V)
                  2000a7e8    00000008     release_pem4f.oem4f (.data:ti_sysbios_knl_Queue_Module__root__V)
                  2000a7f0    00000008     release_pem4f.oem4f (.data:ti_sysbios_knl_Semaphore_Module__root__V)
                  2000a7f8    00000008     release_pem4f.oem4f (.data:ti_sysbios_knl_Task_Module__root__V)
                  2000a800    00000008     release_pem4f.oem4f (.data:xdc_runtime_Startup_Module__state__V)
                  2000a808    00000008     release_pem4f.oem4f (.data:xdc_runtime_System_Module_State_0_atexitHandlers__A)
                  2000a810    00000008     release_pem4f.oem4f (.data:xdc_runtime_System_Module__state__V)
                  2000a818    00000004     rtsv7M4_T_le_v4SPD16_eabi.lib : stkdepth_vars.obj (.data)
                  2000a81c    00000004     release_pem4f.oem4f (.data:ti_sysbios_family_arm_m3_Hwi_Module_State_0_excContext__A)
                  2000a820    00000004     release_pem4f.oem4f (.data:ti_sysbios_family_arm_m3_Hwi_Module_State_0_excStack__A)
                  2000a824    00000004     release_pem4f.oem4f (.data:ti_sysbios_gates_GateHwi_Object__table__V)
                  2000a828    00000004     release_pem4f.oem4f (.data:ti_sysbios_knl_Task_Module_State_0_idleTask__A)
                  2000a82c    00000004     release_pem4f.oem4f (.data:xdc_runtime_Memory_Module__state__V)
                  2000a830    00000002     release_pem4f.oem4f (.data:ti_sysbios_family_arm_m3_Hwi_Module_State_0_excActive__A)
                  2000a832    00000001     drivers_msp432p4xx.aem4f : ADC.oem4f (.data)
                  2000a833    00000001                              : GPIOMSP432.oem4f (.data)
                  2000a834    00000001                              : Timer.oem4f (.data)
                  2000a835    00000001                              : UART.oem4f (.data)
                  2000a836    00000001                              : Watchdog.oem4f (.data)

.priheap   0    20000140    00008000     UNINITIALIZED
                  20000140    00008000     --HOLE--

.stack     0    2000fc00    00000400     UNINITIALIZED
                  2000fc00    00000400     --HOLE--

.bootVecs 
*          0    00000000    00000008     DSECT
                  00000000    00000008     boot.aem4f : boot.oem4f (.bootVecs)

.resetVecs 
*          0    00000000    0000003c     
                  00000000    0000003c     release_pem4f.oem4f (.resetVecs)

.vecs      0    20000000    00000140     NOLOAD SECTION
                  20000000    00000140     release_pem4f.oem4f (.vecs)

xdc.meta   0    00000000    00000138     COPY SECTION
                  00000000    00000138     release_pem4f.oem4f (xdc.meta)

xdc.noload 
*          0    00000000    00000000     COPY SECTION

.binit     0    00000000    00000000     

MODULE SUMMARY

       Module                     code    ro data   rw data
       ------                     ----    -------   -------
    .\
       MSP_EXP432P401R.obj        0       648       1784   
       main_tirtos.obj            512     0         228    
    +--+--------------------------+-------+---------+---------+
       Total:                     512     648       2012   
                                                           
    .\OxiSc_Modules\
       SpO2_PulseRate.obj         1812    2808      5648   
       OxiSc_Util.obj             86      0         0      
    +--+--------------------------+-------+---------+---------+
       Total:                     1898    2808      5648   
                                                           
    C:\Users\david\Google Drive\TexasPrenatal_Capstone\_Software\MSP432\Project Files\tirtos_builds_MSP_EXP432P401R_release_ccs\Debug\configPkg\package\cfg\
       release_pem4f.oem4f        1906    1222      2162   
    +--+--------------------------+-------+---------+---------+
       Total:                     1906    1222      2162   
                                                           
    C:/ti/simplelink_msp432_sdk_1_30_00_40/kernel/tirtos/packages/ti/dpl/lib/dpl_msp432p4xx.aem4f
       PowerMSP432_tirtos.oem4f   126     0         0      
       SemaphoreP_tirtos.oem4f    116     0         0      
       ClockP_tirtos.oem4f        110     0         0      
       HwiP_tirtos.oem4f          108     0         0      
       SystemP_tirtos.oem4f       4       0         0      
    +--+--------------------------+-------+---------+---------+
       Total:                     464     0         0      
                                                           
    C:/ti/simplelink_msp432_sdk_1_30_00_40/source/ti/devices/msp432p4xx/driverlib/ccs/msp432p4xx_driverlib.lib
       timer_a.o                  400     0         0      
       cs.o                       260     0         0      
       timer32.o                  184     0         0      
       sysctl.o                   48      0         0      
       cpu.o                      24      0         0      
    +--+--------------------------+-------+---------+---------+
       Total:                     916     0         0      
                                                           
    C:/ti/simplelink_msp432_sdk_1_30_00_40/source/ti/display/lib/display.aem4f
       DisplayUart.oem4f          196     32        0      
       Display.oem4f              174     1         0      
    +--+--------------------------+-------+---------+---------+
       Total:                     370     33        0      
                                                           
    C:/ti/simplelink_msp432_sdk_1_30_00_40/source/ti/drivers/lib/drivers_msp432p4xx.aem4f
       UARTMSP432.oem4f           3270    81        0      
       PowerMSP432.oem4f          1660    0         252    
       TimerMSP432.oem4f          1278    92        80     
       GPIOMSP432.oem4f           716     12        49     
       ADCMSP432.oem4f            706     24        8      
       WatchdogMSP432.oem4f       298     28        0      
       UART.oem4f                 182     36        1      
       RingBuf.oem4f              184     0         0      
       Timer.oem4f                164     12        1      
       ADC.oem4f                  148     8         1      
       Watchdog.oem4f             68      0         1      
       List.oem4f                 68      0         0      
    +--+--------------------------+-------+---------+---------+
       Total:                     8742    293       393    
                                                           
    C:/ti/simplelink_msp432p4_sdk_1_50_00_12/source/third_party/CMSIS/DSP_Lib/lib/ccs/m4f/arm_cortexM4lf_math.a
       arm_fir_f32_ARM.obj        836     0         0      
       arm_fir_init_f32_ARM.obj   30      0         0      
    +--+--------------------------+-------+---------+---------+
       Total:                     866     0         0      
                                                           
[...]
00007005  ti_sysbios_knl_Semaphore_Params__init__S                    
00007011  ti_sysbios_knl_Task_Params__init__S                         
00007021  xdc_runtime_Gate_enterSystem__E                             
00007031  xdc_runtime_Startup_rtsDone__E                              
0000703d  ADC_Params_init                                             
00007047  ADC_convert                                                 
00007051  ClockP_stop                                                 
00007051  ClockP_stopFromISR                                          
0000705b  SemaphoreP_Params_init                                      
00007065  SemaphoreP_post                                             
00007065  SemaphoreP_postFromClock                                    
0000706f  Timer32_clearInterruptFlag                                  
00007079  Timer32_disableInterrupt                                    
00007083  Timer32_enableInterrupt                                     
0000708d  Timer32_haltTimer                                           
00007097  TimerMSP432_init                                            
000070a1  Timer_getCount                                              
000070ab  Timer_start                                                 
000070b5  UART_close                                                  
000070bf  UART_control                                                
000070c9  UART_write                                                  
000070d3  TimerMSP432_Timer_A_control                                 
000070d9  sem_post                                                    
000070e3  xdc_runtime_Memory_HeapProxy_alloc__E                       
000070ed  xdc_runtime_Memory_HeapProxy_free__E                        
000070f7  ClockP_Params_init                                          
000070ff  Timer_A_startCounter                                        
00007107  WatchdogMSP432_init                                         
00007111  pthread_attr_setstacksize                                   
00007121  ti_sysbios_family_arm_m3_Hwi_doSwiRestore__I                
00007129  ti_sysbios_family_arm_m3_Hwi_startup__E                     
00007129  ti_sysbios_hal_Hwi_HwiProxy_startup__E                      
00007141  WatchdogMSP432_control                                      
00007147  WatchdogMSP432_setReload                                    
00007151  ti_sysbios_family_arm_m3_Hwi_doTaskRestore__I               
00007159  HwiP_restore                                                
00007159  ti_sysbios_family_arm_m3_Hwi_restoreFxn__E                  
00007159  ti_sysbios_hal_Hwi_HwiProxy_restore__E                      
00007161  ti_sysbios_gates_GateHwi_leave__E                           
00007169  ti_sysbios_heaps_HeapMem_isBlocking__E                      
00007171  ti_sysbios_knl_Clock_stop__E                                
00007179  ti_sysbios_knl_Queue_Instance_init__E                       
00007181  ti_sysbios_knl_Swi_startup__E                               
00007189  xdc_runtime_System_Module_startup__E                        
00007191  ti_sysbios_gates_GateHwi_query__E                           
00007191  xdc_runtime_Main_Module_GateProxy_query__E                  
00007191  xdc_runtime_System_Module_GateProxy_query__E                
00007199  ti_sysbios_BIOS_RtsGateProxy_query__E                       
00007199  ti_sysbios_gates_GateMutex_query__E                         
00007199  ti_sysbios_heaps_HeapMem_Module_GateProxy_query__E          
000071a1  ti_sysbios_knl_Clock_setTimeout__E                          
000071a9  ti_sysbios_knl_Task_startup__E                              
000071b1  xdc_runtime_SysCallback_defaultReady                        
000071b9  ti_sysbios_BIOS_linkedWithIncorrectBootLibrary__E           
000071c1  ti_sysbios_gates_GateHwi_Instance_init__E                   
000071c9  ti_sysbios_knl_Clock_logTick__E                             
000071d1  xdc_runtime_SysCallback_defaultAbort                        
000071d9  xdc_runtime_SysCallback_defaultExit                         
000071e1  xdc_runtime_SysCallback_defaultPutch                        
000071e9  xdc_runtime_System_abortSpin__E                             
000071f1  xdc_runtime_System_exitSpin__E                              
00007cec  uartMSP432Baudrates                                         
00007d7c  uartMSP432HWAttrs                                           
00007e44  timerMSP432HWAttrs                                          
00007edc  ADC_config                                                  
00007f18  Timer_config                                                
00007f54  adcMSP432HWAttrs                                            
00007f90  ti_sysbios_knl_Task_Object__PARAMS__C                       
00007fcc  ti_sysbios_knl_Mailbox_Object__PARAMS__C                    
00008000  HEAPSIZE                                                    
00008000  ti_sysbios_family_arm_m3_Hwi_Object__PARAMS__C              
00008030  UARTMSP432_fxnTable                                         
00008058  ti_sysbios_heaps_HeapMem_Module__FXNS__C                    
00008080  UART_config                                                 
000080a4  UART_defaultParams                                          
000080c8  ti_sysbios_gates_GateHwi_Module__FXNS__C                    
000080ec  ti_sysbios_gates_GateMutex_Module__FXNS__C                  
00008110  ti_sysbios_heaps_HeapMem_Object__PARAMS__C                  
00008134  ti_sysbios_knl_Clock_Object__PARAMS__C                      
00008158  ti_sysbios_knl_Semaphore_Object__PARAMS__C                  
0000817c  xdc_runtime_Startup_sfxnTab__A                              
000081a0  DisplayUartMin_fxnTable                                     
000081e0  ti_sysbios_family_arm_m3_Hwi_Object__DESC__C                
00008200  ti_sysbios_gates_GateHwi_Object__DESC__C                    
00008220  ti_sysbios_gates_GateMutex_Object__DESC__C                  
00008240  ti_sysbios_heaps_HeapMem_Object__DESC__C                    
00008260  ti_sysbios_knl_Clock_Object__DESC__C                        
00008280  ti_sysbios_knl_Mailbox_Object__DESC__C                      
000082a0  ti_sysbios_knl_Queue_Object__DESC__C                        
000082c0  ti_sysbios_knl_Semaphore_Object__DESC__C                    
000082e0  ti_sysbios_knl_Task_Object__DESC__C                         
00008300  WatchdogMSP432_fxnTable                                     
0000831c  ADCMSP432_fxnTable                                          
00008334  PowerMSP432_config                                          
0000834c  ti_sysbios_gates_GateHwi_Object__PARAMS__C                  
00008364  ti_sysbios_gates_GateMutex_Object__PARAMS__C                
0000837c  ti_sysbios_knl_Queue_Object__PARAMS__C                      
00008394  GPIOMSP432_config                                           
000083a8  xdc_runtime_Startup_sfxnRts__A                              
000083ba  ti_sysbios_family_arm_m3_Hwi_Module__id__C                  
000083bc  Display_config                                              
000083c8  ADC_count                                                   
000083c9  ADCBuf_count                                                
000083ca  Capture_count                                               
000083cb  Display_count                                               
000083cc  I2C_count                                                   
000083cd  I2CSlave_count                                              
000083ce  PWM_count                                                   
000083cf  SDSPI_count                                                 
000083d0  SPI_count                                                   
000083d1  Timer_count                                                 
000083d2  UART_count                                                  
000083d3  Watchdog_count                                              
000083d4  Watchdog_config                                             
000083f8  xdc_runtime_Startup_firstFxns__A                            
00008404  ADC_defaultParams                                           
0000840c  ti_sysbios_knl_Idle_funcList__C                             
00008414  watchdogMSP432HWAttrs                                       
0000841c  xdc_runtime_Startup_firstFxns__C                            
00008424  xdc_runtime_Startup_lastFxns__C                             
0000843d  Display_defaultParams                                       
00008442  ti_sysbios_family_arm_msp432_init_Boot_bypassHFXT__C        
00008444  ti_sysbios_family_arm_m3_Hwi_E_alreadyDefined__C            
00008448  ti_sysbios_family_arm_m3_Hwi_NUM_INTERRUPTS__C              
0000844c  ti_sysbios_family_arm_m3_Hwi_Object__count__C               
00008450  ti_sysbios_family_arm_m3_Hwi_ccr__C                         
00008454  ti_sysbios_family_arm_m3_Hwi_excHandlerFunc__C              
00008458  ti_sysbios_family_arm_m3_Hwi_nullIsrFunc__C                 
0000845c  ti_sysbios_family_arm_m3_Hwi_priGroup__C                    
00008460  ti_sysbios_family_arm_m3_Hwi_swiDisable__C                  
00008464  ti_sysbios_family_arm_m3_Hwi_swiRestoreHwi__C               
00008468  ti_sysbios_family_arm_m3_TaskSupport_stackAlignment__C      
0000846c  ti_sysbios_family_arm_msp432_Timer_numTimerDevices__C       
00008470  ti_sysbios_family_arm_msp432_Timer_startupNeeded__C         
00008474  ti_sysbios_gates_GateMutex_Instance_State_sem__O            
00008478  ti_sysbios_heaps_HeapMem_E_memory__C                        
0000847c  ti_sysbios_heaps_HeapMem_Module__gateObj__C                 
00008480  ti_sysbios_heaps_HeapMem_Object__count__C                   
00008484  ti_sysbios_heaps_HeapMem_primaryHeapBaseAddr__C             
00008488  ti_sysbios_heaps_HeapMem_primaryHeapEndAddr__C              
0000848c  ti_sysbios_heaps_HeapMem_reqAlign__C                        
00008490  ti_sysbios_knl_Clock_Module_State_clockQ__O                 
00008494  ti_sysbios_knl_Clock_tickPeriod__C                          
00008498  ti_sysbios_knl_Idle_funcList__A                             
0000849c  ti_sysbios_knl_Mailbox_Instance_State_dataQue__O            
000084a0  ti_sysbios_knl_Mailbox_Instance_State_dataSem__O            
000084a4  ti_sysbios_knl_Mailbox_Instance_State_freeQue__O            
000084a8  ti_sysbios_knl_Mailbox_Instance_State_freeSem__O            
000084ac  ti_sysbios_knl_Mailbox_Object__count__C                     
000084b0  ti_sysbios_knl_Mailbox_maxTypeAlign__C                      
000084b4  ti_sysbios_knl_Semaphore_Instance_State_pendQ__O            
000084b8  ti_sysbios_knl_Swi_Object__count__C                         
000084bc  ti_sysbios_knl_Task_Module_State_inactiveQ__O               
000084c0  ti_sysbios_knl_Task_Object__count__C                        
000084c4  ti_sysbios_knl_Task_Object__heap__C                         
000084c8  ti_sysbios_knl_Task_allBlockedFunc__C                       
000084cc  ti_sysbios_knl_Task_defaultStackHeap__C                     
000084d0  ti_sysbios_knl_Task_defaultStackSize__C                     
000084d4  ti_sysbios_knl_Task_numConstructedTasks__C                  
000084d8  xdc_runtime_Error_E_memory__C                               
000084dc  xdc_runtime_Error_policyFxn__C                              
000084e0  xdc_runtime_IGateProvider_Interface__BASE__C                
000084e4  xdc_runtime_IHeap_Interface__BASE__C                        
000084e8  xdc_runtime_IModule_Interface__BASE__C                      
000084ec  xdc_runtime_Memory_defaultHeapInstance__C                   
000084f0  xdc_runtime_Startup_execImpl__C                             
000084f4  xdc_runtime_Startup_maxPasses__C                            
000084f8  xdc_runtime_Startup_sfxnRts__C                              
000084fc  xdc_runtime_Startup_sfxnTab__C                              
00008500  xdc_runtime_SysCallback_abortFxn__C                         
00008504  xdc_runtime_SysCallback_exitFxn__C                          
00008508  xdc_runtime_SysCallback_putchFxn__C                         
0000850c  xdc_runtime_SysCallback_readyFxn__C                         
00008510  xdc_runtime_System_Module__gateObj__C                       
00008514  xdc_runtime_System_abortFxn__C                              
00008518  xdc_runtime_System_exitFxn__C                               
0000851c  xdc_runtime_System_extendFxn__C                             
00008520  xdc_runtime_System_maxAtexitHandlers__C                     
00008524  xdc_runtime_Text_charTab__C                                 
00008528  xdc_runtime_Text_nameEmpty__C                               
0000852c  xdc_runtime_Text_nameStatic__C                              
00008530  xdc_runtime_Text_nameUnknown__C                             
00008534  ti_sysbios_family_arm_msp432_init_Boot_bypassLFXT__C        
00008536  ti_sysbios_family_arm_msp432_init_Boot_enableHFXT__C        
00008538  ti_sysbios_family_arm_msp432_init_Boot_enableLFXT__C        
0000853a  ti_sysbios_heaps_HeapMem_Module__id__C                      
0000853c  xdc_runtime_Memory_Module__id__C                            
0000853e  xdc_runtime_Text_charCnt__C                                 
00008540  xdc_runtime_Text_isLoaded__C                                
00008542  xdc_runtime_Error_policy__C                                 
00008543  xdc_runtime_Text_charTab__A                                 
00008548  __TI_static_base__                                          
000087b0  __TI_Handler_Table_Base                                     
000087bc  __TI_Handler_Table_Limit                                    
000087c8  __TI_CINIT_Base                                             
000087d8  __TI_CINIT_Limit                                            
20000000  ti_sysbios_family_arm_m3_Hwi_ramVectors                     
20000140  __primary_heap_start__                                      
20008140  __primary_heap_end__                                        
20009b50  ti_sysbios_knl_Task_Instance_State_0_stack__A               
20009d50  uartMSP432Objects                                           
20009ed0  ti_sysbios_family_arm_m3_Hwi_dispatchTable                  
2000a010  timerMSP432Objects                                          
2000a0c4  uartMSP432RingBuffer                                        
2000a154  ir                                                          
2000a184  red                                                         
2000a1b4  PPGRdy                                                      
2000a1d0  UartAck                                                     
2000a1ec  newWaveChar                                                 
2000a208  sysHold                                                     
2000a224  adcMSP432Objects                                            
2000a230  displayUartObject                                           
2000a23c  watchdogMSP432Objects                                       
2000a248  comm_mqdes                                                  
2000a24c  display                                                     
2000a250  G_PulseRate                                                 
2000a252  G_SpO2                                                      
2000a254  PowerMSP432_perfLevels                                      
2000a324  ti_sysbios_knl_Swi_Module_State_0_readyQ__A                 
2000a3a4  ti_sysbios_knl_Task_Module_State_0_readyQ__A                
2000a424  ti_sysbios_family_arm_msp432_Timer_Object__table__V         
2000a470  ti_sysbios_knl_Task_Object__table__V                        
2000a500  ti_sysbios_knl_Task_Module__state__V                        
2000a544  ti_sysbios_gates_GateMutex_Object__table__V                 
2000a57c  ti_sysbios_family_arm_m3_Hwi_Module__state__V               
2000a5b0  ti_sysbios_knl_Swi_Object__table__V                         
2000a5e0  PowerMSP432_module                                          
2000a60c  ti_sysbios_knl_Clock_Module__state__V                       
2000a638  gpioPinConfigs                                              
2000a65c  ti_sysbios_BIOS_Module__state__V                            
2000a680  ti_sysbios_family_arm_msp432_Timer_Module_State_0_device__A 
2000a6a0  xdc_runtime_Error_IgnoreBlock                               
2000a6c0  TimerMSP432_Timer32_fxnTable                                
2000a6dc  TimerMSP432_Timer_A_fxnTable                                
2000a6f8  ti_sysbios_knl_Swi_Module__state__V                         
2000a714  ti_sysbios_family_arm_m3_Hwi_Object__table__V               
2000a72c  ti_sysbios_heaps_HeapMem_Object__table__V                   
2000a75c  displayUartHWAttrs                                          
2000a770  ti_sysbios_family_arm_msp432_Timer_Module_State_0_handles__A
2000a780  ti_sysbios_family_arm_msp432_ClockFreqs_Module__state__V    
2000a78c  ti_sysbios_family_arm_msp432_Timer_Module__state__V         
2000a798  _lock                                                       
2000a79c  _unlock                                                     
2000a7a8  gpioCallbackFunctions                                       
2000a7b0  G_LightAquisTime                                            
2000a7b4  G_SysCount                                                  
2000a7b8  ti_sysbios_family_arm_m3_Hwi_Module__root__V                
2000a7c0  ti_sysbios_gates_GateHwi_Module__root__V                    
2000a7c8  ti_sysbios_gates_GateMutex_Module__root__V                  
2000a7d0  ti_sysbios_heaps_HeapMem_Module__root__V                    
2000a7d8  ti_sysbios_knl_Clock_Module__root__V                        
2000a7e0  ti_sysbios_knl_Mailbox_Module__root__V                      
2000a7e8  ti_sysbios_knl_Queue_Module__root__V                        
2000a7f0  ti_sysbios_knl_Semaphore_Module__root__V                    
2000a7f8  ti_sysbios_knl_Task_Module__root__V                         
2000a800  xdc_runtime_Startup_Module__state__V                        
2000a808  xdc_runtime_System_Module_State_0_atexitHandlers__A         
2000a810  xdc_runtime_System_Module__state__V                         
2000a818  main_func_sp                                                
2000a81c  ti_sysbios_family_arm_m3_Hwi_Module_State_0_excContext__A   
2000a820  ti_sysbios_family_arm_m3_Hwi_Module_State_0_excStack__A     
2000a824  ti_sysbios_gates_GateHwi_Object__table__V                   
2000a828  ti_sysbios_knl_Task_Module_State_0_idleTask__A              
2000a82c  xdc_runtime_Memory_Module__state__V                         
2000a830  ti_sysbios_family_arm_m3_Hwi_Module_State_0_excActive__A    
2000fc00  __stack                                                     
20010000  __STACK_END                                                 
4000480c  WDTCTL_SYM                                                  
e000e000  ti_sysbios_family_arm_m3_Hwi_nvic                           
ffffffff  __TI_pprof_out_hndl                                         
ffffffff  __TI_prof_data_size                                         
ffffffff  __TI_prof_data_start                                        
ffffffff  __binit__                                                   
ffffffff  __c_args__                                                  
ffffffff  binit                                                       
UNDEFED   SHT$$INIT_ARRAY$$Base                                       
UNDEFED   SHT$$INIT_ARRAY$$Limit                                      

[657 symbols]
