******************************************************************************
                  TI ARM Linker PC v17.3.0                     
******************************************************************************
>> Linked Tue Sep 12 08:03:55 2017

OUTPUT FILE NAME:   <OxiScope_MSP432_v1.8.out>
ENTRY POINT SYMBOL: "_c_int00"  address: 000065e9


MEMORY CONFIGURATION

         name            origin    length      used     unused   attr    fill
----------------------  --------  ---------  --------  --------  ----  --------
  MAIN                  00000000   00040000  00009e67  00036199  R  X
  INFO                  00200000   00004000  00000000  00004000  R  X
  SRAM_CODE             01000000   00010000  00000000  00010000  RW X
  SRAM_DATA             20000000   00010000  0000963b  000069c5  RW  


SEGMENT ALLOCATION MAP

run origin  load origin   length   init length attrs members
----------  ----------- ---------- ----------- ----- -------
00000000    00000000    00009e70   00009e70    r-x
  00000000    00000000    0000003c   0000003c    r-- .resetVecs
  00000040    00000040    00009062   00009062    r-x .text
  000090a4    000090a4    00000b21   00000b21    r-- .const
  00009bc8    00009bc8    000002a8   000002a8    r-- .cinit
20000140    20000140    00008000   00000000    r--
  20000140    20000140    00008000   00000000    r-- .priheap
20008140    20008140    000010fc   00000000    rw-
  20008140    20008140    00000ae7   00000000    rw- .bss
  20008c28    20008c28    00000614   00000000    rw- .data
2000fc00    2000fc00    00000400   00000000    rw-
  2000fc00    2000fc00    00000400   00000000    rw- .stack


SECTION ALLOCATION MAP

 output                                  attributes/
section   page    origin      length       input sections
--------  ----  ----------  ----------   ----------------
.text      0    00000040    00009062     
                  00000040    00001142     rtsv7M4_T_le_v4SPD16_eabi.lib : _printfi.obj (.text)
                  00001182    00000006     drivers_msp432p4xx.aem4f : ADCMSP432.oem4f (.text:ADCMSP432_control)
                  00001188    00000444     sysbios.aem4f : BIOS.obj (.text:xdc_runtime_System_doPrint__I)
                  000015cc    0000031c     CC2650_comm.obj (.text:UartTxTaskFxn)
                  000018e8    000002d0     drivers_msp432p4xx.aem4f : PowerMSP432.oem4f (.text:Power_sleep)
                  00001bb8    000002c8                              : UARTMSP432.oem4f (.text:UARTMSP432_open)
                  00001e80    000002a0     rtsv7M4_T_le_v4SPD16_eabi.lib : mktime.obj (.text)
                  00002120    00000280     CC2650_comm.obj (.text:UartRxTaskFxn)
                  000023a0    0000021e     rtsv7M4_T_le_v4SPD16_eabi.lib : ll_div_t2.obj (.text)
                  000025be    000001f4                                   : ull_div_t2.obj (.text)
                  000027b2    000001b6                                   : fd_add_t2.obj (.text)
                  00002968    00000180     sysbios.aem4f : BIOS.obj (.text:mq_open)
                  00002ae8    00000178     SpO2_PulseRate.obj (.text:CalcWaveformChar)
                  00002c60    00000178     SpO2_PulseRate.obj (.text:SPO2PR_Init)
                  00002dd8    00000178     release_pem4f.oem4f (.text:xdc_runtime_System_printfExtend__I)
                  00002f50    0000015c     drivers_msp432p4xx.aem4f : GPIOMSP432.oem4f (.text:GPIO_setConfig)
                  000030ac    0000014c                              : PowerMSP432.oem4f (.text:initPerfControl)
                  000031f8    00000136     rtsv7M4_T_le_v4SPD16_eabi.lib : fd_div_t2.obj (.text)
                  0000332e    00000002     drivers_msp432p4xx.aem4f : ADCMSP432.oem4f (.text:ADCMSP432_init)
                  00003330    00000130     sysbios.aem4f : BIOS.obj (.text:ti_sysbios_knl_Semaphore_pend__E)
                  00003460    00000118     drivers_msp432p4xx.aem4f : ADCMSP432.oem4f (.text:ADCMSP432_convert)
                  00003578    00000108     sysbios.aem4f : BIOS.obj (.text:xdc_runtime_Startup_startMods__I)
                  00003680    00000100     CC2650_comm.obj (.text:CC2650Comm_Init)
                  00003780    000000fc     rtsv7M4_T_le_v4SPD16_eabi.lib : fd_mul_t2.obj (.text)
                  0000387c    000000fc                                   : s_scalbn.obj (.text)
                  00003978    000000fc     sysbios.aem4f : BIOS.obj (.text:ti_sysbios_family_arm_msp432_init_Boot_configureClocksHigh)
                  00003a74    00000004     dpl_msp432p4xx.aem4f : HwiP_tirtos.oem4f (.text:HwiP_disable)
                  00003a78    000000f4     sysbios.aem4f : BIOS.obj (.text:pthread_create)
                  00003b6c    000000f0     SpO2_PulseRate.obj (.text:LightSampTaskFxn)
                  00003c5c    000000ec     sysbios.aem4f : m3_Hwi_asm.obj (.text:ti_sysbios_family_arm_m3_Hwi_dispatch__I)
                  00003d48    000000e4     drivers_msp432p4xx.aem4f : TimerMSP432.oem4f (.text:configureTimerHardware)
                  00003e2c    000000e0     msp432p4xx_driverlib.lib : cs.o (.text:CS_initClockSignal)
                  00003f0c    000000d8     drivers_msp432p4xx.aem4f : UARTMSP432.oem4f (.text:UARTMSP432_readPolling)
                  00003fe4    00000004     dpl_msp432p4xx.aem4f : HwiP_tirtos.oem4f (.text:HwiP_disableInterrupt)
                  00003fe8    000000d4     sysbios.aem4f : BIOS.obj (.text:ti_sysbios_knl_Mailbox_Instance_init__E)
                  000040bc    000000d0     main_tirtos.obj (.text:MainTaskFxn)
                  0000418c    00000004     dpl_msp432p4xx.aem4f : HwiP_tirtos.oem4f (.text:HwiP_enableInterrupt)
                  00004190    000000d0     sysbios.aem4f : BIOS.obj (.text:ti_sysbios_heaps_HeapMem_alloc__E)
                  00004260    000000c4                   : BIOS.obj (.text:ti_sysbios_knl_Task_sleep__E)
                  00004324    00000004     drivers_msp432p4xx.aem4f : List.oem4f (.text:List_head)
                  00004328    000000c0     sysbios.aem4f : BIOS.obj (.text:ti_sysbios_knl_Task_Instance_init__E)
                  000043e8    000000bc                   : BIOS.obj (.text:ti_sysbios_knl_Task_Instance_finalize__E)
                  000044a4    000000b6     drivers_msp432p4xx.aem4f : UARTMSP432.oem4f (.text:UARTMSP432_hwiIntFxn)
                  0000455a    00000002     display.aem4f : DisplayUart.oem4f (.text:DisplayUartMin_clear)
                  0000455c    000000b4     drivers_msp432p4xx.aem4f : UARTMSP432.oem4f (.text:UARTMSP432_control)
                  00004610    000000b4                              : UARTMSP432.oem4f (.text:UARTMSP432_writePolling)
                  000046c4    000000b2     msp432p4xx_driverlib.lib : timer_a.o (.text:privateTimer_AProcessClockSourceDivider)
                  00004776    00000002     display.aem4f : DisplayUart.oem4f (.text:DisplayUartMin_clearLines)
                  00004778    000000b0     drivers_msp432p4xx.aem4f : TimerMSP432.oem4f (.text:setIdealT32TickCount)
                  00004828    000000ac                              : UARTMSP432.oem4f (.text:initHw)
                  000048d4    00000004                              : List.oem4f (.text:List_next)
                  000048d8    000000a8     sysbios.aem4f : BIOS.obj (.text:ti_sysbios_family_arm_msp432_Timer_periodicStub__E)
                  00004980    000000a8                   : BIOS.obj (.text:xdc_runtime_Core_createObject__I)
                  00004a28    000000a4                   : BIOS.obj (.text:ti_sysbios_knl_Task_setPri__E)
                  00004acc    000000a0     auto_init.aem4f : auto_init.oem4f (.text)
                  00004b6c    000000a0     main_tirtos.obj (.text:main)
                  00004c0c    000000a0     drivers_msp432p4xx.aem4f : UARTMSP432.oem4f (.text:readIsrTextCallback)
                  00004cac    000000a0                              : TimerMSP432.oem4f (.text:setIdealTATickCount)
                  00004d4c    0000009e                              : UARTMSP432.oem4f (.text:UARTMSP432_close)
                  00004dea    0000009c                              : UARTMSP432.oem4f (.text:readTaskBlocking)
                  00004e86    0000009c     rtsv7M4_T_le_v4SPD16_eabi.lib : memcpy_t2.obj (.text)
                  00004f22    00000002     display.aem4f : DisplayUart.oem4f (.text:DisplayUartMin_init)
                  00004f24    00000098     drivers_msp432p4xx.aem4f : ADCMSP432.oem4f (.text:ADCMSP432_open)
                  00004fbc    00000004     dpl_msp432p4xx.aem4f : SystemP_tirtos.oem4f (.text:SystemP_vsnprintf)
                  00004fc0    00000098     sysbios.aem4f : BIOS.obj (.text:ti_sysbios_family_arm_m3_Hwi_Instance_init__E)
                  00005058    00000096     drivers_msp432p4xx.aem4f : UARTMSP432.oem4f (.text:writeData)
                  000050ee    00000002     dpl_msp432p4xx.aem4f : PowerMSP432_tirtos.oem4f (.text:PowerMSP432_initPolicy)
                  000050f0    00000094     UserInterface.obj (.text:BtnTimerCB)
                  00005184    00000004     msp432p4xx_driverlib.lib : timer32.o (.text:Timer32_getValue)
                  00005188    00000094     sysbios.aem4f : BIOS.obj (.text:_pthread_removeThreadKeys)
                  0000521c    00000004     release_pem4f.oem4f (.text:ti_sysbios_BIOS_RtsGateProxy_enter__E)
                  00005220    00000094     sysbios.aem4f : BIOS.obj (.text:ti_sysbios_family_arm_m3_Hwi_initNVIC__E)
                  000052b4    00000090     drivers_msp432p4xx.aem4f : UARTMSP432.oem4f (.text:UARTMSP432_write)
                  00005344    0000008e                              : TimerMSP432.oem4f (.text:TimerMSP432_open)
                  000053d2    00000002                              : UARTMSP432.oem4f (.text:UARTMSP432_init)
                  000053d4    0000008c     sysbios.aem4f : m3_TaskSupport_asm.obj (.text:ti_sysbios_family_arm_m3_TaskSupport_buildTaskStack)
                  00005460    0000008c                   : BIOS.obj (.text:ti_sysbios_knl_Task_postInit__I)
                  000054ec    0000008a     drivers_msp432p4xx.aem4f : UARTMSP432.oem4f (.text:readIsrTextBlocking)
                  00005576    00000002     rtsv7M4_T_le_v4SPD16_eabi.lib : i_div0.obj (.text)
                  00005578    00000088     sysbios.aem4f : BIOS.obj (.text:ti_sysbios_knl_Mailbox_post__E)
                  00005600    00000088                   : BIOS.obj (.text:xdc_runtime_Memory_alloc__E)
                  00005688    00000086     rtsv7M4_T_le_v4SPD16_eabi.lib : fd_cmp_t2.obj (.text:__aeabi_cdcmple)
                  0000570e    00000086                                   : fd_cmp_t2.obj (.text:__aeabi_cdrcmple)
                  00005794    00000004     release_pem4f.oem4f (.text:ti_sysbios_BIOS_RtsGateProxy_leave__E)
                  00005798    00000084     sysbios.aem4f : BIOS.obj (.text:ti_sysbios_family_arm_m3_Hwi_postInit__I)
                  0000581c    00000004     release_pem4f.oem4f (.text:ti_sysbios_family_arm_m3_Hwi_delete)
                  00005820    00000084     sysbios.aem4f : BIOS.obj (.text:ti_sysbios_heaps_HeapMem_free__E)
                  000058a4    00000004     release_pem4f.oem4f (.text:ti_sysbios_family_arm_m3_TaskSupport_Module__startupDone__S)
                  000058a8    00000084     sysbios.aem4f : BIOS.obj (.text:xdc_runtime_Core_constructObject__I)
                  0000592c    00000004     release_pem4f.oem4f (.text:ti_sysbios_heaps_HeapMem_Module_GateProxy_enter__E)
                  00005930    00000080     sysbios.aem4f : BIOS.obj (.text:sem_timedwait)
                  000059b0    0000007c                   : BIOS.obj (.text:_pthread_runStub)
                  00005a2c    0000007a     drivers_msp432p4xx.aem4f : UARTMSP432.oem4f (.text:readTaskCallback)
                  00005aa6    0000007a     rtsv7M4_T_le_v4SPD16_eabi.lib : memset_t2.obj (.text)
                  00005b20    00000075     sysbios.aem4f : BIOS.obj (.text:xdc_runtime_System_formatNum__I)
                  00005b95    00000001     --HOLE-- [fill = 0]
                  00005b96    00000002     rtsv7M4_T_le_v4SPD16_eabi.lib : l_div0.obj (.text)
                  00005b98    00000074     sysbios.aem4f : BIOS.obj (.text:ti_sysbios_knl_Mailbox_pend__E)
                  00005c0c    00000004     release_pem4f.oem4f (.text:ti_sysbios_heaps_HeapMem_Module_GateProxy_leave__E)
                  00005c10    00000070     sysbios.aem4f : BIOS.obj (.text:ti_sysbios_heaps_HeapMem_initPrimary__I)
                  00005c80    00000070                   : BIOS.obj (.text:ti_sysbios_knl_Mailbox_Instance_finalize__E)
                  00005cf0    00000070                   : BIOS.obj (.text:ti_sysbios_knl_Semaphore_post__E)
                  00005d60    00000070                   : BIOS.obj (.text:ti_sysbios_knl_Task_exit__E)
                  00005dd0    0000006c                   : BIOS.obj (.text:ti_sysbios_knl_Clock_workFunc__E)
                  00005e3c    00000004     release_pem4f.oem4f (.text:ti_sysbios_knl_Clock_TimerProxy_getMaxTicks__E)
                  00005e40    0000006c     sysbios.aem4f : BIOS.obj (.text:ti_sysbios_knl_Swi_restoreHwi__E)
                  00005eac    00000068     drivers_msp432p4xx.aem4f : UARTMSP432.oem4f (.text:UARTMSP432_writeCancel)
                  00005f14    00000068     rtsv7M4_T_le_v4SPD16_eabi.lib : copy_decompress_lzss.obj (.text:decompress:lzss)
                  00005f7c    00000004     release_pem4f.oem4f (.text:ti_sysbios_knl_Clock_delete)
                  00005f80    00000068     sysbios.aem4f : BIOS.obj (.text:ti_sysbios_family_arm_msp432_Seconds_get__E)
                  00005fe8    00000066                   : BIOS.obj (.text:xdc_runtime_Core_deleteObject__I)
                  0000604e    00000002     release_pem4f.oem4f (.text:ti_sysbios_BIOS_nullFunc__I)
                  00006050    00000064     drivers_msp432p4xx.aem4f : GPIOMSP432.oem4f (.text:GPIO_hwiIntFxn)
                  000060b4    00000064     rtsv7M4_T_le_v4SPD16_eabi.lib : s_frexp.obj (.text)
                  00006118    00000064     sysbios.aem4f : BIOS.obj (.text:ti_sysbios_family_arm_m3_Hwi_dispatchC__I)
                  0000617c    00000060     drivers_msp432p4xx.aem4f : ADCMSP432.oem4f (.text:ADCMSP432_close)
                  000061dc    00000060     rtsv7M4_T_le_v4SPD16_eabi.lib : sprintf.obj (.text)
                  0000623c    00000004     release_pem4f.oem4f (.text:ti_sysbios_knl_Semaphore_delete)
                  00006240    00000060     sysbios.aem4f : BIOS.obj (.text:ti_sysbios_knl_Swi_run__I)
                  000062a0    0000005c     display.aem4f : Display.oem4f (.text:Display_doOpen)
                  000062fc    0000005c     drivers_msp432p4xx.aem4f : GPIOMSP432.oem4f (.text:GPIO_init)
                  00006358    0000005c                              : GPIOMSP432.oem4f (.text:GPIO_write)
                  000063b4    0000005c                              : PowerMSP432.oem4f (.text:PowerMSP432_getFreqs)
                  00006410    0000005c     sysbios.aem4f : BIOS.obj (.text:ti_sysbios_knl_Swi_schedule__I)
                  0000646c    00000004     release_pem4f.oem4f (.text:xdc_runtime_System_Module_GateProxy_enter__E)
                  00006470    0000005c     sysbios.aem4f : BIOS.obj (.text:ti_sysbios_knl_Task_Module_startup__E)
                  000064cc    00000004     release_pem4f.oem4f (.text:xdc_runtime_System_Module_GateProxy_leave__E)
                  000064d0    0000005c     sysbios.aem4f : BIOS.obj (.text:ti_sysbios_knl_Task_startCore__E)
                  0000652c    00000004     --HOLE-- [fill = 0]
                  00006530    0000005c                   : BIOS.obj (.text:xdc_runtime_Startup_exec__E)
                  0000658c    0000005a     drivers_msp432p4xx.aem4f : ADCMSP432.oem4f (.text:initHw)
                  000065e6    00000002     --HOLE-- [fill = 0]
                  000065e8    00000058     boot.aem4f : boot.oem4f (.text)
                  00006640    00000058     drivers_msp432p4xx.aem4f : UARTMSP432.oem4f (.text:readIsrBinaryBlocking)
                  00006698    00000058     sysbios.aem4f : m3_Hwi_asm_switch.obj (.text:ti_sysbios_family_arm_m3_Hwi_initStacks__E)
                  000066f0    00000056     OxiSc_Util.obj (.text:CreateTask)
                  00006746    00000056     display.aem4f : DisplayUart.oem4f (.text:DisplayUartMin_open)
                  0000679c    00000054     drivers_msp432p4xx.aem4f : GPIOMSP432.oem4f (.text:GPIO_setCallback)
                  000067f0    00000054                              : PowerMSP432.oem4f (.text:Power_init)
                  00006844    00000054                              : TimerMSP432.oem4f (.text:TimerMSP432_Timer_A_hwiIntFunction)
                  00006898    00000054     sysbios.aem4f : BIOS.obj (.text:clock_gettime)
                  000068ec    00000054     rtsv7M4_T_le_v4SPD16_eabi.lib : ltoa.obj (.text)
                  00006940    00000054     release_pem4f.oem4f (.text:ti_sysbios_family_arm_m3_Hwi_create)
                  00006994    00000004     --HOLE-- [fill = 0]
                  00006998    00000054     sysbios.aem4f : BIOS.obj (.text:ti_sysbios_family_arm_msp432_Timer_initDevice__I)
                  000069ec    00000054     release_pem4f.oem4f (.text:ti_sysbios_knl_Mailbox_create)
                  00006a40    00000054     sysbios.aem4f : BIOS.obj (.text:xdc_runtime_Core_assignLabel__I)
                  00006a94    00000050     drivers_msp432p4xx.aem4f : ADCMSP432.oem4f (.text:ADCMSP432_convertRawToMicroVolts)
                  00006ae4    00000050     dpl_msp432p4xx.aem4f : PowerMSP432_tirtos.oem4f (.text:PowerMSP432_sleepPolicy)
                  00006b34    00000050     drivers_msp432p4xx.aem4f : TimerMSP432.oem4f (.text:TimerMSP432_Timer32_hwiIntFunction)
                  00006b84    00000050     UserInterface.obj (.text:UI_Init)
                  00006bd4    00000004     --HOLE-- [fill = 0]
                  00006bd8    00000050     sysbios.aem4f : BIOS.obj (.text:ti_sysbios_family_arm_m3_Hwi_Module_startup__E)
                  00006c28    00000050     release_pem4f.oem4f (.text:ti_sysbios_knl_Task_create)
                  00006c78    0000004e     drivers_msp432p4xx.aem4f : TimerMSP432.oem4f (.text:TimerMSP432_Timer32_start)
                  00006cc6    0000004c     CC2650_comm.obj (.text:CalcCRC32)
                  00006d12    00000002     --HOLE-- [fill = 0]
                  00006d14    0000004c     SpO2_PulseRate.obj (.text:CalcSpO2PRTaskFxn)
                  00006d60    0000004c     drivers_msp432p4xx.aem4f : UARTMSP432.oem4f (.text:readIsrBinaryCallback)
                  00006dac    0000004c     rtsv7M4_T_le_v4SPD16_eabi.lib : atoi.obj (.text)
                  00006df8    0000004c                                   : cpy_tbl.obj (.text)
                  00006e44    00000004     --HOLE-- [fill = 0]
                  00006e48    0000004c     sysbios.aem4f : BIOS.obj (.text:ti_sysbios_family_arm_msp432_Timer_postInit__I)
                  00006e94    00000004     --HOLE-- [fill = 0]
                  00006e98    0000004c                   : BIOS.obj (.text:ti_sysbios_family_arm_msp432_Timer_start__E)
                  00006ee4    00000004     --HOLE-- [fill = 0]
                  00006ee8    0000004c                   : BIOS.obj (.text:ti_sysbios_heaps_HeapMem_getStats__E)
                  00006f34    00000004     --HOLE-- [fill = 0]
                  00006f38    0000004c                   : BIOS.obj (.text:ti_sysbios_knl_Swi_runLoop__I)
                  00006f84    00000004     --HOLE-- [fill = 0]
                  00006f88    0000004c                   : BIOS.obj (.text:ti_sysbios_knl_Task_allBlockedFunction__I)
                  00006fd4    00000004     --HOLE-- [fill = 0]
                  00006fd8    0000004c                   : BIOS.obj (.text:ti_sysbios_knl_Task_schedule__I)
                  00007024    00000048     BattMonitor.obj (.text:BattMonTaskFxn)
                  0000706c    00000048     drivers_msp432p4xx.aem4f : PowerMSP432.oem4f (.text:Power_releaseConstraint)
                  000070b4    00000048     msp432p4xx_driverlib.lib : timer32.o (.text:Timer32_initModule)
                  000070fc    00000048     drivers_msp432p4xx.aem4f : TimerMSP432.oem4f (.text:TimerMSP432_Timer_A_start)
                  00007144    00000048     rtsv7M4_T_le_v4SPD16_eabi.lib : fd_toi_t2.obj (.text)
                  0000718c    00000004     --HOLE-- [fill = 0]
                  00007190    00000048     sysbios.aem4f : BIOS.obj (.text:ti_sysbios_family_arm_m3_Hwi_disableInterrupt__E)
                  000071d8    00000048                   : BIOS.obj (.text:ti_sysbios_family_arm_m3_Hwi_enableInterrupt__E)
                  00007220    00000048                   : BIOS.obj (.text:ti_sysbios_knl_Mailbox_Module_startup__E)
                  00007268    00000046     display.aem4f : DisplayUart.oem4f (.text:DisplayUartMin_vprintf)
                  000072ae    00000046     drivers_msp432p4xx.aem4f : RingBuf.oem4f (.text:RingBuf_put)
                  000072f4    00000004     --HOLE-- [fill = 0]
                  000072f8    00000046     sysbios.aem4f : BIOS.obj (.text:xdc_runtime_Core_assignParams__I)
                  0000733e    00000002     --HOLE-- [fill = 0]
                  00007340    00000044     drivers_msp432p4xx.aem4f : ADC.oem4f (.text:ADC_init)
                  00007384    00000044     dpl_msp432p4xx.aem4f : HwiP_tirtos.oem4f (.text:HwiP_create)
                  000073c8    00000044     msp432p4xx_driverlib.lib : timer_a.o (.text:Timer_A_configureUpMode)
                  0000740c    00000044     drivers_msp432p4xx.aem4f : Timer.oem4f (.text:Timer_init)
                  00007450    00000044                              : UART.oem4f (.text:UART_init)
                  00007494    00000044     rtsv7M4_T_le_v4SPD16_eabi.lib : fd_tou_t2.obj (.text)
                  000074d8    00000044     sysbios.aem4f : BIOS.obj (.text:ti_sysbios_family_arm_m3_Hwi_getStackInfo__E)
                  0000751c    00000004     --HOLE-- [fill = 0]
                  00007520    00000044                   : BIOS.obj (.text:ti_sysbios_family_arm_msp432_Seconds_Module_startup__E)
                  00007564    00000004     --HOLE-- [fill = 0]
                  00007568    00000044                   : BIOS.obj (.text:ti_sysbios_knl_Swi_post__E)
                  000075ac    00000004     --HOLE-- [fill = 0]
                  000075b0    00000044                   : BIOS.obj (.text:xdc_runtime_System_atexit__E)
                  000075f4    00000040     drivers_msp432p4xx.aem4f : RingBuf.oem4f (.text:RingBuf_get)
                  00007634    00000040     dpl_msp432p4xx.aem4f : SemaphoreP_tirtos.oem4f (.text:SemaphoreP_create)
                  00007674    00000040     drivers_msp432p4xx.aem4f : UARTMSP432.oem4f (.text:UARTMSP432_read)
                  000076b4    00000040                              : PowerMSP432.oem4f (.text:notify)
                  000076f4    00000040                              : UARTMSP432.oem4f (.text:perfChangeNotifyFxn)
                  00007734    00000040                              : PowerMSP432.oem4f (.text:restartHFXT)
                  00007774    00000040     rtsv7M4_T_le_v4SPD16_eabi.lib : u_divt2.obj (.text)
                  000077b4    00000004     --HOLE-- [fill = 0]
                  000077b8    00000040     sysbios.aem4f : BIOS.obj (.text:ti_sysbios_family_arm_msp432_Timer_Module_startup__E)
                  000077f8    00000040                   : BIOS.obj (.text:ti_sysbios_family_arm_msp432_Timer_startup__E)
                  00007838    00000040                   : BIOS.obj (.text:ti_sysbios_heaps_HeapMem_Instance_init__E)
                  00007878    0000003c     dpl_msp432p4xx.aem4f : ClockP_tirtos.oem4f (.text:ClockP_create)
                  000078b4    0000003c     drivers_msp432p4xx.aem4f : TimerMSP432.oem4f (.text:TimerMSP432_Timer32_stop)
                  000078f0    0000003c                              : Timer.oem4f (.text:Timer_open)
                  0000792c    0000003c                              : UART.oem4f (.text:UART_open)
                  00007968    0000003c     sysbios.aem4f : BIOS.obj (.text:ti_sysbios_family_arm_m3_Hwi_Instance_finalize__E)
                  000079a4    00000004     --HOLE-- [fill = 0]
                  000079a8    0000003c                   : BIOS.obj (.text:ti_sysbios_knl_Clock_Instance_init__E)
                  000079e4    0000003c     release_pem4f.oem4f (.text:ti_sysbios_knl_Clock_create)
                  00007a20    0000003c     sysbios.aem4f : BIOS.obj (.text:ti_sysbios_knl_Swi_restore__E)
                  00007a5c    0000003a     drivers_msp432p4xx.aem4f : TimerMSP432.oem4f (.text:TimerMSP432_close)
                  00007a96    00000002     --HOLE-- [fill = 0]
                  00007a98    00000038                              : PowerMSP432.oem4f (.text:Power_setConstraint)
                  00007ad0    00000038     rtsv7M4_T_le_v4SPD16_eabi.lib : fs_tod_t2.obj (.text)
                  00007b08    00000036     drivers_msp432p4xx.aem4f : UARTMSP432.oem4f (.text:UARTMSP432_readCancel)
                  00007b3e    00000034                              : TimerMSP432.oem4f (.text:TimerMSP432_Timer_A_stop)
                  00007b72    00000002     --HOLE-- [fill = 0]
                  00007b74    00000034     release_pem4f.oem4f (.text:ti_sysbios_knl_Semaphore_create)
                  00007ba8    00000032     sysbios.aem4f : BIOS.obj (.text:ti_sysbios_hal_Hwi_initStack)
                  00007bda    00000002     --HOLE-- [fill = 0]
                  00007bdc    00000030     drivers_msp432p4xx.aem4f : GPIOMSP432.oem4f (.text:GPIO_disableInt)
                  00007c0c    00000030                              : GPIOMSP432.oem4f (.text:GPIO_enableInt)
                  00007c3c    00000004     --HOLE-- [fill = 0]
                  00007c40    00000030     sysbios.aem4f : BIOS.obj (.text:findInList$26)
                  00007c70    00000030     drivers_msp432p4xx.aem4f : UARTMSP432.oem4f (.text:mapPin)
                  00007ca0    00000030     release_pem4f.oem4f (.text:ti_sysbios_BIOS_atExitFunc__I)
                  00007cd0    00000030     release_pem4f.oem4f (.text:ti_sysbios_BIOS_startFunc__I)
                  00007d00    00000030     sysbios.aem4f : BIOS.obj (.text:ti_sysbios_family_arm_m3_TaskSupport_start__E)
                  00007d30    00000030     release_pem4f.oem4f (.text:ti_sysbios_gates_GateHwi_Object__create__S)
                  00007d60    00000030     release_pem4f.oem4f (.text:ti_sysbios_gates_GateMutex_Object__create__S)
                  00007d90    00000030     sysbios.aem4f : BIOS.obj (.text:ti_sysbios_gates_GateMutex_enter__E)
                  00007dc0    00000030     release_pem4f.oem4f (.text:ti_sysbios_heaps_HeapMem_Object__create__S)
                  00007df0    00000030     sysbios.aem4f : BIOS.obj (.text:ti_sysbios_knl_Mailbox_postInit__I)
                  00007e20    00000030     release_pem4f.oem4f (.text:ti_sysbios_knl_Semaphore_construct)
                  00007e50    00000030     sysbios.aem4f : BIOS.obj (.text:ti_sysbios_knl_Semaphore_pendTimeout__I)
                  00007e80    00000030                   : BIOS.obj (.text:ti_sysbios_knl_Task_processVitalTaskFlag__I)
                  00007eb0    00000030                   : BIOS.obj (.text:ti_sysbios_knl_Task_unblockI__E)
                  00007ee0    00000030                   : BIOS.obj (.text:xdc_runtime_System_processAtExit__E)
                  00007f10    0000002e     rtsv7M4_T_le_v4SPD16_eabi.lib : i_tofd_t2.obj (.text)
                  00007f3e    0000002c     dpl_msp432p4xx.aem4f : PowerMSP432_tirtos.oem4f (.text:PowerMSP432_updateFreqs)
                  00007f6a    00000002     --HOLE-- [fill = 0]
                  00007f6c    0000002c     release_pem4f.oem4f (.text:ti_sysbios_knl_Clock_doTick__I)
                  00007f98    0000002c     release_pem4f.oem4f (.text:ti_sysbios_knl_Queue_construct)
                  00007fc4    00000004     --HOLE-- [fill = 0]
                  00007fc8    0000002c     sysbios.aem4f : BIOS.obj (.text:ti_sysbios_knl_Task_restore__E)
                  00007ff4    00000004     --HOLE-- [fill = 0]
                  00007ff8    0000002c                   : BIOS.obj (.text:usleep)
                  00008024    0000002a     display.aem4f : Display.oem4f (.text:Display_doPrintf)
                  0000804e    00000002     --HOLE-- [fill = 0]
                  00008050    0000002a     sysbios.aem4f : BIOS.obj (.text:xdc_runtime_System_putchar__I)
                  0000807a    00000002     --HOLE-- [fill = 0]
                  0000807c    00000028     display.aem4f : Display.oem4f (.text:Display_doInit)
                  000080a4    00000028     drivers_msp432p4xx.aem4f : PowerMSP432.oem4f (.text:Power_registerNotify)
                  000080cc    00000028                              : PowerMSP432.oem4f (.text:disableHFXT)
                  000080f4    00000028                              : UARTMSP432.oem4f (.text:findBaudDividerIndex)
                  0000811c    00000004     --HOLE-- [fill = 0]
                  00008120    00000028     sysbios.aem4f : BIOS.obj (.text:mq_receive)
                  00008148    00000028                   : BIOS.obj (.text:ti_sysbios_knl_Clock_addI__E)
                  00008170    00000028                   : BIOS.obj (.text:ti_sysbios_knl_Swi_Module_startup__E)
                  00008198    00000026     drivers_msp432p4xx.aem4f : List.oem4f (.text:List_put)
                  000081be    00000026     sysbios.aem4f : m3_Hwi_asm.obj (.text:ti_sysbios_family_arm_m3_Hwi_pendSV__I)
                  000081e4    00000024     msp432p4xx_driverlib.lib : cs.o (.text:CS_setDCOCenteredFrequency)
                  00008208    00000024                              : timer32.o (.text:Timer32_setCount)
                  0000822c    00000004     --HOLE-- [fill = 0]
                  00008230    00000024     sysbios.aem4f : BIOS.obj (.text:pthread_attr_init)
                  00008254    00000024     release_pem4f.oem4f (.text:ti_sysbios_BIOS_registerRTSLock__I)
                  00008278    00000024     release_pem4f.oem4f (.text:ti_sysbios_BIOS_removeRTSLock__I)
                  0000829c    00000004     --HOLE-- [fill = 0]
                  000082a0    00000024     sysbios.aem4f : BIOS.obj (.text:ti_sysbios_family_arm_msp432_ClockFreqs_setFrequency__E)
                  000082c4    00000024     release_pem4f.oem4f (.text:ti_sysbios_gates_GateMutex_Object__delete__S)
                  000082e8    00000024     sysbios.aem4f : BIOS.obj (.text:ti_sysbios_knl_Clock_Module_startup__E)
                  0000830c    00000024     release_pem4f.oem4f (.text:ti_sysbios_knl_Clock_Object__delete__S)
                  00008330    00000024     sysbios.aem4f : BIOS.obj (.text:ti_sysbios_knl_Clock_start__E)
                  00008354    00000004     --HOLE-- [fill = 0]
                  00008358    00000024                   : BIOS.obj (.text:ti_sysbios_knl_Semaphore_Instance_init__E)
                  0000837c    00000024     release_pem4f.oem4f (.text:ti_sysbios_knl_Semaphore_Object__delete__S)
                  000083a0    00000024     sysbios.aem4f : BIOS.obj (.text:ti_sysbios_knl_Task_restoreHwi__E)
                  000083c4    00000004     --HOLE-- [fill = 0]
                  000083c8    00000024                   : BIOS.obj (.text:xdc_runtime_Error_policyMin__E)
                  000083ec    00000004     --HOLE-- [fill = 0]
                  000083f0    00000024                   : BIOS.obj (.text:xdc_runtime_System_abort__E)
                  00008414    00000004     --HOLE-- [fill = 0]
                  00008418    00000022                   : BIOS.obj (.text:mq_send)
                  0000843a    00000002     --HOLE-- [fill = 0]
                  0000843c    00000020     drivers_msp432p4xx.aem4f : GPIOMSP432.oem4f (.text:GPIO_read)
                  0000845c    00000020                              : PowerMSP432.oem4f (.text:Power_unregisterNotify)
                  0000847c    00000020     CC2650_comm.obj (.text:Reset_CC2650)
                  0000849c    00000020     drivers_msp432p4xx.aem4f : RingBuf.oem4f (.text:RingBuf_peek)
                  000084bc    00000020     msp432p4xx_driverlib.lib : timer32.o (.text:Timer32_startTimer)
                  000084dc    00000020                              : timer_a.o (.text:Timer_A_disableCaptureCompareInterrupt)
                  000084fc    00000020                              : timer_a.o (.text:Timer_A_enableCaptureCompareInterrupt)
                  0000851c    00000004     --HOLE-- [fill = 0]
                  00008520    00000020     sysbios.aem4f : BIOS.obj (.text:sleep)
                  00008540    00000020     release_pem4f.oem4f (.text:ti_sysbios_BIOS_rtsLock__I)
                  00008560    00000020     release_pem4f.oem4f (.text:ti_sysbios_family_arm_m3_Hwi_Object__delete__S)
                  00008580    00000020     sysbios.aem4f : m3_Hwi_asm.obj (.text:ti_sysbios_family_arm_m3_Hwi_excHandlerAsm__I)
                  000085a0    00000020                   : BIOS.obj (.text:ti_sysbios_family_arm_m3_Hwi_excHandler__I)
                  000085c0    00000020     release_pem4f.oem4f (.text:ti_sysbios_gates_GateHwi_Object__delete__S)
                  000085e0    00000020     release_pem4f.oem4f (.text:ti_sysbios_heaps_HeapMem_Object__delete__S)
                  00008600    00000020     sysbios.aem4f : BIOS.obj (.text:ti_sysbios_knl_Idle_run__E)
                  00008620    00000020     release_pem4f.oem4f (.text:ti_sysbios_knl_Semaphore_destruct)
                  00008640    0000001e     sysbios.aem4f : m3_Hwi_asm_switch.obj (.text:ti_sysbios_family_xxx_Hwi_switchAndRunFunc)
                  0000865e    00000002     --HOLE-- [fill = 0]
                  00008660    0000001c     CC2650_comm.obj (.text:BTCheck_CB)
                  0000867c    0000001c     UserInterface.obj (.text:ButtonCB)
                  00008698    0000001c     msp432p4xx_driverlib.lib : crc32.o (.text:CRC32_getResultReversed)
                  000086b4    0000001c                              : crc32.o (.text:CRC32_setSeed)
                  000086d0    0000001c     drivers_msp432p4xx.aem4f : TimerMSP432.oem4f (.text:TimerMSP432_Timer32_getCount)
                  000086ec    0000001c                              : TimerMSP432.oem4f (.text:TimerMSP432_Timer_A_getCount)
                  00008708    0000001c     msp432p4xx_driverlib.lib : timer_a.o (.text:Timer_A_getCounterValue)
                  00008724    00000004     --HOLE-- [fill = 0]
                  00008728    0000001c     sysbios.aem4f : BIOS.obj (.text:_pthread_cleanup_pop)
                  00008744    0000001c     rtsv7M4_T_le_v4SPD16_eabi.lib : memccpy.obj (.text)
                  00008760    0000001c     sysbios.aem4f : BIOS.obj (.text:ti_sysbios_gates_GateMutex_Instance_init__E)
                  0000877c    00000004     --HOLE-- [fill = 0]
                  00008780    0000001c                   : BIOS.obj (.text:ti_sysbios_knl_Clock_Instance_finalize__E)
                  0000879c    0000001c     release_pem4f.oem4f (.text:ti_sysbios_knl_Queue_destruct)
                  000087b8    0000001c     sysbios.aem4f : BIOS.obj (.text:ti_sysbios_knl_Queue_get__E)
                  000087d4    00000004     --HOLE-- [fill = 0]
                  000087d8    0000001c                   : BIOS.obj (.text:ti_sysbios_knl_Queue_put__E)
                  000087f4    00000004     --HOLE-- [fill = 0]
                  000087f8    0000001c                   : BIOS.obj (.text:ti_sysbios_knl_Task_enter__I)
                  00008814    00000004     --HOLE-- [fill = 0]
                  00008818    0000001c                   : BIOS.obj (.text:xdc_runtime_Memory_valloc__E)
                  00008834    0000001a     CC2650_comm.obj (.text:BTCheckTimer_CB)
                  0000884e    0000001a     msp432p4xx_driverlib.lib : timer_a.o (.text:Timer_A_clearCaptureCompareInterrupt)
                  00008868    00000018     release_pem4f.oem4f (.text:.bootCodeSection:ti_sysbios_family_arm_msp432_init_Boot_init__I)
                  00008880    00000018     drivers_msp432p4xx.aem4f : PowerMSP432.oem4f (.text:Power_idleFunc)
                  00008898    00000018                              : UART.oem4f (.text:UART_Params_init)
                  000088b0    00000018     sysbios.aem4f : BIOS.obj (.text:pthread_attr_setschedparam)
                  000088c8    00000018     rtsv7M4_T_le_v4SPD16_eabi.lib : args_main.obj (.text)
                  000088e0    00000018                                   : strcmp.obj (.text)
                  000088f8    00000018     release_pem4f.oem4f (.text:ti_sysbios_BIOS_rtsUnlock__I)
                  00008910    00000018     release_pem4f.oem4f (.text:ti_sysbios_family_arm_m3_Hwi_Module__startupDone__F)
                  00008928    00000018     sysbios.aem4f : m3_TaskSupport_asm.obj (.text:ti_sysbios_family_arm_m3_TaskSupport_swap__E)
                  00008940    00000018     release_pem4f.oem4f (.text:ti_sysbios_family_arm_msp432_Timer_Module__startupDone__F)
                  00008958    00000018     release_pem4f.oem4f (.text:ti_sysbios_gates_GateHwi_Handle__label__S)
                  00008970    00000018     release_pem4f.oem4f (.text:ti_sysbios_gates_GateMutex_Handle__label__S)
                  00008988    00000018     sysbios.aem4f : BIOS.obj (.text:ti_sysbios_gates_GateMutex_leave__E)
                  000089a0    00000018     release_pem4f.oem4f (.text:ti_sysbios_heaps_HeapMem_Handle__label__S)
                  000089b8    00000018     sysbios.aem4f : BIOS.obj (.text:ti_sysbios_knl_Task_sleepTimeout__I)
                  000089d0    00000018                   : BIOS.obj (.text:xdc_runtime_Error_init__E)
                  000089e8    00000018                   : BIOS.obj (.text:xdc_runtime_System_exit__E)
                  00008a00    00000016     display.aem4f : DisplayUart.oem4f (.text:DisplayUartMin_close)
                  00008a16    00000016     drivers_msp432p4xx.aem4f : List.oem4f (.text:List_remove)
                  00008a2c    00000016     rtsv7M4_T_le_v4SPD16_eabi.lib : strchr.obj (.text)
                  00008a42    00000016     release_pem4f.oem4f (.text:ti_sysbios_BIOS_exitFunc__I)
                  00008a58    00000016     sysbios.aem4f : BIOS.obj (.text:ti_sysbios_knl_Task_unblock__E)
                  00008a6e    00000002     --HOLE-- [fill = 0]
                  00008a70    00000014     BattMonitor.obj (.text:BattMonitor_Init)
                  00008a84    00000014     msp432p4xx_driverlib.lib : crc32.o (.text:CRC32_set8BitData)
                  00008a98    00000014     drivers_msp432p4xx.aem4f : UARTMSP432.oem4f (.text:clearTXCPTIFG)
                  00008aac    00000014     rtsv7M4_T_le_v4SPD16_eabi.lib : _lock.obj (.text)
                  00008ac0    00000014                                   : s_copysign.obj (.text)
                  00008ad4    00000014                                   : strcpy.obj (.text)
                  00008ae8    00000014                                   : strlen.obj (.text)
                  00008afc    00000004     --HOLE-- [fill = 0]
                  00008b00    00000014     sysbios.aem4f : BIOS.obj (.text:sem_init)
                  00008b14    00000014     release_pem4f.oem4f (.text:ti_sysbios_family_arm_m3_Hwi_Object__get__S)
                  00008b28    00000014     sysbios.aem4f : BIOS.obj (.text:ti_sysbios_family_arm_m3_Hwi_switchFromBootStack__E)
                  00008b3c    00000014     release_pem4f.oem4f (.text:ti_sysbios_heaps_HeapMem_Object__get__S)
                  00008b50    00000014     release_pem4f.oem4f (.text:ti_sysbios_knl_Swi_Object__get__S)
                  00008b64    00000012     dpl_msp432p4xx.aem4f : ClockP_tirtos.oem4f (.text:ClockP_start)
                  00008b76    00000012     drivers_msp432p4xx.aem4f : RingBuf.oem4f (.text:RingBuf_construct)
                  00008b88    00000012     dpl_msp432p4xx.aem4f : SemaphoreP_tirtos.oem4f (.text:SemaphoreP_pend)
                  00008b9a    00000006     display.aem4f : DisplayUart.oem4f (.text:DisplayUartMin_control)
                  00008ba0    00000012     sysbios.aem4f : BIOS.obj (.text:ti_sysbios_family_arm_msp432_Seconds_getTime__E)
                  00008bb2    00000006     display.aem4f : DisplayUart.oem4f (.text:DisplayUartMin_getType)
                  00008bb8    00000012     sysbios.aem4f : BIOS.obj (.text:ti_sysbios_hal_Hwi_Module_startup__E)
                  00008bca    00000012     release_pem4f.oem4f (.text:xdc_runtime_Startup_exec__I)
                  00008bdc    00000010     drivers_msp432p4xx.aem4f : PowerMSP432.oem4f (.text:PowerMSP432_getNumPerfLevels)
                  00008bec    00000010     msp432p4xx_driverlib.lib : sysctl.o (.text:SysCtl_disableNMISource)
                  00008bfc    00000010                              : sysctl.o (.text:SysCtl_enableNMISource)
                  00008c0c    00000010                              : sysctl.o (.text:SysCtl_getNMISourceStatus)
                  00008c1c    00000010     drivers_msp432p4xx.aem4f : TimerMSP432.oem4f (.text:TimerMSP432_Timer32_control)
                  00008c2c    00000010     msp432p4xx_driverlib.lib : timer_a.o (.text:Timer_A_clearTimer)
                  00008c3c    00000010     drivers_msp432p4xx.aem4f : Timer.oem4f (.text:Timer_Params_init)
                  00008c4c    00000010                              : UARTMSP432.oem4f (.text:readBlockingTimeout)
                  00008c5c    00000004     --HOLE-- [fill = 0]
                  00008c60    00000010     sysbios.aem4f : BIOS.obj (.text:ti_sysbios_BIOS_exit__E)
                  00008c70    00000010                   : BIOS.obj (.text:ti_sysbios_BIOS_setCpuFreq__E)
                  00008c80    00000010                   : BIOS.obj (.text:ti_sysbios_BIOS_setThreadType__E)
                  00008c90    00000010                   : BIOS.obj (.text:ti_sysbios_BIOS_start__E)
                  00008ca0    00000010                   : m3_TaskSupport_asm.obj (.text:ti_sysbios_family_arm_m3_TaskSupport_glue)
                  00008cb0    00000010                   : BIOS.obj (.text:ti_sysbios_family_arm_msp432_init_Boot_disableWatchdog)
                  00008cc0    00000010                   : BIOS.obj (.text:ti_sysbios_gates_GateMutex_Instance_finalize__E)
                  00008cd0    00000010     release_pem4f.oem4f (.text:ti_sysbios_knl_Mailbox_Object__get__S)
                  00008ce0    00000010     sysbios.aem4f : BIOS.obj (.text:ti_sysbios_knl_Semaphore_Instance_finalize__E)
                  00008cf0    00000010                   : BIOS.obj (.text:ti_sysbios_knl_Swi_disable__E)
                  00008d00    00000010     release_pem4f.oem4f (.text:ti_sysbios_knl_Task_Object__get__S)
                  00008d10    00000010     sysbios.aem4f : BIOS.obj (.text:ti_sysbios_knl_Task_disable__E)
                  00008d20    00000010                   : BIOS.obj (.text:xdc_runtime_Gate_leaveSystem__E)
                  00008d30    00000010                   : BIOS.obj (.text:xdc_runtime_Memory_free__E)
                  00008d40    00000010                   : BIOS.obj (.text:xdc_runtime_SysCallback_abort__E)
                  00008d50    00000010                   : BIOS.obj (.text:xdc_runtime_SysCallback_exit__E)
                  00008d60    00000010                   : BIOS.obj (.text:xdc_runtime_SysCallback_putch__E)
                  00008d70    00000010                   : BIOS.obj (.text:xdc_runtime_SysCallback_ready__E)
                  00008d80    00000010                   : BIOS.obj (.text:xdc_runtime_System_vsnprintf__E)
                  00008d90    0000000e     dpl_msp432p4xx.aem4f : ClockP_tirtos.oem4f (.text:ClockP_delete)
                  00008d9e    0000000e                          : HwiP_tirtos.oem4f (.text:HwiP_Params_init)
                  00008dac    0000000e                          : HwiP_tirtos.oem4f (.text:HwiP_delete)
                  00008dba    0000000e                          : SemaphoreP_tirtos.oem4f (.text:SemaphoreP_delete)
                  00008dc8    0000000e     rtsv7M4_T_le_v4SPD16_eabi.lib : copy_decompress_none.obj (.text:decompress:none)
                  00008dd6    00000002     --HOLE-- [fill = 0]
                  00008dd8    0000000e     sysbios.aem4f : BIOS.obj (.text:pthread_attr_setdetachstate)
                  00008de6    00000002     --HOLE-- [fill = 0]
                  00008de8    0000000e                   : BIOS.obj (.text:sem_wait)
                  00008df6    00000002     --HOLE-- [fill = 0]
                  00008df8    0000000e                   : BIOS.obj (.text:ti_sysbios_knl_Idle_loop__E)
                  00008e06    00000002     --HOLE-- [fill = 0]
                  00008e08    0000000e                   : BIOS.obj (.text:ti_sysbios_knl_Queue_empty__E)
                  00008e16    0000000c     msp432p4xx_driverlib.lib : cpu.o (.text:CPU_cpsid)
                  00008e22    0000000c                              : cpu.o (.text:CPU_cpsie)
                  00008e2e    00000002     --HOLE-- [fill = 0]
                  00008e30    0000000c     drivers_msp432p4xx.aem4f : PowerMSP432.oem4f (.text:Power_getConstraintMask)
                  00008e3c    0000000c                              : PowerMSP432.oem4f (.text:Power_getPerformanceLevel)
                  00008e48    0000000c     msp432p4xx_driverlib.lib : timer_a.o (.text:Timer_A_stopTimer)
                  00008e54    0000000c     rtsv7M4_T_le_v4SPD16_eabi.lib : copy_zero_init.obj (.text:decompress:ZI)
                  00008e60    0000000c     sysbios.aem4f : BIOS.obj (.text:pthread_self)
                  00008e6c    0000000c     release_pem4f.oem4f (.text:ti_sysbios_family_arm_m3_Hwi_Params__init__S)
                  00008e78    0000000c     sysbios.aem4f : BIOS.obj (.text:ti_sysbios_family_arm_m3_Hwi_disableFxn__E)
                  00008e84    00000004     --HOLE-- [fill = 0]
                  00008e88    0000000c                   : BIOS.obj (.text:ti_sysbios_family_arm_m3_TaskSupport_getStackAlignment__E)
                  00008e94    00000004     --HOLE-- [fill = 0]
                  00008e98    0000000c                   : BIOS.obj (.text:ti_sysbios_family_arm_msp432_Timer_getMaxTicks__E)
                  00008ea4    00000004     --HOLE-- [fill = 0]
                  00008ea8    0000000c                   : BIOS.obj (.text:ti_sysbios_gates_GateHwi_enter__E)
                  00008eb4    0000000c     release_pem4f.oem4f (.text:ti_sysbios_knl_Clock_Params__init__S)
                  00008ec0    0000000c     release_pem4f.oem4f (.text:ti_sysbios_knl_Queue_Object__get__S)
                  00008ecc    0000000c     release_pem4f.oem4f (.text:ti_sysbios_knl_Semaphore_Params__init__S)
                  00008ed8    0000000c     release_pem4f.oem4f (.text:ti_sysbios_knl_Task_Params__init__S)
                  00008ee4    00000004     --HOLE-- [fill = 0]
                  00008ee8    0000000c     sysbios.aem4f : BIOS.obj (.text:xdc_runtime_Gate_enterSystem__E)
                  00008ef4    00000004     --HOLE-- [fill = 0]
                  00008ef8    0000000c                   : BIOS.obj (.text:xdc_runtime_Startup_rtsDone__E)
                  00008f04    0000000a     dpl_msp432p4xx.aem4f : ClockP_tirtos.oem4f (.text:ClockP_stop)
                  00008f0e    0000000a                          : SemaphoreP_tirtos.oem4f (.text:SemaphoreP_Params_init)
                  00008f18    0000000a                          : SemaphoreP_tirtos.oem4f (.text:SemaphoreP_post)
                  00008f22    0000000a     msp432p4xx_driverlib.lib : timer32.o (.text:Timer32_clearInterruptFlag)
                  00008f2c    0000000a                              : timer32.o (.text:Timer32_disableInterrupt)
                  00008f36    0000000a                              : timer32.o (.text:Timer32_enableInterrupt)
                  00008f40    0000000a                              : timer32.o (.text:Timer32_haltTimer)
                  00008f4a    0000000a     drivers_msp432p4xx.aem4f : TimerMSP432.oem4f (.text:TimerMSP432_init)
                  00008f54    0000000a                              : Timer.oem4f (.text:Timer_getCount)
                  00008f5e    0000000a                              : Timer.oem4f (.text:Timer_start)
                  00008f68    0000000a                              : Timer.oem4f (.text:Timer_stop)
                  00008f72    0000000a                              : UART.oem4f (.text:UART_close)
                  00008f7c    0000000a                              : UART.oem4f (.text:UART_control)
                  00008f86    0000000a                              : UART.oem4f (.text:UART_read)
                  00008f90    0000000a                              : UART.oem4f (.text:UART_write)
                  00008f9a    00000006                              : TimerMSP432.oem4f (.text:TimerMSP432_Timer_A_control)
                  00008fa0    0000000a     sysbios.aem4f : BIOS.obj (.text:sem_post)
                  00008faa    0000000a     release_pem4f.oem4f (.text:xdc_runtime_IHeap_alloc)
                  00008fb4    0000000a     release_pem4f.oem4f (.text:xdc_runtime_IHeap_free)
                  00008fbe    00000008     dpl_msp432p4xx.aem4f : ClockP_tirtos.oem4f (.text:ClockP_Params_init)
                  00008fc6    00000008     msp432p4xx_driverlib.lib : timer_a.o (.text:Timer_A_startCounter)
                  00008fce    00000002     --HOLE-- [fill = 0]
                  00008fd0    00000008     sysbios.aem4f : BIOS.obj (.text:pthread_attr_setstacksize)
                  00008fd8    00000008     drivers_msp432p4xx.aem4f : UARTMSP432.oem4f (.text:readSemCallback)
                  00008fe0    00000008     sysbios.aem4f : BIOS.obj (.text:ti_sysbios_family_arm_m3_Hwi_doSwiRestore__I)
                  00008fe8    00000008                   : BIOS.obj (.text:ti_sysbios_family_arm_m3_Hwi_startup__E)
                  00008ff0    00000008     drivers_msp432p4xx.aem4f : UARTMSP432.oem4f (.text:txcptEnabledStatus)
                  00008ff8    00000008                              : UARTMSP432.oem4f (.text:writeSemCallback)
                  00009000    00000006     sysbios.aem4f : BIOS.obj (.text:ti_sysbios_family_arm_m3_Hwi_doTaskRestore__I)
                  00009006    00000002     --HOLE-- [fill = 0]
                  00009008    00000006                   : BIOS.obj (.text:ti_sysbios_family_arm_m3_Hwi_restoreFxn__E)
                  0000900e    00000002     --HOLE-- [fill = 0]
                  00009010    00000006                   : BIOS.obj (.text:ti_sysbios_gates_GateHwi_leave__E)
                  00009016    00000002     --HOLE-- [fill = 0]
                  00009018    00000006                   : BIOS.obj (.text:ti_sysbios_heaps_HeapMem_isBlocking__E)
                  0000901e    00000002     --HOLE-- [fill = 0]
                  00009020    00000006                   : BIOS.obj (.text:ti_sysbios_knl_Clock_stop__E)
                  00009026    00000002     --HOLE-- [fill = 0]
                  00009028    00000006                   : BIOS.obj (.text:ti_sysbios_knl_Queue_Instance_init__E)
                  0000902e    00000002     --HOLE-- [fill = 0]
                  00009030    00000006                   : BIOS.obj (.text:ti_sysbios_knl_Swi_startup__E)
                  00009036    00000002     --HOLE-- [fill = 0]
                  00009038    00000006                   : BIOS.obj (.text:xdc_runtime_System_Module_startup__E)
                  0000903e    00000002     --HOLE-- [fill = 0]
                  00009040    00000004                   : BIOS.obj (.text:ti_sysbios_gates_GateHwi_query__E)
                  00009044    00000004     --HOLE-- [fill = 0]
                  00009048    00000004                   : BIOS.obj (.text:ti_sysbios_gates_GateMutex_query__E)
                  0000904c    00000004     --HOLE-- [fill = 0]
                  00009050    00000004                   : BIOS.obj (.text:ti_sysbios_knl_Clock_setTimeout__E)
                  00009054    00000004     --HOLE-- [fill = 0]
                  00009058    00000004                   : BIOS.obj (.text:ti_sysbios_knl_Task_startup__E)
                  0000905c    00000004     --HOLE-- [fill = 0]
                  00009060    00000004                   : BIOS.obj (.text:xdc_runtime_SysCallback_defaultReady)
                  00009064    00000004     --HOLE-- [fill = 0]
                  00009068    00000002                   : BIOS.obj (.text:ti_sysbios_BIOS_linkedWithIncorrectBootLibrary__E)
                  0000906a    00000006     --HOLE-- [fill = 0]
                  00009070    00000002                   : BIOS.obj (.text:ti_sysbios_gates_GateHwi_Instance_init__E)
                  00009072    00000006     --HOLE-- [fill = 0]
                  00009078    00000002                   : BIOS.obj (.text:ti_sysbios_knl_Clock_logTick__E)
                  0000907a    00000006     --HOLE-- [fill = 0]
                  00009080    00000002                   : BIOS.obj (.text:xdc_runtime_SysCallback_defaultAbort)
                  00009082    00000006     --HOLE-- [fill = 0]
                  00009088    00000002                   : BIOS.obj (.text:xdc_runtime_SysCallback_defaultExit)
                  0000908a    00000006     --HOLE-- [fill = 0]
                  00009090    00000002                   : BIOS.obj (.text:xdc_runtime_SysCallback_defaultPutch)
                  00009092    00000006     --HOLE-- [fill = 0]
                  00009098    00000002                   : BIOS.obj (.text:xdc_runtime_System_abortSpin__E)
                  0000909a    00000006     --HOLE-- [fill = 0]
                  000090a0    00000002                   : BIOS.obj (.text:xdc_runtime_System_exitSpin__E)

.const     0    000090a4    00000b21     
                  000090a4    00000101     rtsv7M4_T_le_v4SPD16_eabi.lib : ctype.obj (.const:.string:_ctypes_)
                  000091a5    00000001     display.aem4f : Display.oem4f (.const:Display_defaultParams)
                  000091a6    000000c8     SpO2_PulseRate.obj (.const:$P$T2$1)
                  0000926e    000000c8     SpO2_PulseRate.obj (.const:$P$T3$2)
                  00009336    00000002     release_pem4f.oem4f (.const:ti_sysbios_family_arm_m3_Hwi_Module__id__C)
                  00009338    00000090     MSP_EXP432P401R.obj (.const:uartMSP432Baudrates)
                  000093c8    00000078     MSP_EXP432P401R.obj (.const:uartMSP432HWAttrs)
                  00009440    00000060     rtsv7M4_T_le_v4SPD16_eabi.lib : mktime.obj (.const:$O1$$)
                  000094a0    00000050     drivers_msp432p4xx.aem4f : TimerMSP432.oem4f (.const:timerADividers)
                  000094f0    00000050     MSP_EXP432P401R.obj (.const:timerMSP432HWAttrs)
                  00009540    00000048     release_pem4f.oem4f (.const:.string)
                  00009588    0000003c     MSP_EXP432P401R.obj (.const:ADC_config)
                  000095c4    0000003c     MSP_EXP432P401R.obj (.const:Timer_config)
                  00009600    0000003c     MSP_EXP432P401R.obj (.const:adcMSP432HWAttrs)
                  0000963c    0000003c     release_pem4f.oem4f (.const:ti_sysbios_knl_Task_Object__PARAMS__C)
                  00009678    00000034     release_pem4f.oem4f (.const:ti_sysbios_knl_Mailbox_Object__PARAMS__C)
                  000096ac    00000030     release_pem4f.oem4f (.const:ti_sysbios_family_arm_m3_Hwi_Object__PARAMS__C)
                  000096dc    00000028     drivers_msp432p4xx.aem4f : UARTMSP432.oem4f (.const:UARTMSP432_fxnTable)
                  00009704    00000028     release_pem4f.oem4f (.const:ti_sysbios_heaps_HeapMem_Module__FXNS__C)
                  0000972c    00000024     MSP_EXP432P401R.obj (.const:UART_config)
                  00009750    00000024     drivers_msp432p4xx.aem4f : UART.oem4f (.const:UART_defaultParams)
                  00009774    00000024     release_pem4f.oem4f (.const:ti_sysbios_gates_GateHwi_Module__FXNS__C)
                  00009798    00000024     release_pem4f.oem4f (.const:ti_sysbios_gates_GateMutex_Module__FXNS__C)
                  000097bc    00000024     release_pem4f.oem4f (.const:ti_sysbios_heaps_HeapMem_Object__PARAMS__C)
                  000097e0    00000024     release_pem4f.oem4f (.const:ti_sysbios_knl_Clock_Object__PARAMS__C)
                  00009804    00000024     release_pem4f.oem4f (.const:ti_sysbios_knl_Semaphore_Object__PARAMS__C)
                  00009828    00000024     release_pem4f.oem4f (.const:xdc_runtime_Startup_sfxnTab__A)
                  0000984c    00000020     display.aem4f : DisplayUart.oem4f (.const:DisplayUartMin_fxnTable)
                  0000986c    00000020     drivers_msp432p4xx.aem4f : UARTMSP432.oem4f (.const:staticFxnTable)
                  0000988c    00000020     release_pem4f.oem4f (.const:ti_sysbios_family_arm_m3_Hwi_Object__DESC__C)
                  000098ac    00000020     release_pem4f.oem4f (.const:ti_sysbios_gates_GateHwi_Object__DESC__C)
                  000098cc    00000020     release_pem4f.oem4f (.const:ti_sysbios_gates_GateMutex_Object__DESC__C)
                  000098ec    00000020     release_pem4f.oem4f (.const:ti_sysbios_heaps_HeapMem_Object__DESC__C)
                  0000990c    00000020     release_pem4f.oem4f (.const:ti_sysbios_knl_Clock_Object__DESC__C)
                  0000992c    00000020     release_pem4f.oem4f (.const:ti_sysbios_knl_Mailbox_Object__DESC__C)
                  0000994c    00000020     release_pem4f.oem4f (.const:ti_sysbios_knl_Queue_Object__DESC__C)
                  0000996c    00000020     release_pem4f.oem4f (.const:ti_sysbios_knl_Semaphore_Object__DESC__C)
                  0000998c    00000020     release_pem4f.oem4f (.const:ti_sysbios_knl_Task_Object__DESC__C)
                  000099ac    00000018     drivers_msp432p4xx.aem4f : ADCMSP432.oem4f (.const:ADCMSP432_fxnTable)
                  000099c4    00000018     MSP_EXP432P401R.obj (.const:PowerMSP432_config)
                  000099dc    00000018     release_pem4f.oem4f (.const:ti_sysbios_gates_GateHwi_Object__PARAMS__C)
                  000099f4    00000018     release_pem4f.oem4f (.const:ti_sysbios_gates_GateMutex_Object__PARAMS__C)
                  00009a0c    00000018     release_pem4f.oem4f (.const:ti_sysbios_knl_Queue_Object__PARAMS__C)
                  00009a24    00000014     MSP_EXP432P401R.obj (.const:GPIOMSP432_config)
                  00009a38    00000012     release_pem4f.oem4f (.const:xdc_runtime_Startup_sfxnRts__A)
                  00009a4a    00000002     release_pem4f.oem4f (.const:ti_sysbios_family_arm_msp432_init_Boot_bypassHFXT__C)
                  00009a4c    0000000c     MSP_EXP432P401R.obj (.const:Display_config)
                  00009a58    0000000c     MSP_EXP432P401R.obj (.const)
                  00009a64    0000000c     drivers_msp432p4xx.aem4f : Timer.oem4f (.const:defaultParams)
                  00009a70    0000000c                              : TimerMSP432.oem4f (.const:timer32Dividers)
                  00009a7c    0000000c     release_pem4f.oem4f (.const:xdc_runtime_Startup_firstFxns__A)
                  00009a88    00000008     CC2650_comm.obj (.const:$P$T2$3)
                  00009a90    00000008     CC2650_comm.obj (.const:.string:$P$T3$4)
                  00009a98    00000008     release_pem4f.oem4f (.const:ti_sysbios_knl_Idle_funcList__C)
                  00009aa0    00000008     release_pem4f.oem4f (.const:xdc_runtime_Startup_firstFxns__C)
                  00009aa8    00000008     release_pem4f.oem4f (.const:xdc_runtime_Startup_lastFxns__C)
                  00009ab0    00000006     drivers_msp432p4xx.aem4f : GPIOMSP432.oem4f (.const:.string:interruptType)
                  00009ab6    00000006                              : GPIOMSP432.oem4f (.const:.string:portInterruptIds)
                  00009abc    00000005                              : UARTMSP432.oem4f (.const:.string:parityTypes)
                  00009ac1    00000001     release_pem4f.oem4f (.const:xdc_runtime_Error_policy__C)
                  00009ac2    00000004     drivers_msp432p4xx.aem4f : UARTMSP432.oem4f (.const:stopBits)
                  00009ac6    00000002     release_pem4f.oem4f (.const:ti_sysbios_family_arm_msp432_init_Boot_bypassLFXT__C)
                  00009ac8    00000004     release_pem4f.oem4f (.const:ti_sysbios_family_arm_m3_Hwi_E_alreadyDefined__C)
                  00009acc    00000004     release_pem4f.oem4f (.const:ti_sysbios_family_arm_m3_Hwi_NUM_INTERRUPTS__C)
                  00009ad0    00000004     release_pem4f.oem4f (.const:ti_sysbios_family_arm_m3_Hwi_Object__count__C)
                  00009ad4    00000004     release_pem4f.oem4f (.const:ti_sysbios_family_arm_m3_Hwi_ccr__C)
                  00009ad8    00000004     release_pem4f.oem4f (.const:ti_sysbios_family_arm_m3_Hwi_excHandlerFunc__C)
                  00009adc    00000004     release_pem4f.oem4f (.const:ti_sysbios_family_arm_m3_Hwi_nullIsrFunc__C)
                  00009ae0    00000004     release_pem4f.oem4f (.const:ti_sysbios_family_arm_m3_Hwi_priGroup__C)
                  00009ae4    00000004     release_pem4f.oem4f (.const:ti_sysbios_family_arm_m3_Hwi_swiDisable__C)
                  00009ae8    00000004     release_pem4f.oem4f (.const:ti_sysbios_family_arm_m3_Hwi_swiRestoreHwi__C)
                  00009aec    00000004     release_pem4f.oem4f (.const:ti_sysbios_family_arm_m3_TaskSupport_stackAlignment__C)
                  00009af0    00000004     release_pem4f.oem4f (.const:ti_sysbios_family_arm_msp432_Timer_numTimerDevices__C)
                  00009af4    00000004     release_pem4f.oem4f (.const:ti_sysbios_family_arm_msp432_Timer_startupNeeded__C)
                  00009af8    00000004     release_pem4f.oem4f (.const:ti_sysbios_gates_GateMutex_Instance_State_sem__O)
                  00009afc    00000004     release_pem4f.oem4f (.const:ti_sysbios_heaps_HeapMem_E_memory__C)
                  00009b00    00000004     release_pem4f.oem4f (.const:ti_sysbios_heaps_HeapMem_Module__gateObj__C)
                  00009b04    00000004     release_pem4f.oem4f (.const:ti_sysbios_heaps_HeapMem_Object__count__C)
                  00009b08    00000004     release_pem4f.oem4f (.const:ti_sysbios_heaps_HeapMem_primaryHeapBaseAddr__C)
                  00009b0c    00000004     release_pem4f.oem4f (.const:ti_sysbios_heaps_HeapMem_primaryHeapEndAddr__C)
                  00009b10    00000004     release_pem4f.oem4f (.const:ti_sysbios_heaps_HeapMem_reqAlign__C)
                  00009b14    00000004     release_pem4f.oem4f (.const:ti_sysbios_knl_Clock_Module_State_clockQ__O)
                  00009b18    00000004     release_pem4f.oem4f (.const:ti_sysbios_knl_Clock_tickPeriod__C)
                  00009b1c    00000004     release_pem4f.oem4f (.const:ti_sysbios_knl_Idle_funcList__A)
                  00009b20    00000004     release_pem4f.oem4f (.const:ti_sysbios_knl_Mailbox_Instance_State_dataQue__O)
                  00009b24    00000004     release_pem4f.oem4f (.const:ti_sysbios_knl_Mailbox_Instance_State_dataSem__O)
                  00009b28    00000004     release_pem4f.oem4f (.const:ti_sysbios_knl_Mailbox_Instance_State_freeQue__O)
                  00009b2c    00000004     release_pem4f.oem4f (.const:ti_sysbios_knl_Mailbox_Instance_State_freeSem__O)
                  00009b30    00000004     release_pem4f.oem4f (.const:ti_sysbios_knl_Mailbox_Object__count__C)
                  00009b34    00000004     release_pem4f.oem4f (.const:ti_sysbios_knl_Mailbox_maxTypeAlign__C)
                  00009b38    00000004     release_pem4f.oem4f (.const:ti_sysbios_knl_Semaphore_Instance_State_pendQ__O)
                  00009b3c    00000004     release_pem4f.oem4f (.const:ti_sysbios_knl_Swi_Object__count__C)
                  00009b40    00000004     release_pem4f.oem4f (.const:ti_sysbios_knl_Task_Module_State_inactiveQ__O)
                  00009b44    00000004     release_pem4f.oem4f (.const:ti_sysbios_knl_Task_Object__count__C)
                  00009b48    00000004     release_pem4f.oem4f (.const:ti_sysbios_knl_Task_Object__heap__C)
                  00009b4c    00000004     release_pem4f.oem4f (.const:ti_sysbios_knl_Task_allBlockedFunc__C)
                  00009b50    00000004     release_pem4f.oem4f (.const:ti_sysbios_knl_Task_defaultStackHeap__C)
                  00009b54    00000004     release_pem4f.oem4f (.const:ti_sysbios_knl_Task_defaultStackSize__C)
                  00009b58    00000004     release_pem4f.oem4f (.const:ti_sysbios_knl_Task_numConstructedTasks__C)
                  00009b5c    00000004     release_pem4f.oem4f (.const:xdc_runtime_Error_E_memory__C)
                  00009b60    00000004     release_pem4f.oem4f (.const:xdc_runtime_Error_policyFxn__C)
                  00009b64    00000004     release_pem4f.oem4f (.const:xdc_runtime_IGateProvider_Interface__BASE__C)
                  00009b68    00000004     release_pem4f.oem4f (.const:xdc_runtime_IHeap_Interface__BASE__C)
                  00009b6c    00000004     release_pem4f.oem4f (.const:xdc_runtime_IModule_Interface__BASE__C)
                  00009b70    00000004     release_pem4f.oem4f (.const:xdc_runtime_Memory_defaultHeapInstance__C)
                  00009b74    00000004     release_pem4f.oem4f (.const:xdc_runtime_Startup_execImpl__C)
                  00009b78    00000004     release_pem4f.oem4f (.const:xdc_runtime_Startup_maxPasses__C)
                  00009b7c    00000004     release_pem4f.oem4f (.const:xdc_runtime_Startup_sfxnRts__C)
                  00009b80    00000004     release_pem4f.oem4f (.const:xdc_runtime_Startup_sfxnTab__C)
                  00009b84    00000004     release_pem4f.oem4f (.const:xdc_runtime_SysCallback_abortFxn__C)
                  00009b88    00000004     release_pem4f.oem4f (.const:xdc_runtime_SysCallback_exitFxn__C)
                  00009b8c    00000004     release_pem4f.oem4f (.const:xdc_runtime_SysCallback_putchFxn__C)
                  00009b90    00000004     release_pem4f.oem4f (.const:xdc_runtime_SysCallback_readyFxn__C)
                  00009b94    00000004     release_pem4f.oem4f (.const:xdc_runtime_System_Module__gateObj__C)
                  00009b98    00000004     release_pem4f.oem4f (.const:xdc_runtime_System_abortFxn__C)
                  00009b9c    00000004     release_pem4f.oem4f (.const:xdc_runtime_System_exitFxn__C)
                  00009ba0    00000004     release_pem4f.oem4f (.const:xdc_runtime_System_extendFxn__C)
                  00009ba4    00000004     release_pem4f.oem4f (.const:xdc_runtime_System_maxAtexitHandlers__C)
                  00009ba8    00000004     release_pem4f.oem4f (.const:xdc_runtime_Text_charTab__C)
                  00009bac    00000004     release_pem4f.oem4f (.const:xdc_runtime_Text_nameEmpty__C)
                  00009bb0    00000004     release_pem4f.oem4f (.const:xdc_runtime_Text_nameStatic__C)
                  00009bb4    00000004     release_pem4f.oem4f (.const:xdc_runtime_Text_nameUnknown__C)
                  00009bb8    00000002     release_pem4f.oem4f (.const:ti_sysbios_family_arm_msp432_init_Boot_enableHFXT__C)
                  00009bba    00000002     release_pem4f.oem4f (.const:ti_sysbios_family_arm_msp432_init_Boot_enableLFXT__C)
                  00009bbc    00000002     release_pem4f.oem4f (.const:ti_sysbios_heaps_HeapMem_Module__id__C)
                  00009bbe    00000002     release_pem4f.oem4f (.const:xdc_runtime_Memory_Module__id__C)
                  00009bc0    00000002     release_pem4f.oem4f (.const:xdc_runtime_Text_charCnt__C)
                  00009bc2    00000002     release_pem4f.oem4f (.const:xdc_runtime_Text_isLoaded__C)
                  00009bc4    00000001     release_pem4f.oem4f (.const:xdc_runtime_Text_charTab__A)

.cinit     0    00009bc8    000002a8     
                  00009bc8    0000027f     (.cinit..data.load) [load image, compression = lzss]
                  00009e47    00000001     --HOLE-- [fill = 0]
                  00009e48    0000000c     (__TI_handler_table)
                  00009e54    00000004     --HOLE-- [fill = 0]
                  00009e58    00000008     (.cinit..bss.load) [load image, compression = zero_init]
                  00009e60    00000010     (__TI_cinit_table)

.init_array 
*          0    00000000    00000000     UNINITIALIZED

.bss       0    20008140    00000ae7     UNINITIALIZED
                  20008140    00000400     MSP_EXP432P401R.obj (.bss:displayBuf)
                  20008540    00000200     release_pem4f.oem4f (.bss:taskStackSection)
                  20008740    00000180     (.common:uartMSP432Objects)
                  200088c0    00000140     (.common:ti_sysbios_family_arm_m3_Hwi_dispatchTable)
                  20008a00    000000b4     (.common:timerMSP432Objects)
                  20008ab4    00000060     (.common:uartMSP432RingBuffer)
                  20008b14    00000030     drivers_msp432p4xx.aem4f : GPIOMSP432.oem4f (.bss:gpioCallbackInfo)
                  20008b44    00000024     (.common:ir)
                  20008b68    00000024     (.common:red)
                  20008b8c    0000001c     (.common:UartAck)
                  20008ba8    0000001c     (.common:newWaveChar)
                  20008bc4    0000001c     (.common:sysHold)
                  20008be0    0000000c     (.common:adcMSP432Objects)
                  20008bec    0000000c     (.common:displayUartObject)
                  20008bf8    00000008     (.common:UartRxBuffer)
                  20008c00    00000008     (.common:UartTxBuffer)
                  20008c08    00000004     (.common:BTTimerHandle)
                  20008c0c    00000004     (.common:PRTimerHandle)
                  20008c10    00000004     (.common:btnTimerHandle)
                  20008c14    00000004     (.common:comm_mqdes)
                  20008c18    00000004     (.common:display)
                  20008c1c    00000004     (.common:uart_CC2650)
                  20008c20    00000002     (.common:G_BattLevel)
                  20008c22    00000002     (.common:G_PulseRate)
                  20008c24    00000002     (.common:G_SpO2)
                  20008c26    00000001     (.common:G_ResendCount)

.data      0    20008c28    00000614     UNINITIALIZED
                  20008c28    000000d0     drivers_msp432p4xx.aem4f : PowerMSP432.oem4f (.data:PowerMSP432_perfLevels)
                  20008cf8    00000080     release_pem4f.oem4f (.data:ti_sysbios_knl_Swi_Module_State_0_readyQ__A)
                  20008d78    00000080     release_pem4f.oem4f (.data:ti_sysbios_knl_Task_Module_State_0_readyQ__A)
                  20008df8    0000004c     release_pem4f.oem4f (.data:ti_sysbios_family_arm_msp432_Timer_Object__table__V)
                  20008e44    0000004c     release_pem4f.oem4f (.data:ti_sysbios_knl_Task_Object__table__V)
                  20008e90    00000044     sysbios.aem4f : BIOS.obj (.data:$O1$$)
                  20008ed4    00000044     release_pem4f.oem4f (.data:ti_sysbios_knl_Task_Module__state__V)
                  20008f18    0000003c     MSP_EXP432P401R.obj (.data:gpioPinConfigs)
                  20008f54    00000038     release_pem4f.oem4f (.data:ti_sysbios_gates_GateMutex_Object__table__V)
                  20008f8c    00000034     release_pem4f.oem4f (.data:ti_sysbios_family_arm_m3_Hwi_Module__state__V)
                  20008fc0    00000030     release_pem4f.oem4f (.data:ti_sysbios_knl_Swi_Object__table__V)
                  20008ff0    0000002c     drivers_msp432p4xx.aem4f : PowerMSP432.oem4f (.data:PowerMSP432_module)
                  2000901c    0000002c     release_pem4f.oem4f (.data:ti_sysbios_knl_Clock_Module__state__V)
                  20009048    00000024     release_pem4f.oem4f (.data:ti_sysbios_BIOS_Module__state__V)
                  2000906c    00000020     release_pem4f.oem4f (.data:ti_sysbios_family_arm_msp432_Timer_Module_State_0_device__A)
                  2000908c    00000020     release_pem4f.oem4f (.data:xdc_runtime_Error_IgnoreBlock)
                  200090ac    0000001c     drivers_msp432p4xx.aem4f : TimerMSP432.oem4f (.data:TimerMSP432_Timer32_fxnTable)
                  200090c8    0000001c                              : TimerMSP432.oem4f (.data:TimerMSP432_Timer_A_fxnTable)
                  200090e4    0000001c     release_pem4f.oem4f (.data:ti_sysbios_knl_Swi_Module__state__V)
                  20009100    00000018     release_pem4f.oem4f (.data:ti_sysbios_family_arm_m3_Hwi_Object__table__V)
                  20009118    00000018     release_pem4f.oem4f (.data:ti_sysbios_heaps_HeapMem_Object__table__V)
                  20009130    00000018     drivers_msp432p4xx.aem4f : TimerMSP432.oem4f (.data:upConfig)
                  20009148    00000014     MSP_EXP432P401R.obj (.data:displayUartHWAttrs)
                  2000915c    00000010     rtsv7M4_T_le_v4SPD16_eabi.lib : tmzone.obj (.data:_tz)
                  2000916c    00000010     release_pem4f.oem4f (.data:ti_sysbios_family_arm_msp432_Timer_Module_State_0_handles__A)
                  2000917c    0000000c     release_pem4f.oem4f (.data:ti_sysbios_family_arm_msp432_ClockFreqs_Module__state__V)
                  20009188    0000000c     release_pem4f.oem4f (.data:ti_sysbios_family_arm_msp432_Timer_Module__state__V)
                  20009194    00000009     main_tirtos.obj (.data)
                  2000919d    00000001     CC2650_comm.obj (.data)
                  2000919e    00000002     release_pem4f.oem4f (.data:ti_sysbios_family_arm_m3_Hwi_Module_State_0_excActive__A)
                  200091a0    00000008     rtsv7M4_T_le_v4SPD16_eabi.lib : _lock.obj (.data:$O1$$)
                  200091a8    00000008     drivers_msp432p4xx.aem4f : ADCMSP432.oem4f (.data)
                  200091b0    00000008     MSP_EXP432P401R.obj (.data:gpioCallbackFunctions)
                  200091b8    00000008     release_pem4f.oem4f (.data:ti_sysbios_family_arm_m3_Hwi_Module__root__V)
                  200091c0    00000008     release_pem4f.oem4f (.data:ti_sysbios_gates_GateHwi_Module__root__V)
                  200091c8    00000008     release_pem4f.oem4f (.data:ti_sysbios_gates_GateMutex_Module__root__V)
                  200091d0    00000008     release_pem4f.oem4f (.data:ti_sysbios_heaps_HeapMem_Module__root__V)
                  200091d8    00000008     release_pem4f.oem4f (.data:ti_sysbios_knl_Clock_Module__root__V)
                  200091e0    00000008     release_pem4f.oem4f (.data:ti_sysbios_knl_Mailbox_Module__root__V)
                  200091e8    00000008     release_pem4f.oem4f (.data:ti_sysbios_knl_Queue_Module__root__V)
                  200091f0    00000008     release_pem4f.oem4f (.data:ti_sysbios_knl_Semaphore_Module__root__V)
                  200091f8    00000008     release_pem4f.oem4f (.data:ti_sysbios_knl_Task_Module__root__V)
                  20009200    00000008     release_pem4f.oem4f (.data:xdc_runtime_Startup_Module__state__V)
                  20009208    00000008     release_pem4f.oem4f (.data:xdc_runtime_System_Module_State_0_atexitHandlers__A)
                  20009210    00000008     release_pem4f.oem4f (.data:xdc_runtime_System_Module__state__V)
                  20009218    00000004     UserInterface.obj (.data)
                  2000921c    00000004     rtsv7M4_T_le_v4SPD16_eabi.lib : errno.obj (.data)
                  20009220    00000004                                   : stkdepth_vars.obj (.data)
                  20009224    00000004     release_pem4f.oem4f (.data:ti_sysbios_family_arm_m3_Hwi_Module_State_0_excContext__A)
                  20009228    00000004     release_pem4f.oem4f (.data:ti_sysbios_family_arm_m3_Hwi_Module_State_0_excStack__A)
                  2000922c    00000004     release_pem4f.oem4f (.data:ti_sysbios_gates_GateHwi_Object__table__V)
                  20009230    00000004     release_pem4f.oem4f (.data:ti_sysbios_knl_Task_Module_State_0_idleTask__A)
                  20009234    00000004     release_pem4f.oem4f (.data:xdc_runtime_Memory_Module__state__V)
                  20009238    00000001     drivers_msp432p4xx.aem4f : ADC.oem4f (.data)
                  20009239    00000001                              : GPIOMSP432.oem4f (.data)
                  2000923a    00000001                              : Timer.oem4f (.data)
                  2000923b    00000001                              : UART.oem4f (.data)

.priheap   0    20000140    00008000     UNINITIALIZED
                  20000140    00008000     --HOLE--

.stack     0    2000fc00    00000400     UNINITIALIZED
                  2000fc00    00000400     --HOLE--

.bootVecs 
*          0    00000000    00000008     DSECT
                  00000000    00000008     boot.aem4f : boot.oem4f (.bootVecs)

.resetVecs 
*          0    00000000    0000003c     
                  00000000    0000003c     release_pem4f.oem4f (.resetVecs)

.vecs      0    20000000    00000140     NOLOAD SECTION
                  20000000    00000140     release_pem4f.oem4f (.vecs)

xdc.meta   0    00000000    00000102     COPY SECTION
                  00000000    00000102     release_pem4f.oem4f (xdc.meta)

xdc.noload 
*          0    00000000    00000000     COPY SECTION

.binit     0    00000000    00000000     

MODULE SUMMARY

       Module                     code    ro data   rw data
       ------                     ----    -------   -------
    .\
       MSP_EXP432P401R.obj        0       628       1796   
       main_tirtos.obj            368     0         212    
    +--+--------------------------+-------+---------+---------+
       Total:                     368     628       2008   
                                                           
    .\OxiSc_Modules\
       CC2650_comm.obj            1854    16        1      
       SpO2_PulseRate.obj         1068    400       0      
       UserInterface.obj          256     0         4      
       BattMonitor.obj            92      0         0      
       OxiSc_Util.obj             86      0         0      
    +--+--------------------------+-------+---------+---------+
       Total:                     3356    416       5      
                                                           
    C:\Users\david\workspace_v7\tirtos_builds_MSP_EXP432P401R_release_ccs\Debug\configPkg\package\cfg\
       release_pem4f.oem4f        1906    1222      2162   
    +--+--------------------------+-------+---------+---------+
       Total:                     1906    1222      2162   
                                                           
    C:/ti/simplelink_msp432_sdk_1_30_00_40/kernel/tirtos/packages/ti/dpl/lib/dpl_msp432p4xx.aem4f
       PowerMSP432_tirtos.oem4f   126     0         0      
       SemaphoreP_tirtos.oem4f    116     0         0      
       ClockP_tirtos.oem4f        110     0         0      
       HwiP_tirtos.oem4f          108     0         0      
[...]
00008ee9  xdc_runtime_Gate_enterSystem__E                             
00008ef9  xdc_runtime_Startup_rtsDone__E                              
00008f05  ClockP_stop                                                 
00008f05  ClockP_stopFromISR                                          
00008f0f  SemaphoreP_Params_init                                      
00008f19  SemaphoreP_post                                             
00008f19  SemaphoreP_postFromClock                                    
00008f23  Timer32_clearInterruptFlag                                  
00008f2d  Timer32_disableInterrupt                                    
00008f37  Timer32_enableInterrupt                                     
00008f41  Timer32_haltTimer                                           
00008f4b  TimerMSP432_init                                            
00008f55  Timer_getCount                                              
00008f5f  Timer_start                                                 
00008f69  Timer_stop                                                  
00008f73  UART_close                                                  
00008f7d  UART_control                                                
00008f87  UART_read                                                   
00008f91  UART_write                                                  
00008f9b  TimerMSP432_Timer_A_control                                 
00008fa1  sem_post                                                    
00008fab  xdc_runtime_Memory_HeapProxy_alloc__E                       
00008fb5  xdc_runtime_Memory_HeapProxy_free__E                        
00008fbf  ClockP_Params_init                                          
00008fc7  Timer_A_startCounter                                        
00008fd1  pthread_attr_setstacksize                                   
00008fe1  ti_sysbios_family_arm_m3_Hwi_doSwiRestore__I                
00008fe9  ti_sysbios_family_arm_m3_Hwi_startup__E                     
00008fe9  ti_sysbios_hal_Hwi_HwiProxy_startup__E                      
00009001  ti_sysbios_family_arm_m3_Hwi_doTaskRestore__I               
00009009  HwiP_restore                                                
00009009  ti_sysbios_family_arm_m3_Hwi_restoreFxn__E                  
00009009  ti_sysbios_hal_Hwi_HwiProxy_restore__E                      
00009011  ti_sysbios_gates_GateHwi_leave__E                           
00009019  ti_sysbios_heaps_HeapMem_isBlocking__E                      
00009021  ti_sysbios_knl_Clock_stop__E                                
00009029  ti_sysbios_knl_Queue_Instance_init__E                       
00009031  ti_sysbios_knl_Swi_startup__E                               
00009039  xdc_runtime_System_Module_startup__E                        
00009041  ti_sysbios_gates_GateHwi_query__E                           
00009041  xdc_runtime_Main_Module_GateProxy_query__E                  
00009041  xdc_runtime_System_Module_GateProxy_query__E                
00009049  ti_sysbios_BIOS_RtsGateProxy_query__E                       
00009049  ti_sysbios_gates_GateMutex_query__E                         
00009049  ti_sysbios_heaps_HeapMem_Module_GateProxy_query__E          
00009051  ti_sysbios_knl_Clock_setTimeout__E                          
00009059  ti_sysbios_knl_Task_startup__E                              
00009061  xdc_runtime_SysCallback_defaultReady                        
00009069  ti_sysbios_BIOS_linkedWithIncorrectBootLibrary__E           
00009071  ti_sysbios_gates_GateHwi_Instance_init__E                   
00009079  ti_sysbios_knl_Clock_logTick__E                             
00009081  xdc_runtime_SysCallback_defaultAbort                        
00009089  xdc_runtime_SysCallback_defaultExit                         
00009091  xdc_runtime_SysCallback_defaultPutch                        
00009099  xdc_runtime_System_abortSpin__E                             
000090a1  xdc_runtime_System_exitSpin__E                              
000090a4  _ctypes_                                                    
000091a5  Display_defaultParams                                       
00009336  ti_sysbios_family_arm_m3_Hwi_Module__id__C                  
00009338  uartMSP432Baudrates                                         
000093c8  uartMSP432HWAttrs                                           
000094f0  timerMSP432HWAttrs                                          
00009588  ADC_config                                                  
000095c4  Timer_config                                                
00009600  adcMSP432HWAttrs                                            
0000963c  ti_sysbios_knl_Task_Object__PARAMS__C                       
00009678  ti_sysbios_knl_Mailbox_Object__PARAMS__C                    
000096ac  ti_sysbios_family_arm_m3_Hwi_Object__PARAMS__C              
000096dc  UARTMSP432_fxnTable                                         
00009704  ti_sysbios_heaps_HeapMem_Module__FXNS__C                    
0000972c  UART_config                                                 
00009750  UART_defaultParams                                          
00009774  ti_sysbios_gates_GateHwi_Module__FXNS__C                    
00009798  ti_sysbios_gates_GateMutex_Module__FXNS__C                  
000097bc  ti_sysbios_heaps_HeapMem_Object__PARAMS__C                  
000097e0  ti_sysbios_knl_Clock_Object__PARAMS__C                      
00009804  ti_sysbios_knl_Semaphore_Object__PARAMS__C                  
00009828  xdc_runtime_Startup_sfxnTab__A                              
0000984c  DisplayUartMin_fxnTable                                     
0000988c  ti_sysbios_family_arm_m3_Hwi_Object__DESC__C                
000098ac  ti_sysbios_gates_GateHwi_Object__DESC__C                    
000098cc  ti_sysbios_gates_GateMutex_Object__DESC__C                  
000098ec  ti_sysbios_heaps_HeapMem_Object__DESC__C                    
0000990c  ti_sysbios_knl_Clock_Object__DESC__C                        
0000992c  ti_sysbios_knl_Mailbox_Object__DESC__C                      
0000994c  ti_sysbios_knl_Queue_Object__DESC__C                        
0000996c  ti_sysbios_knl_Semaphore_Object__DESC__C                    
0000998c  ti_sysbios_knl_Task_Object__DESC__C                         
000099ac  ADCMSP432_fxnTable                                          
000099c4  PowerMSP432_config                                          
000099dc  ti_sysbios_gates_GateHwi_Object__PARAMS__C                  
000099f4  ti_sysbios_gates_GateMutex_Object__PARAMS__C                
00009a0c  ti_sysbios_knl_Queue_Object__PARAMS__C                      
00009a24  GPIOMSP432_config                                           
00009a38  xdc_runtime_Startup_sfxnRts__A                              
00009a4a  ti_sysbios_family_arm_msp432_init_Boot_bypassHFXT__C        
00009a4c  Display_config                                              
00009a58  ADC_count                                                   
00009a59  ADCBuf_count                                                
00009a5a  Capture_count                                               
00009a5b  Display_count                                               
00009a5c  I2C_count                                                   
00009a5d  I2CSlave_count                                              
00009a5e  PWM_count                                                   
00009a5f  SDSPI_count                                                 
00009a60  SPI_count                                                   
00009a61  Timer_count                                                 
00009a62  UART_count                                                  
00009a63  Watchdog_count                                              
00009a7c  xdc_runtime_Startup_firstFxns__A                            
00009a98  ti_sysbios_knl_Idle_funcList__C                             
00009aa0  xdc_runtime_Startup_firstFxns__C                            
00009aa8  xdc_runtime_Startup_lastFxns__C                             
00009ac1  xdc_runtime_Error_policy__C                                 
00009ac6  ti_sysbios_family_arm_msp432_init_Boot_bypassLFXT__C        
00009ac8  ti_sysbios_family_arm_m3_Hwi_E_alreadyDefined__C            
00009acc  ti_sysbios_family_arm_m3_Hwi_NUM_INTERRUPTS__C              
00009ad0  ti_sysbios_family_arm_m3_Hwi_Object__count__C               
00009ad4  ti_sysbios_family_arm_m3_Hwi_ccr__C                         
00009ad8  ti_sysbios_family_arm_m3_Hwi_excHandlerFunc__C              
00009adc  ti_sysbios_family_arm_m3_Hwi_nullIsrFunc__C                 
00009ae0  ti_sysbios_family_arm_m3_Hwi_priGroup__C                    
00009ae4  ti_sysbios_family_arm_m3_Hwi_swiDisable__C                  
00009ae8  ti_sysbios_family_arm_m3_Hwi_swiRestoreHwi__C               
00009aec  ti_sysbios_family_arm_m3_TaskSupport_stackAlignment__C      
00009af0  ti_sysbios_family_arm_msp432_Timer_numTimerDevices__C       
00009af4  ti_sysbios_family_arm_msp432_Timer_startupNeeded__C         
00009af8  ti_sysbios_gates_GateMutex_Instance_State_sem__O            
00009afc  ti_sysbios_heaps_HeapMem_E_memory__C                        
00009b00  ti_sysbios_heaps_HeapMem_Module__gateObj__C                 
00009b04  ti_sysbios_heaps_HeapMem_Object__count__C                   
00009b08  ti_sysbios_heaps_HeapMem_primaryHeapBaseAddr__C             
00009b0c  ti_sysbios_heaps_HeapMem_primaryHeapEndAddr__C              
00009b10  ti_sysbios_heaps_HeapMem_reqAlign__C                        
00009b14  ti_sysbios_knl_Clock_Module_State_clockQ__O                 
00009b18  ti_sysbios_knl_Clock_tickPeriod__C                          
00009b1c  ti_sysbios_knl_Idle_funcList__A                             
00009b20  ti_sysbios_knl_Mailbox_Instance_State_dataQue__O            
00009b24  ti_sysbios_knl_Mailbox_Instance_State_dataSem__O            
00009b28  ti_sysbios_knl_Mailbox_Instance_State_freeQue__O            
00009b2c  ti_sysbios_knl_Mailbox_Instance_State_freeSem__O            
00009b30  ti_sysbios_knl_Mailbox_Object__count__C                     
00009b34  ti_sysbios_knl_Mailbox_maxTypeAlign__C                      
00009b38  ti_sysbios_knl_Semaphore_Instance_State_pendQ__O            
00009b3c  ti_sysbios_knl_Swi_Object__count__C                         
00009b40  ti_sysbios_knl_Task_Module_State_inactiveQ__O               
00009b44  ti_sysbios_knl_Task_Object__count__C                        
00009b48  ti_sysbios_knl_Task_Object__heap__C                         
00009b4c  ti_sysbios_knl_Task_allBlockedFunc__C                       
00009b50  ti_sysbios_knl_Task_defaultStackHeap__C                     
00009b54  ti_sysbios_knl_Task_defaultStackSize__C                     
00009b58  ti_sysbios_knl_Task_numConstructedTasks__C                  
00009b5c  xdc_runtime_Error_E_memory__C                               
00009b60  xdc_runtime_Error_policyFxn__C                              
00009b64  xdc_runtime_IGateProvider_Interface__BASE__C                
00009b68  xdc_runtime_IHeap_Interface__BASE__C                        
00009b6c  xdc_runtime_IModule_Interface__BASE__C                      
00009b70  xdc_runtime_Memory_defaultHeapInstance__C                   
00009b74  xdc_runtime_Startup_execImpl__C                             
00009b78  xdc_runtime_Startup_maxPasses__C                            
00009b7c  xdc_runtime_Startup_sfxnRts__C                              
00009b80  xdc_runtime_Startup_sfxnTab__C                              
00009b84  xdc_runtime_SysCallback_abortFxn__C                         
00009b88  xdc_runtime_SysCallback_exitFxn__C                          
00009b8c  xdc_runtime_SysCallback_putchFxn__C                         
00009b90  xdc_runtime_SysCallback_readyFxn__C                         
00009b94  xdc_runtime_System_Module__gateObj__C                       
00009b98  xdc_runtime_System_abortFxn__C                              
00009b9c  xdc_runtime_System_exitFxn__C                               
00009ba0  xdc_runtime_System_extendFxn__C                             
00009ba4  xdc_runtime_System_maxAtexitHandlers__C                     
00009ba8  xdc_runtime_Text_charTab__C                                 
00009bac  xdc_runtime_Text_nameEmpty__C                               
00009bb0  xdc_runtime_Text_nameStatic__C                              
00009bb4  xdc_runtime_Text_nameUnknown__C                             
00009bb8  ti_sysbios_family_arm_msp432_init_Boot_enableHFXT__C        
00009bba  ti_sysbios_family_arm_msp432_init_Boot_enableLFXT__C        
00009bbc  ti_sysbios_heaps_HeapMem_Module__id__C                      
00009bbe  xdc_runtime_Memory_Module__id__C                            
00009bc0  xdc_runtime_Text_charCnt__C                                 
00009bc2  xdc_runtime_Text_isLoaded__C                                
00009bc4  xdc_runtime_Text_charTab__A                                 
00009bc8  __TI_static_base__                                          
00009e48  __TI_Handler_Table_Base                                     
00009e54  __TI_Handler_Table_Limit                                    
00009e60  __TI_CINIT_Base                                             
00009e70  __TI_CINIT_Limit                                            
20000000  ti_sysbios_family_arm_m3_Hwi_ramVectors                     
20000140  __primary_heap_start__                                      
20008140  __primary_heap_end__                                        
20008540  ti_sysbios_knl_Task_Instance_State_0_stack__A               
20008740  uartMSP432Objects                                           
200088c0  ti_sysbios_family_arm_m3_Hwi_dispatchTable                  
20008a00  timerMSP432Objects                                          
20008ab4  uartMSP432RingBuffer                                        
20008b44  ir                                                          
20008b68  red                                                         
20008b8c  UartAck                                                     
20008ba8  newWaveChar                                                 
20008bc4  sysHold                                                     
20008be0  adcMSP432Objects                                            
20008bec  displayUartObject                                           
20008bf8  UartRxBuffer                                                
20008c00  UartTxBuffer                                                
20008c08  BTTimerHandle                                               
20008c0c  PRTimerHandle                                               
20008c10  btnTimerHandle                                              
20008c14  comm_mqdes                                                  
20008c18  display                                                     
20008c1c  uart_CC2650                                                 
20008c20  G_BattLevel                                                 
20008c22  G_PulseRate                                                 
20008c24  G_SpO2                                                      
20008c26  G_ResendCount                                               
20008c28  PowerMSP432_perfLevels                                      
20008cf8  ti_sysbios_knl_Swi_Module_State_0_readyQ__A                 
20008d78  ti_sysbios_knl_Task_Module_State_0_readyQ__A                
20008df8  ti_sysbios_family_arm_msp432_Timer_Object__table__V         
20008e44  ti_sysbios_knl_Task_Object__table__V                        
20008ed4  ti_sysbios_knl_Task_Module__state__V                        
20008f18  gpioPinConfigs                                              
20008f54  ti_sysbios_gates_GateMutex_Object__table__V                 
20008f8c  ti_sysbios_family_arm_m3_Hwi_Module__state__V               
20008fc0  ti_sysbios_knl_Swi_Object__table__V                         
20008ff0  PowerMSP432_module                                          
2000901c  ti_sysbios_knl_Clock_Module__state__V                       
20009048  ti_sysbios_BIOS_Module__state__V                            
2000906c  ti_sysbios_family_arm_msp432_Timer_Module_State_0_device__A 
2000908c  xdc_runtime_Error_IgnoreBlock                               
200090ac  TimerMSP432_Timer32_fxnTable                                
200090c8  TimerMSP432_Timer_A_fxnTable                                
200090e4  ti_sysbios_knl_Swi_Module__state__V                         
20009100  ti_sysbios_family_arm_m3_Hwi_Object__table__V               
20009118  ti_sysbios_heaps_HeapMem_Object__table__V                   
20009148  displayUartHWAttrs                                          
2000915c  _tz                                                         
2000916c  ti_sysbios_family_arm_msp432_Timer_Module_State_0_handles__A
2000917c  ti_sysbios_family_arm_msp432_ClockFreqs_Module__state__V    
20009188  ti_sysbios_family_arm_msp432_Timer_Module__state__V         
20009194  G_LightAquisTime                                            
20009198  G_SysCount                                                  
2000919c  testAction                                                  
2000919e  ti_sysbios_family_arm_m3_Hwi_Module_State_0_excActive__A    
200091a0  _lock                                                       
200091a4  _unlock                                                     
200091b0  gpioCallbackFunctions                                       
200091b8  ti_sysbios_family_arm_m3_Hwi_Module__root__V                
200091c0  ti_sysbios_gates_GateHwi_Module__root__V                    
200091c8  ti_sysbios_gates_GateMutex_Module__root__V                  
200091d0  ti_sysbios_heaps_HeapMem_Module__root__V                    
200091d8  ti_sysbios_knl_Clock_Module__root__V                        
200091e0  ti_sysbios_knl_Mailbox_Module__root__V                      
200091e8  ti_sysbios_knl_Queue_Module__root__V                        
200091f0  ti_sysbios_knl_Semaphore_Module__root__V                    
200091f8  ti_sysbios_knl_Task_Module__root__V                         
20009200  xdc_runtime_Startup_Module__state__V                        
20009208  xdc_runtime_System_Module_State_0_atexitHandlers__A         
20009210  xdc_runtime_System_Module__state__V                         
2000921c  errno                                                       
20009220  main_func_sp                                                
20009224  ti_sysbios_family_arm_m3_Hwi_Module_State_0_excContext__A   
20009228  ti_sysbios_family_arm_m3_Hwi_Module_State_0_excStack__A     
2000922c  ti_sysbios_gates_GateHwi_Object__table__V                   
20009230  ti_sysbios_knl_Task_Module_State_0_idleTask__A              
20009234  xdc_runtime_Memory_Module__state__V                         
2000fc00  __stack                                                     
20010000  __STACK_END                                                 
4000480c  WDTCTL_SYM                                                  
e000e000  ti_sysbios_family_arm_m3_Hwi_nvic                           
ffffffff  __TI_pprof_out_hndl                                         
ffffffff  __TI_prof_data_size                                         
ffffffff  __TI_prof_data_start                                        
ffffffff  __binit__                                                   
ffffffff  __c_args__                                                  
ffffffff  binit                                                       
UNDEFED   SHT$$INIT_ARRAY$$Base                                       
UNDEFED   SHT$$INIT_ARRAY$$Limit                                      

[698 symbols]
